
running 1 test
quota_trace,arithmetic,100000,24000,1.924147927,[24001, 48000, 21333, 1334, 1333, 3999, 0, 0, 0, 0, 0, 0, 0, 0, 0, 0, 0, 0, 0, 0, 0, 0, 0, 0, 0, 0, 0, 0, 0, 0, 0],5c0140da2b6aea0644fd0b97f23a9d0b09c1312dee31127905140bb3374b2bcc,06b83bd999b5d67ecf195f0826bc874bd37895f964c4393622bd6668038db852
quota_source_range,arithmetic,0,100000,0,24000
quota_trace,arrays,100000,9524,0.100021936,[9524, 21429, 0, 2381, 2381, 7141, 0, 0, 0, 0, 0, 0, 0, 0, 0, 0, 0, 0, 0, 0, 0, 0, 0, 0, 4762, 33334, 14286, 4762, 0, 0, 0],ef796d1dc944c238e1a854a91153d42c41dd1aa700a48b9c3a01848224a553a8,a184b76bdd04c8a713108ebeafb48c60a7031b11d180ded7c7e2b57baa7aeae2
quota_source_range,arrays,0,100000,0,9524
quota_trace,bytes,100000,15385,1.081360162,[15386, 23077, 0, 2565, 2564, 7692, 0, 0, 0, 0, 0, 0, 0, 0, 0, 0, 0, 0, 0, 0, 0, 0, 0, 0, 10256, 0, 0, 10256, 5128, 12820, 10256],d7edae4545c0ef6578631ba56d1007abf605095460d5cfb2897debc930ed1237,06b83bd999b5d67ecf195f0826bc874bd37895f964c4393622bd6668038db852
quota_source_range,bytes,0,100000,0,15385
quota_trace,retained,100000,24172,1.798710730,[20120, 32543, 4029, 6207, 5023, 20166, 1855, 5, 80, 0, 2096, 80, 3096, 2020, 713, 374, 0, 2, 713, 34, 0, 0, 0, 0, 112, 409, 141, 112, 34, 34, 2],6cb98536ddf8ed1af36775fffea7fd92588cae535626e2ab6273e3a76027fae7,84418860c872d76e77c9b7fa466d091a6f995cd1ed7a1872fb5349131aea17c3
quota_source_range,retained,0,100000,0,24172
quota_shape,shared-linked-1024,10432,29248,2048,8191,16,16384,65536,16384,33,61691832,67108864,1458176,1.331425926,[1024, 2048, 384, 512, 256, 1024, 128, 64, 64, 256, 256, 256, 768, 512, 32, 64, 64, 64, 32, 64, 64, 64, 64, 64, 128, 512, 512, 128, 256, 512, 256]
quota_sample,arithmetic,55,99006,23761,23762,79,2336,[0, 0, 55, 0, 0, 0, 0, 0, 0, 0, 0, 0, 0, 0, 0, 0, 0, 0, 0, 0, 0, 0, 0, 0, 0, 0, 0, 0, 0, 0, 0, 0, 0]
quota_sample,arrays,65,99844,9509,9510,295,2285,[0, 0, 0, 0, 0, 0, 0, 0, 0, 0, 0, 0, 0, 0, 0, 0, 0, 0, 0, 0, 0, 0, 0, 0, 0, 65, 0, 0, 0, 0, 0, 0, 0]
quota_sample,bytes,80,99844,15361,15362,287,2354,[0, 0, 0, 0, 0, 0, 0, 0, 0, 0, 0, 0, 0, 0, 0, 0, 0, 0, 0, 0, 0, 0, 0, 0, 80, 0, 0, 0, 0, 0, 0, 0, 0]
quota_sample,retained,22,97351,23526,19589,911,4271,[0, 0, 0, 0, 8, 1, 0, 0, 0, 0, 0, 0, 0, 0, 13, 0, 0, 0, 0, 0, 0, 0, 0, 0, 0, 0, 0, 0, 0, 0, 0, 0, 0]
quota_shape,arithmetic-768,3351,10598,512,1023,14,4096,16384,2048,31,14108631,16777216,289792,0.795793088,[768, 1536, 683, 43, 43, 128, 6, 6, 6, 6, 6, 6, 6, 6, 6, 6, 6, 6, 6, 6, 6, 6, 6, 6, 6, 6, 6, 6, 6, 6, 6]
quota_sample,arithmetic,31,98822,23718,23718,79,802,[16, 0, 0, 0, 0, 15, 0, 0, 0, 0, 0, 0, 0, 0, 0, 0, 0, 0, 0, 0, 0, 0, 0, 0, 0, 0, 0, 0, 0, 0, 0, 0, 0]
quota_sample,arrays,5555,99989,9522,9523,31,749,[0, 0, 0, 0, 0, 0, 0, 0, 0, 0, 0, 0, 0, 0, 0, 0, 0, 0, 0, 0, 0, 0, 0, 0, 0, 5555, 0, 0, 0, 0, 0, 0, 0]
quota_sample,bytes,2136,99967,15380,15381,44,845,[0, 0, 0, 0, 0, 0, 0, 0, 0, 0, 0, 0, 0, 0, 0, 0, 0, 0, 0, 0, 0, 0, 0, 0, 1, 0, 0, 427, 0, 1708, 0, 0, 0]
quota_sample,retained,1090,99927,24156,20107,109,1023,[0, 0, 0, 0, 0, 0, 0, 0, 0, 0, 0, 0, 234, 1, 0, 0, 0, 0, 0, 0, 0, 0, 0, 0, 0, 45, 0, 0, 5, 0, 0, 0, 805]
quota_shape,arithmetic-3072,13401,42378,1536,3071,16,16384,65536,8192,33,62053577,67108864,1339392,0.867789606,[3072, 6144, 2731, 171, 171, 512, 24, 24, 24, 24, 24, 24, 24, 24, 24, 24, 24, 24, 24, 24, 24, 24, 24, 24, 24, 24, 24, 24, 24, 24, 24]
quota_sample,arithmetic,7,89522,21486,21486,79,1825,[4, 0, 0, 0, 0, 3, 0, 0, 0, 0, 0, 0, 0, 0, 0, 0, 0, 0, 0, 0, 0, 0, 0, 0, 0, 0, 0, 0, 0, 0, 0, 0, 0]
quota_sample,arrays,1388,99932,9517,9518,51,1778,[0, 0, 0, 0, 0, 0, 0, 0, 0, 0, 0, 0, 0, 0, 0, 0, 0, 0, 0, 0, 0, 0, 0, 0, 0, 1388, 0, 0, 0, 0, 0, 0, 0]
quota_sample,bytes,534,99979,15382,15383,72,1863,[0, 0, 0, 0, 0, 0, 0, 0, 0, 0, 0, 0, 0, 0, 0, 0, 0, 0, 0, 0, 0, 0, 0, 0, 0, 0, 0, 0, 0, 534, 0, 0, 0]
quota_sample,retained,149,99710,24105,20068,461,3071,[0, 0, 0, 0, 0, 0, 0, 0, 0, 0, 1, 0, 85, 0, 0, 0, 0, 0, 0, 0, 0, 0, 0, 0, 0, 16, 0, 0, 1, 0, 0, 0, 46]
quota_shape,arithmetic-4096,17868,56503,2048,4095,16,32768,65536,8192,34,96097553,134217728,1593344,0.877042342,[4096, 8192, 3641, 228, 228, 683, 32, 32, 32, 32, 32, 32, 32, 32, 32, 32, 32, 32, 32, 32, 32, 32, 32, 32, 32, 32, 32, 32, 32, 32, 32]
quota_sample,arithmetic,5,85314,20476,20476,79,2336,[3, 0, 0, 0, 0, 2, 0, 0, 0, 0, 0, 0, 0, 0, 0, 0, 0, 0, 0, 0, 0, 0, 0, 0, 0, 0, 0, 0, 0, 0, 0, 0, 0]
quota_sample,arrays,1041,99932,9517,9518,53,2289,[0, 0, 0, 0, 0, 0, 0, 0, 0, 0, 0, 0, 0, 0, 0, 0, 0, 0, 0, 0, 0, 0, 0, 0, 0, 1041, 0, 0, 0, 0, 0, 0, 0]
quota_sample,bytes,400,99860,15364,15365,85,2363,[0, 0, 0, 0, 0, 0, 0, 0, 0, 0, 0, 0, 0, 0, 0, 0, 0, 0, 0, 0, 0, 0, 0, 0, 0, 0, 0, 0, 0, 400, 0, 0, 0]
quota_sample,retained,109,99815,24129,20087,590,3954,[0, 0, 0, 0, 0, 0, 0, 0, 0, 0, 1, 0, 95, 0, 0, 0, 0, 0, 0, 0, 0, 0, 0, 0, 0, 12, 0, 0, 1, 0, 0, 0, 0]
quota_shape,arrays-768,8186,22977,2048,4095,15,8192,32768,8192,32,30518226,33554432,679936,0.819070336,[768, 1726, 6, 191, 191, 575, 6, 6, 6, 6, 6, 6, 6, 6, 6, 6, 6, 6, 6, 6, 6, 6, 6, 6, 383, 2686, 1151, 383, 6, 6, 6]
quota_sample,arithmetic,3555,99989,23997,23998,39,2272,[0, 0, 3555, 0, 0, 0, 0, 0, 0, 0, 0, 0, 0, 0, 0, 0, 0, 0, 0, 0, 0, 0, 0, 0, 0, 0, 0, 0, 0, 0, 0, 0, 0]
quota_sample,arrays,12,96266,9168,9169,1373,2283,[0, 0, 0, 12, 0, 0, 0, 0, 0, 0, 0, 0, 0, 0, 0, 0, 0, 0, 0, 0, 0, 0, 0, 0, 0, 0, 0, 0, 0, 0, 0, 0, 0]
quota_sample,bytes,2136,99979,15382,15383,44,2379,[0, 0, 0, 0, 0, 0, 0, 0, 0, 0, 0, 0, 0, 0, 0, 0, 0, 0, 0, 0, 0, 0, 0, 0, 0, 0, 0, 0, 0, 2136, 0, 0, 0]
quota_sample,retained,899,99982,24168,20118,192,2877,[0, 0, 458, 0, 0, 0, 2, 0, 0, 0, 66, 0, 365, 3, 0, 0, 0, 0, 0, 0, 0, 0, 0, 0, 0, 0, 0, 0, 5, 0, 0, 0, 0]
quota_shape,builders-768,5119,13792,1024,2047,14,8192,16384,4096,32,21617580,33554432,370688,0.830256104,[768, 1152, 6, 129, 128, 384, 6, 6, 6, 6, 6, 6, 6, 6, 6, 6, 6, 6, 6, 6, 6, 6, 6, 6, 512, 6, 6, 512, 256, 640, 512]
quota_sample,arithmetic,3555,99989,23997,23998,39,1249,[0, 0, 3555, 0, 0, 0, 0, 0, 0, 0, 0, 0, 0, 0, 0, 0, 0, 0, 0, 0, 0, 0, 0, 0, 0, 0, 0, 0, 0, 0, 0, 0, 0]
quota_sample,arrays,5555,99989,9522,9523,31,1260,[0, 0, 0, 0, 0, 0, 0, 0, 0, 0, 0, 0, 0, 0, 0, 0, 0, 0, 0, 0, 0, 0, 0, 0, 0, 5555, 0, 0, 0, 0, 0, 0, 0]
quota_sample,bytes,20,96729,14882,14883,1023,1339,[0, 0, 0, 0, 0, 0, 0, 0, 0, 0, 0, 0, 0, 0, 0, 0, 0, 0, 0, 0, 0, 0, 0, 0, 0, 0, 0, 0, 0, 0, 0, 20, 0]
quota_sample,retained,930,99982,24168,20118,302,1894,[0, 0, 430, 0, 0, 0, 2, 0, 0, 0, 66, 0, 365, 3, 0, 0, 0, 0, 0, 0, 0, 0, 0, 0, 0, 63, 1, 0, 0, 0, 0, 0, 0]
quota_shape,mixed-3072,14878,41659,1536,6143,16,16384,65536,16384,33,63162210,67108864,1458176,0.870777622,[3072, 4486, 557, 941, 715, 2995, 267, 24, 24, 24, 529, 24, 490, 274, 48, 24, 24, 24, 48, 24, 24, 24, 24, 24, 24, 24, 24, 24, 24, 24, 24]
quota_sample,arithmetic,38,99212,23811,23812,79,1825,[0, 0, 38, 0, 0, 0, 0, 0, 0, 0, 0, 0, 0, 0, 0, 0, 0, 0, 0, 0, 0, 0, 0, 0, 0, 0, 0, 0, 0, 0, 0, 0, 0]
quota_sample,arrays,1388,99932,9517,9518,51,1778,[0, 0, 0, 0, 0, 0, 0, 0, 0, 0, 0, 0, 0, 0, 0, 0, 0, 0, 0, 0, 0, 0, 0, 0, 0, 1388, 0, 0, 0, 0, 0, 0, 0]
quota_sample,bytes,534,99979,15382,15383,72,1863,[0, 0, 0, 0, 0, 0, 0, 0, 0, 0, 0, 0, 0, 0, 0, 0, 0, 0, 0, 0, 0, 0, 0, 0, 0, 0, 0, 0, 0, 534, 0, 0, 0]
quota_sample,retained,32,98626,23838,19844,963,3962,[0, 0, 0, 0, 0, 0, 0, 0, 0, 0, 0, 0, 0, 0, 1, 13, 0, 0, 0, 0, 0, 0, 0, 0, 0, 17, 0, 0, 1, 0, 0, 0, 0]
test ixby::paged_exec::quota_tests::physical_batch_quota_sweep ... ok

test result: ok. 1 passed; 0 failed; 0 ignored; 0 measured; 378 filtered out; finished in 13.60s
