    Checking cfg-if v1.0.4
    Checking once_cell v1.21.4
    Checking cpufeatures v0.3.0
    Checking serde_core v1.0.228
    Checking either v1.15.0
    Checking pin-project-lite v0.2.17
    Checking num-traits v0.2.19
    Checking rand_core v0.10.1
    Checking p3-maybe-rayon v0.6.0 (https://github.com/Plonky3/Plonky3?rev=3152b14a89067c83775a8076cc262ffc48a1fd7c#3152b14a)
    Checking scopeguard v1.2.0
    Checking crossbeam-utils v0.8.21
    Checking lock_api v0.4.14
    Checking smallvec v1.15.1
    Checking chacha20 v0.10.2
    Checking tracing-core v0.1.36
    Checking itertools v0.15.0
    Checking thiserror v2.0.18
    Checking spin v0.12.3
    Checking libc v0.2.186
    Checking rand v0.10.1
    Checking libm v0.2.16
    Checking crossbeam-epoch v0.9.20
    Checking tracing v0.1.44
    Checking num-integer v0.1.46
    Checking crossbeam-deque v0.8.6
    Checking crunchy v0.2.4
   Compiling blake3 v1.8.5
    Checking arrayvec v0.7.6
    Checking num-bigint v0.5.1
    Checking arrayref v0.3.9
    Checking lazy_static v1.5.0
    Checking bitflags v2.11.1
    Checking constant_time_eq v0.4.2
    Checking log v0.4.29
    Checking linux-raw-sys v0.12.1
    Checking tracing-log v0.2.0
    Checking parking_lot_core v0.9.12
    Checking sharded-slab v0.1.7
    Checking rustix v1.1.4
    Checking rayon-core v1.13.0
    Checking tiny-keccak v2.0.2
    Checking thread_local v1.1.9
    Checking nu-ansi-term v0.50.3
    Checking unty v0.0.4
   Compiling multi-stark v0.1.0 (https://github.com/argumentcomputer/multi-stark.git?rev=9ba93c0b448c77b99eafe867c3078a83ee0eef2f#9ba93c0b)
    Checking equivalent v1.0.2
   Compiling aiur v0.1.0 (/tmp/ix-gpu-trace-codegen/crates/aiur)
    Checking parking_lot v0.12.5
    Checking tracing-subscriber v0.3.23
    Checking rayon v1.12.0
    Checking itertools v0.14.0
    Checking terminal_size v0.4.4
    Checking serde v1.0.228
    Checking allocator-api2 v0.2.21
    Checking hashbrown v0.17.0
    Checking foldhash v0.1.5
    Checking hashbrown v0.15.5
    Checking p3-util v0.6.0 (https://github.com/Plonky3/Plonky3?rev=3152b14a89067c83775a8076cc262ffc48a1fd7c#3152b14a)
    Checking bincode v2.0.1
    Checking p3-field v0.6.0 (https://github.com/Plonky3/Plonky3?rev=3152b14a89067c83775a8076cc262ffc48a1fd7c#3152b14a)
    Checking tracing-texray v0.2.0 (https://github.com/argumentcomputer/tracing-texray?rev=fedd785ba02f16042f041fb8b0db9014955c6460#fedd785b)
    Checking indexmap v2.14.0
    Checking num-bigint v0.4.6
    Checking rustc-hash v2.1.2
    Checking p3-matrix v0.6.0 (https://github.com/Plonky3/Plonky3?rev=3152b14a89067c83775a8076cc262ffc48a1fd7c#3152b14a)
    Checking p3-symmetric v0.6.0 (https://github.com/Plonky3/Plonky3?rev=3152b14a89067c83775a8076cc262ffc48a1fd7c#3152b14a)
    Checking p3-challenger v0.6.0 (https://github.com/Plonky3/Plonky3?rev=3152b14a89067c83775a8076cc262ffc48a1fd7c#3152b14a)
    Checking p3-keccak v0.6.0 (https://github.com/Plonky3/Plonky3?rev=3152b14a89067c83775a8076cc262ffc48a1fd7c#3152b14a)
    Checking p3-blake3 v0.6.0 (https://github.com/Plonky3/Plonky3?rev=3152b14a89067c83775a8076cc262ffc48a1fd7c#3152b14a)
    Checking p3-dft v0.6.0 (https://github.com/Plonky3/Plonky3?rev=3152b14a89067c83775a8076cc262ffc48a1fd7c#3152b14a)
    Checking p3-multilinear-util v0.6.0 (https://github.com/Plonky3/Plonky3?rev=3152b14a89067c83775a8076cc262ffc48a1fd7c#3152b14a)
    Checking p3-air v0.6.0 (https://github.com/Plonky3/Plonky3?rev=3152b14a89067c83775a8076cc262ffc48a1fd7c#3152b14a)
    Checking p3-mds v0.6.0 (https://github.com/Plonky3/Plonky3?rev=3152b14a89067c83775a8076cc262ffc48a1fd7c#3152b14a)
    Checking p3-commit v0.6.0 (https://github.com/Plonky3/Plonky3?rev=3152b14a89067c83775a8076cc262ffc48a1fd7c#3152b14a)
    Checking p3-poseidon1 v0.6.0 (https://github.com/Plonky3/Plonky3?rev=3152b14a89067c83775a8076cc262ffc48a1fd7c#3152b14a)
    Checking p3-poseidon2 v0.6.0 (https://github.com/Plonky3/Plonky3?rev=3152b14a89067c83775a8076cc262ffc48a1fd7c#3152b14a)
    Checking p3-security v0.6.0 (https://github.com/Plonky3/Plonky3?rev=3152b14a89067c83775a8076cc262ffc48a1fd7c#3152b14a)
    Checking p3-merkle-tree v0.6.0 (https://github.com/Plonky3/Plonky3?rev=3152b14a89067c83775a8076cc262ffc48a1fd7c#3152b14a)
    Checking p3-goldilocks v0.6.0 (https://github.com/Plonky3/Plonky3?rev=3152b14a89067c83775a8076cc262ffc48a1fd7c#3152b14a)
    Checking p3-fri v0.6.0 (https://github.com/Plonky3/Plonky3?rev=3152b14a89067c83775a8076cc262ffc48a1fd7c#3152b14a)
    Finished `release` profile [optimized] target(s) in 15.52s
