
running 1 test
quota_trace,window-000000000000,100000,24172,0.0,[20120, 32543, 4029, 6207, 5023, 20166, 1855, 5, 80, 0, 2096, 80, 3096, 2020, 713, 374, 0, 2, 713, 34, 0, 0, 0, 0, 112, 409, 141, 112, 34, 34, 2],6cb98536ddf8ed1af36775fffea7fd92588cae535626e2ab6273e3a76027fae7,84418860c872d76e77c9b7fa466d091a6f995cd1ed7a1872fb5349131aea17c3
quota_source_range,window-000000000000,0,100000,0,24172
quota_trace,window-000055000000,100000,13101692,0.0,[22504, 34743, 6798, 5629, 3752, 13301, 2139, 0, 89, 1068, 1960, 89, 3205, 2317, 535, 0, 0, 0, 535, 268, 0, 0, 0, 0, 534, 0, 0, 534, 0, 0, 0],6cb98536ddf8ed1af36775fffea7fd92588cae535626e2ab6273e3a76027fae7,84418860c872d76e77c9b7fa466d091a6f995cd1ed7a1872fb5349131aea17c3
quota_source_range,window-000055000000,55000000,55100000,13076779,13101692
quota_trace,window-000115000000,100000,27416029,0.0,[17898, 29871, 3040, 4870, 3963, 16570, 1330, 0, 0, 0, 2535, 0, 2094, 1330, 0, 0, 0, 0, 0, 0, 0, 0, 0, 0, 2159, 11878, 303, 2159, 0, 0, 0],6cb98536ddf8ed1af36775fffea7fd92588cae535626e2ab6273e3a76027fae7,84418860c872d76e77c9b7fa466d091a6f995cd1ed7a1872fb5349131aea17c3
quota_source_range,window-000115000000,115000000,115100000,27395386,27416029
quota_trace,window-000195000000,100000,46048042,0.0,[17423, 27200, 1622, 4215, 4577, 19293, 2420, 0, 144, 278, 2917, 144, 3684, 2707, 586, 288, 0, 0, 586, 0, 0, 0, 0, 0, 665, 5610, 4976, 665, 0, 0, 0],6cb98536ddf8ed1af36775fffea7fd92588cae535626e2ab6273e3a76027fae7,84418860c872d76e77c9b7fa466d091a6f995cd1ed7a1872fb5349131aea17c3
quota_source_range,window-000195000000,195000000,195100000,46027153,46048042
quota_trace,window-000380000000,100000,89320331,0.0,[19265, 29390, 2522, 3684, 3214, 15751, 2632, 0, 360, 1440, 3426, 360, 5952, 3352, 364, 0, 0, 0, 364, 362, 0, 0, 0, 0, 1622, 4308, 0, 1622, 4, 4, 2],6cb98536ddf8ed1af36775fffea7fd92588cae535626e2ab6273e3a76027fae7,84418860c872d76e77c9b7fa466d091a6f995cd1ed7a1872fb5349131aea17c3
quota_source_range,window-000380000000,380000000,380100000,89298329,89320331
quota_trace,window-000390000000,100000,91553616,0.0,[19860, 29049, 2281, 3388, 3137, 15872, 3108, 0, 476, 1902, 3738, 476, 7082, 4060, 486, 0, 0, 0, 486, 481, 0, 0, 0, 0, 1343, 1407, 0, 1343, 10, 10, 5],6cb98536ddf8ed1af36775fffea7fd92588cae535626e2ab6273e3a76027fae7,84418860c872d76e77c9b7fa466d091a6f995cd1ed7a1872fb5349131aea17c3
quota_source_range,window-000390000000,390000000,390100000,91530890,91553616
quota_trace,window-000520000000,100000,120846632,0.0,[0, 0, 0, 0, 0, 0, 0, 0, 0, 0, 0, 0, 0, 0, 0, 0, 0, 0, 0, 0, 0, 0, 0, 0, 0, 0, 0, 0, 40000, 50000, 10000],6cb98536ddf8ed1af36775fffea7fd92588cae535626e2ab6273e3a76027fae7,84418860c872d76e77c9b7fa466d091a6f995cd1ed7a1872fb5349131aea17c3
quota_source_range,window-000520000000,520000000,520100000,120846632,120846632
quota_trace,window-000670000000,100000,137715835,0.0,[1144, 1663, 186, 294, 266, 1082, 114, 0, 0, 0, 145, 0, 154, 114, 36, 0, 0, 0, 36, 24, 0, 0, 0, 0, 103, 0, 0, 103, 46, 47255, 47235],6cb98536ddf8ed1af36775fffea7fd92588cae535626e2ab6273e3a76027fae7,84418860c872d76e77c9b7fa466d091a6f995cd1ed7a1872fb5349131aea17c3
quota_source_range,window-000670000000,670000000,670100000,137714465,137715835
quota_trace,window-000710000000,100000,144132462,0.0,[14463, 22815, 3380, 3622, 2719, 11538, 456, 0, 0, 0, 1356, 0, 911, 456, 677, 0, 0, 0, 677, 452, 68, 4, 4, 2, 2253, 2475, 0, 2253, 900, 14456, 14063],6cb98536ddf8ed1af36775fffea7fd92588cae535626e2ab6273e3a76027fae7,84418860c872d76e77c9b7fa466d091a6f995cd1ed7a1872fb5349131aea17c3
quota_source_range,window-000710000000,710000000,710100000,144115732,144132462
quota_shape,shared-linked-1024,10432,29248,2048,8191,16,16384,65536,16384,33,61691832,67108864,1458176,1.376237036,[1024, 2048, 384, 512, 256, 1024, 128, 64, 64, 256, 256, 256, 768, 512, 32, 64, 64, 64, 32, 64, 64, 64, 64, 64, 128, 512, 512, 128, 256, 512, 256]
quota_sample,window-000000000000,22,97351,23526,19589,911,4271,[0, 0, 0, 0, 8, 1, 0, 0, 0, 0, 0, 0, 0, 0, 13, 0, 0, 0, 0, 0, 0, 0, 0, 0, 0, 0, 0, 0, 0, 0, 0, 0, 0]
quota_sample,window-000055000000,21,95562,23807,21504,544,3401,[21, 0, 0, 0, 0, 0, 0, 0, 0, 0, 0, 0, 0, 0, 0, 0, 0, 0, 0, 0, 0, 0, 0, 0, 0, 0, 0, 0, 0, 0, 0, 0, 0]
quota_sample,window-000115000000,25,95503,19575,17022,529,3463,[0, 0, 0, 0, 4, 0, 0, 0, 0, 0, 0, 0, 0, 0, 0, 0, 0, 0, 0, 0, 0, 0, 0, 0, 0, 21, 0, 0, 0, 0, 0, 0, 0]
quota_sample,window-000195000000,29,98060,20413,17032,1041,3995,[0, 0, 0, 0, 0, 1, 1, 0, 0, 0, 0, 0, 0, 0, 17, 0, 0, 0, 0, 0, 0, 0, 0, 0, 0, 10, 0, 0, 0, 0, 0, 0, 0]
quota_sample,window-000380000000,24,96390,21198,18564,836,3910,[1, 0, 0, 0, 0, 0, 16, 0, 0, 0, 0, 0, 0, 0, 0, 0, 0, 0, 0, 0, 0, 0, 0, 0, 0, 7, 0, 0, 0, 0, 0, 0, 0]
quota_sample,window-000390000000,25,97839,22229,19420,846,3912,[1, 0, 0, 0, 0, 0, 22, 0, 0, 0, 0, 0, 0, 0, 0, 0, 0, 0, 0, 0, 0, 0, 0, 0, 0, 2, 0, 0, 0, 0, 0, 0, 0]
quota_sample,window-000520000000,156,99841,0,0,834,2960,[0, 0, 0, 0, 0, 0, 0, 0, 0, 0, 0, 0, 0, 0, 0, 0, 0, 0, 0, 0, 0, 0, 0, 0, 0, 0, 0, 0, 156, 0, 0, 0, 0]
quota_sample,window-000670000000,184,99738,1370,1144,913,3503,[0, 0, 0, 0, 0, 0, 0, 0, 0, 0, 0, 0, 0, 0, 0, 0, 0, 0, 0, 0, 0, 0, 0, 0, 0, 0, 0, 0, 0, 0, 184, 0, 0]
quota_sample,window-000710000000,59,99996,16730,14463,674,3533,[0, 0, 0, 0, 0, 0, 0, 0, 0, 0, 0, 0, 0, 0, 0, 0, 0, 0, 8, 0, 1, 0, 0, 0, 0, 0, 0, 0, 0, 0, 50, 0, 0]
quota_shape,arithmetic-768,3351,10598,512,1023,14,4096,16384,2048,31,14108631,16777216,289792,0.807398950,[768, 1536, 683, 43, 43, 128, 6, 6, 6, 6, 6, 6, 6, 6, 6, 6, 6, 6, 6, 6, 6, 6, 6, 6, 6, 6, 6, 6, 6, 6, 6]
quota_sample,window-000000000000,1090,99927,24156,20107,109,1023,[0, 0, 0, 0, 0, 0, 0, 0, 0, 0, 0, 0, 234, 1, 0, 0, 0, 0, 0, 0, 0, 0, 0, 0, 0, 45, 0, 0, 5, 0, 0, 0, 805]
quota_sample,window-000055000000,892,99961,24904,22495,103,1023,[0, 0, 0, 0, 0, 0, 0, 0, 0, 0, 0, 0, 354, 0, 0, 0, 0, 0, 0, 0, 0, 0, 0, 0, 0, 0, 0, 0, 0, 0, 0, 0, 538]
quota_sample,window-000115000000,2104,99921,20623,17882,103,1023,[0, 0, 0, 0, 0, 0, 0, 0, 0, 0, 0, 0, 0, 0, 0, 0, 0, 0, 0, 0, 0, 0, 0, 0, 0, 1904, 0, 0, 0, 0, 0, 0, 200]
quota_sample,window-000195000000,1967,99941,20873,17409,103,1023,[0, 0, 0, 0, 0, 0, 0, 0, 0, 0, 5, 0, 228, 0, 0, 0, 0, 0, 0, 0, 0, 0, 0, 0, 0, 640, 516, 0, 0, 0, 0, 0, 578]
quota_sample,window-000380000000,1628,99988,21998,19262,97,1023,[0, 0, 0, 0, 0, 0, 0, 0, 0, 0, 0, 0, 720, 0, 0, 0, 0, 0, 0, 0, 0, 0, 0, 0, 0, 716, 0, 0, 0, 0, 0, 0, 192]
quota_sample,window-000390000000,1456,99927,22709,19843,97,1023,[0, 0, 0, 0, 0, 0, 0, 0, 0, 0, 0, 0, 954, 0, 0, 0, 0, 0, 0, 0, 0, 0, 0, 0, 0, 228, 0, 0, 0, 0, 0, 0, 274]
quota_sample,window-000520000000,8333,99996,0,0,17,665,[0, 0, 0, 0, 0, 0, 0, 0, 0, 0, 0, 0, 0, 0, 0, 0, 0, 0, 0, 0, 0, 0, 0, 0, 0, 0, 0, 0, 0, 8333, 0, 0, 0]
quota_sample,window-000670000000,7915,99999,1370,1144,110,1023,[0, 0, 0, 0, 0, 0, 0, 0, 0, 0, 0, 0, 10, 0, 0, 0, 0, 0, 0, 0, 0, 0, 0, 0, 0, 0, 0, 0, 0, 7242, 622, 0, 41]
quota_sample,window-000710000000,3119,99991,16730,14463,97,1023,[0, 0, 0, 0, 0, 0, 0, 0, 0, 0, 0, 0, 1, 0, 0, 0, 0, 0, 0, 0, 11, 0, 0, 0, 0, 225, 0, 0, 0, 2188, 16, 0, 678]
quota_shape,arithmetic-3072,13401,42378,1536,3071,16,16384,65536,8192,33,62053577,67108864,1339392,0.884783575,[3072, 6144, 2731, 171, 171, 512, 24, 24, 24, 24, 24, 24, 24, 24, 24, 24, 24, 24, 24, 24, 24, 24, 24, 24, 24, 24, 24, 24, 24, 24, 24]
quota_sample,window-000000000000,149,99710,24105,20068,461,3071,[0, 0, 0, 0, 0, 0, 0, 0, 0, 0, 1, 0, 85, 0, 0, 0, 0, 0, 0, 0, 0, 0, 0, 0, 0, 16, 0, 0, 1, 0, 0, 0, 46]
quota_sample,window-000055000000,133,99521,24794,22395,328,2697,[0, 0, 0, 0, 0, 0, 0, 0, 0, 0, 0, 0, 133, 0, 0, 0, 0, 0, 0, 0, 0, 0, 0, 0, 0, 0, 0, 0, 0, 0, 0, 0, 0]
quota_sample,window-000115000000,495,99530,20529,17805,298,2677,[0, 0, 0, 0, 0, 0, 0, 0, 0, 0, 5, 0, 0, 0, 0, 0, 0, 0, 0, 0, 0, 0, 0, 0, 0, 490, 0, 0, 0, 0, 0, 0, 0]
quota_sample,window-000195000000,359,99664,20806,17355,456,3049,[0, 0, 0, 0, 0, 0, 0, 0, 0, 0, 2, 0, 125, 0, 0, 0, 0, 0, 0, 0, 0, 0, 0, 0, 0, 192, 40, 0, 0, 0, 0, 0, 0]
quota_sample,window-000380000000,389,99988,21998,19262,438,3061,[0, 0, 0, 0, 0, 0, 0, 0, 0, 0, 0, 0, 210, 0, 0, 0, 0, 0, 0, 0, 0, 0, 0, 0, 0, 178, 0, 0, 0, 0, 0, 0, 1]
quota_sample,window-000390000000,337,99403,22582,19728,438,3068,[0, 0, 0, 0, 0, 0, 0, 0, 0, 0, 0, 0, 278, 0, 0, 0, 0, 0, 0, 0, 0, 0, 0, 0, 0, 56, 0, 0, 0, 0, 0, 0, 3]
quota_sample,window-000520000000,2083,99984,0,0,65,1737,[0, 0, 0, 0, 0, 0, 0, 0, 0, 0, 0, 0, 0, 0, 0, 0, 0, 0, 0, 0, 0, 0, 0, 0, 0, 0, 0, 0, 0, 2083, 0, 0, 0]
quota_sample,window-000670000000,1968,99955,1370,1144,444,2983,[0, 0, 0, 0, 0, 0, 0, 0, 0, 0, 0, 0, 0, 0, 0, 0, 0, 0, 0, 0, 0, 0, 0, 0, 0, 0, 0, 0, 0, 1813, 155, 0, 0]
quota_sample,window-000710000000,609,99975,16730,14463,452,3008,[0, 0, 0, 0, 0, 0, 0, 0, 0, 0, 0, 0, 0, 0, 0, 0, 0, 0, 0, 0, 2, 0, 0, 0, 1, 10, 0, 3, 0, 589, 4, 0, 0]
quota_shape,arithmetic-4096,17868,56503,2048,4095,16,32768,65536,8192,34,96097553,134217728,1593344,0.899214618,[4096, 8192, 3641, 228, 228, 683, 32, 32, 32, 32, 32, 32, 32, 32, 32, 32, 32, 32, 32, 32, 32, 32, 32, 32, 32, 32, 32, 32, 32, 32, 32]
quota_sample,window-000000000000,109,99815,24129,20087,590,3954,[0, 0, 0, 0, 0, 0, 0, 0, 0, 0, 1, 0, 95, 0, 0, 0, 0, 0, 0, 0, 0, 0, 0, 0, 0, 12, 0, 0, 1, 0, 0, 0, 0]
quota_sample,window-000055000000,100,99653,24824,22422,361,3293,[0, 0, 0, 0, 0, 0, 0, 0, 0, 0, 0, 0, 100, 0, 0, 0, 0, 0, 0, 0, 0, 0, 0, 0, 0, 0, 0, 0, 0, 0, 0, 0, 0]
quota_sample,window-000115000000,371,99387,20500,17780,325,3193,[0, 0, 0, 0, 0, 0, 0, 0, 0, 0, 3, 0, 0, 0, 0, 0, 0, 0, 0, 0, 0, 0, 0, 0, 0, 368, 0, 0, 0, 0, 0, 0, 0]
quota_sample,window-000195000000,268,99903,20865,17403,535,3699,[0, 0, 0, 0, 0, 0, 0, 0, 0, 0, 0, 0, 95, 0, 0, 0, 0, 0, 0, 0, 0, 0, 0, 0, 0, 157, 16, 0, 0, 0, 0, 0, 0]
quota_sample,window-000380000000,291,99707,21932,19204,465,3625,[0, 0, 0, 0, 0, 0, 0, 0, 0, 0, 0, 0, 157, 0, 0, 0, 0, 0, 0, 0, 0, 0, 0, 0, 0, 134, 0, 0, 0, 0, 0, 0, 0]
quota_sample,window-000390000000,251,99413,22584,19730,513,3775,[0, 0, 0, 0, 0, 0, 0, 0, 0, 0, 0, 0, 209, 0, 0, 0, 0, 0, 0, 0, 0, 0, 0, 0, 0, 42, 0, 0, 0, 0, 0, 0, 0]
quota_sample,window-000520000000,1562,99968,0,0,85,2267,[0, 0, 0, 0, 0, 0, 0, 0, 0, 0, 0, 0, 0, 0, 0, 0, 0, 0, 0, 0, 0, 0, 0, 0, 0, 0, 0, 0, 0, 1562, 0, 0, 0]
quota_sample,window-000670000000,1476,99955,1370,1144,460,3499,[0, 0, 0, 0, 0, 0, 0, 0, 0, 0, 0, 0, 0, 0, 0, 0, 0, 0, 0, 0, 0, 0, 0, 0, 0, 0, 0, 0, 0, 1360, 116, 0, 0]
quota_sample,window-000710000000,457,99635,16656,14399,419,3520,[0, 0, 0, 0, 0, 0, 0, 0, 0, 0, 0, 0, 0, 0, 0, 0, 0, 0, 0, 0, 2, 0, 0, 0, 0, 13, 0, 0, 0, 439, 3, 0, 0]
quota_shape,arrays-768,8186,22977,2048,4095,15,8192,32768,8192,32,30518226,33554432,679936,0.785090278,[768, 1726, 6, 191, 191, 575, 6, 6, 6, 6, 6, 6, 6, 6, 6, 6, 6, 6, 6, 6, 6, 6, 6, 6, 383, 2686, 1151, 383, 6, 6, 6]
quota_sample,window-000000000000,899,99982,24168,20118,192,2877,[0, 0, 458, 0, 0, 0, 2, 0, 0, 0, 66, 0, 365, 3, 0, 0, 0, 0, 0, 0, 0, 0, 0, 0, 0, 0, 0, 0, 5, 0, 0, 0, 0]
quota_sample,window-000055000000,1429,99912,24886,22482,133,2773,[0, 0, 1073, 0, 0, 0, 0, 0, 0, 0, 0, 0, 356, 0, 0, 0, 0, 0, 0, 0, 0, 0, 0, 0, 0, 0, 0, 0, 0, 0, 0, 0, 0]
quota_sample,window-000115000000,577,99828,20602,17864,201,2972,[0, 0, 456, 0, 0, 0, 12, 0, 0, 0, 109, 0, 0, 0, 0, 0, 0, 0, 0, 0, 0, 0, 0, 0, 0, 0, 0, 0, 0, 0, 0, 0, 0]
quota_sample,window-000195000000,747,99923,20869,17406,172,2893,[0, 0, 133, 0, 0, 0, 2, 0, 0, 0, 222, 0, 379, 11, 0, 0, 0, 0, 0, 0, 0, 0, 0, 0, 0, 0, 0, 0, 0, 0, 0, 0, 0]
quota_sample,window-000380000000,1080,99976,21996,19260,159,2768,[0, 0, 238, 0, 0, 0, 0, 0, 0, 0, 0, 0, 840, 2, 0, 0, 0, 0, 0, 0, 0, 0, 0, 0, 0, 0, 0, 0, 0, 0, 0, 0, 0]
quota_sample,window-000390000000,1255,99979,22721,19855,159,2771,[0, 0, 135, 0, 0, 0, 0, 0, 0, 0, 0, 0, 1115, 5, 0, 0, 0, 0, 0, 0, 0, 0, 0, 0, 0, 0, 0, 0, 0, 0, 0, 0, 0]
quota_sample,window-000520000000,8333,99996,0,0,17,2199,[0, 0, 0, 0, 0, 0, 0, 0, 0, 0, 0, 0, 0, 0, 0, 0, 0, 0, 0, 0, 0, 0, 0, 0, 0, 0, 0, 0, 0, 8333, 0, 0, 0]
quota_sample,window-000670000000,7904,99999,1370,1144,186,2873,[0, 0, 18, 0, 0, 0, 0, 0, 0, 0, 11, 0, 11, 0, 0, 0, 0, 0, 0, 0, 0, 0, 0, 0, 0, 0, 0, 0, 0, 7242, 622, 0, 0]
quota_sample,window-000710000000,2746,99999,16730,14463,167,2843,[0, 0, 456, 0, 0, 0, 0, 0, 0, 0, 0, 0, 2, 0, 0, 0, 0, 0, 0, 0, 11, 0, 0, 0, 0, 0, 0, 0, 0, 2261, 16, 0, 0]
quota_shape,builders-768,5119,13792,1024,2047,14,8192,16384,4096,32,21617580,33554432,370688,0.780812377,[768, 1152, 6, 129, 128, 384, 6, 6, 6, 6, 6, 6, 6, 6, 6, 6, 6, 6, 6, 6, 6, 6, 6, 6, 512, 6, 6, 512, 256, 640, 512]
quota_sample,window-000000000000,930,99982,24168,20118,302,1894,[0, 0, 430, 0, 0, 0, 2, 0, 0, 0, 66, 0, 365, 3, 0, 0, 0, 0, 0, 0, 0, 0, 0, 0, 0, 63, 1, 0, 0, 0, 0, 0, 0]
quota_sample,window-000055000000,1429,99912,24886,22482,133,1750,[0, 0, 1073, 0, 0, 0, 0, 0, 0, 0, 0, 0, 356, 0, 0, 0, 0, 0, 0, 0, 0, 0, 0, 0, 0, 0, 0, 0, 0, 0, 0, 0, 0]
quota_sample,window-000115000000,1989,99917,20623,17882,175,1863,[0, 0, 0, 0, 0, 0, 12, 0, 0, 0, 21, 0, 0, 0, 0, 0, 0, 0, 0, 0, 0, 0, 0, 0, 0, 1956, 0, 0, 0, 0, 0, 0, 0]
quota_sample,window-000195000000,1689,99923,20869,17406,172,1849,[0, 0, 139, 0, 0, 0, 5, 0, 0, 0, 5, 0, 379, 5, 0, 0, 0, 0, 0, 0, 0, 0, 0, 0, 0, 638, 518, 0, 0, 0, 0, 0, 0]
quota_sample,window-000380000000,1574,99976,21996,19260,159,1724,[0, 0, 16, 0, 0, 0, 0, 0, 0, 0, 0, 0, 840, 2, 0, 0, 0, 0, 0, 0, 0, 0, 0, 0, 0, 716, 0, 0, 0, 0, 0, 0, 0]
quota_sample,window-000390000000,1400,99979,22721,19855,159,1748,[0, 0, 52, 0, 0, 0, 0, 0, 0, 0, 0, 0, 1115, 5, 0, 0, 0, 0, 0, 0, 0, 0, 0, 0, 0, 228, 0, 0, 0, 0, 0, 0, 0]
quota_sample,window-000520000000,156,99841,0,0,834,1937,[0, 0, 0, 0, 0, 0, 0, 0, 0, 0, 0, 0, 0, 0, 0, 0, 0, 0, 0, 0, 0, 0, 0, 0, 0, 0, 0, 0, 156, 0, 0, 0, 0]
quota_sample,window-000670000000,127,98996,1357,1132,1024,1850,[0, 0, 18, 0, 0, 0, 0, 0, 0, 0, 11, 0, 11, 0, 0, 0, 0, 0, 0, 0, 0, 0, 0, 0, 0, 0, 0, 0, 0, 0, 0, 87, 0]
quota_sample,window-000710000000,687,99842,16700,14437,403,1722,[0, 0, 449, 0, 0, 0, 0, 0, 0, 0, 0, 0, 2, 0, 0, 0, 0, 0, 0, 0, 11, 0, 0, 0, 0, 225, 0, 0, 0, 0, 0, 0, 0]
quota_shape,mixed-3072,14878,41659,1536,6143,16,16384,65536,16384,33,63162210,67108864,1458176,0.875901719,[3072, 4486, 557, 941, 715, 2995, 267, 24, 24, 24, 529, 24, 490, 274, 48, 24, 24, 24, 48, 24, 24, 24, 24, 24, 24, 24, 24, 24, 24, 24, 24]
quota_sample,window-000000000000,32,98626,23838,19844,963,3962,[0, 0, 0, 0, 0, 0, 0, 0, 0, 0, 0, 0, 0, 0, 1, 13, 0, 0, 0, 0, 0, 0, 0, 0, 0, 17, 0, 0, 1, 0, 0, 0, 0]
quota_sample,window-000055000000,44,98911,24641,22258,438,2859,[0, 0, 0, 0, 0, 0, 0, 0, 0, 44, 0, 0, 0, 0, 0, 0, 0, 0, 0, 0, 0, 0, 0, 0, 0, 0, 0, 0, 0, 0, 0, 0, 0]
quota_sample,window-000115000000,494,99532,20529,17805,328,2701,[0, 0, 0, 0, 0, 0, 0, 0, 0, 0, 0, 0, 0, 0, 0, 0, 0, 0, 0, 0, 0, 0, 0, 0, 0, 494, 0, 0, 0, 0, 0, 0, 0]
quota_sample,window-000195000000,246,99592,20789,17340,928,3490,[0, 0, 0, 0, 0, 0, 0, 0, 0, 0, 0, 0, 0, 0, 11, 0, 0, 0, 0, 0, 0, 0, 0, 0, 0, 195, 40, 0, 0, 0, 0, 0, 0]
quota_sample,window-000380000000,237,99548,21895,19172,528,3260,[0, 0, 0, 0, 0, 0, 0, 0, 0, 59, 0, 0, 0, 0, 0, 0, 0, 0, 0, 0, 0, 0, 0, 0, 0, 178, 0, 0, 0, 0, 0, 0, 0]
quota_sample,window-000390000000,133,98104,22288,19473,601,3308,[0, 0, 0, 0, 0, 0, 0, 0, 0, 76, 0, 0, 0, 0, 0, 0, 0, 0, 0, 0, 0, 0, 0, 0, 2, 55, 0, 0, 0, 0, 0, 0, 0]
quota_sample,window-000520000000,2083,99984,0,0,65,1737,[0, 0, 0, 0, 0, 0, 0, 0, 0, 0, 0, 0, 0, 0, 0, 0, 0, 0, 0, 0, 0, 0, 0, 0, 0, 0, 0, 0, 0, 2083, 0, 0, 0]
quota_sample,window-000670000000,1968,99955,1370,1144,444,2983,[0, 0, 0, 0, 0, 0, 0, 0, 0, 0, 0, 0, 0, 0, 0, 0, 0, 0, 0, 0, 0, 0, 0, 0, 0, 0, 0, 0, 0, 1813, 155, 0, 0]
quota_sample,window-000710000000,609,99975,16730,14463,452,3008,[0, 0, 0, 0, 0, 0, 0, 0, 0, 0, 0, 0, 0, 0, 0, 0, 0, 0, 0, 0, 2, 0, 0, 0, 1, 10, 0, 3, 0, 589, 4, 0, 0]
quota_shape,training-bulk-1024-1024-4095,8038,22494,1024,4095,15,8192,32768,8192,32,30848944,33554432,679936,0.825622673,[1024, 1710, 310, 316, 270, 1134, 143, 8, 20, 77, 183, 20, 317, 179, 37, 20, 8, 32, 37, 20, 32, 8, 8, 8, 124, 680, 293, 124, 128, 384, 384]
quota_sample,window-000000000000,22,99344,24016,19992,909,3361,[2, 0, 0, 16, 0, 0, 0, 0, 0, 0, 0, 0, 0, 0, 0, 1, 0, 0, 3, 0, 0, 0, 0, 0, 0, 0, 0, 0, 0, 0, 0, 0, 0]
quota_sample,window-000055000000,22,99845,24869,22465,542,2380,[10, 0, 12, 0, 0, 0, 0, 0, 0, 0, 0, 0, 0, 0, 0, 0, 0, 0, 0, 0, 0, 0, 0, 0, 0, 0, 0, 0, 0, 0, 0, 0, 0]
quota_sample,window-000115000000,20,97060,19943,17324,528,2434,[0, 0, 0, 0, 4, 0, 0, 0, 0, 0, 0, 0, 0, 0, 0, 0, 0, 0, 0, 0, 0, 0, 0, 0, 0, 16, 0, 0, 0, 0, 0, 0, 0]
quota_sample,window-000195000000,33,98455,20510,17112,1024,2978,[0, 0, 0, 0, 2, 0, 0, 0, 0, 0, 0, 0, 0, 0, 14, 0, 0, 0, 0, 0, 0, 0, 0, 0, 0, 0, 16, 0, 0, 0, 0, 1, 0]
quota_sample,window-000380000000,25,99820,21960,19228,828,2876,[4, 0, 0, 0, 0, 0, 0, 0, 0, 16, 0, 0, 0, 0, 0, 0, 0, 0, 0, 0, 0, 0, 0, 0, 5, 0, 0, 0, 0, 0, 0, 0, 0]
quota_sample,window-000390000000,26,96476,21895,19126,901,2915,[4, 0, 0, 0, 0, 0, 0, 0, 0, 20, 0, 0, 0, 0, 0, 0, 0, 0, 0, 1, 0, 0, 0, 0, 1, 0, 0, 0, 0, 0, 0, 0, 0]
quota_sample,window-000520000000,312,99841,0,0,418,1566,[0, 0, 0, 0, 0, 0, 0, 0, 0, 0, 0, 0, 0, 0, 0, 0, 0, 0, 0, 0, 0, 0, 0, 0, 0, 0, 0, 0, 312, 0, 0, 0, 0]
quota_sample,window-000670000000,124,99971,1370,1144,1024,2478,[0, 0, 0, 0, 0, 0, 0, 0, 0, 0, 0, 0, 0, 0, 0, 0, 0, 0, 0, 0, 0, 0, 0, 0, 0, 0, 0, 0, 0, 99, 19, 6, 0]
quota_sample,window-000710000000,46,99798,16690,14427,786,2504,[0, 0, 0, 0, 0, 0, 0, 0, 0, 0, 0, 0, 0, 0, 0, 0, 0, 0, 0, 13, 2, 0, 0, 0, 0, 0, 0, 0, 0, 31, 0, 0, 0]
quota_shape,training-bulk-1024-1024-6143,8038,22494,1024,6143,15,8192,32768,16384,33,34952368,67108864,798720,0.822218214,[1024, 1710, 310, 316, 270, 1134, 143, 8, 20, 77, 183, 20, 317, 179, 37, 20, 8, 32, 37, 20, 32, 8, 8, 8, 124, 680, 293, 124, 128, 384, 384]
quota_sample,window-000000000000,22,99344,24016,19992,909,3361,[2, 0, 0, 16, 0, 0, 0, 0, 0, 0, 0, 0, 0, 0, 0, 1, 0, 0, 3, 0, 0, 0, 0, 0, 0, 0, 0, 0, 0, 0, 0, 0, 0]
quota_sample,window-000055000000,22,99845,24869,22465,542,2380,[10, 0, 12, 0, 0, 0, 0, 0, 0, 0, 0, 0, 0, 0, 0, 0, 0, 0, 0, 0, 0, 0, 0, 0, 0, 0, 0, 0, 0, 0, 0, 0, 0]
quota_sample,window-000115000000,20,97060,19943,17324,528,2434,[0, 0, 0, 0, 4, 0, 0, 0, 0, 0, 0, 0, 0, 0, 0, 0, 0, 0, 0, 0, 0, 0, 0, 0, 0, 16, 0, 0, 0, 0, 0, 0, 0]
quota_sample,window-000195000000,33,98455,20510,17112,1024,2978,[0, 0, 0, 0, 2, 0, 0, 0, 0, 0, 0, 0, 0, 0, 14, 0, 0, 0, 0, 0, 0, 0, 0, 0, 0, 0, 16, 0, 0, 0, 0, 1, 0]
quota_sample,window-000380000000,25,99820,21960,19228,828,2876,[4, 0, 0, 0, 0, 0, 0, 0, 0, 16, 0, 0, 0, 0, 0, 0, 0, 0, 0, 0, 0, 0, 0, 0, 5, 0, 0, 0, 0, 0, 0, 0, 0]
quota_sample,window-000390000000,26,96476,21895,19126,901,2915,[4, 0, 0, 0, 0, 0, 0, 0, 0, 20, 0, 0, 0, 0, 0, 0, 0, 0, 0, 1, 0, 0, 0, 0, 1, 0, 0, 0, 0, 0, 0, 0, 0]
quota_sample,window-000520000000,312,99841,0,0,418,1566,[0, 0, 0, 0, 0, 0, 0, 0, 0, 0, 0, 0, 0, 0, 0, 0, 0, 0, 0, 0, 0, 0, 0, 0, 0, 0, 0, 0, 312, 0, 0, 0, 0]
quota_sample,window-000670000000,124,99971,1370,1144,1024,2478,[0, 0, 0, 0, 0, 0, 0, 0, 0, 0, 0, 0, 0, 0, 0, 0, 0, 0, 0, 0, 0, 0, 0, 0, 0, 0, 0, 0, 0, 99, 19, 6, 0]
quota_sample,window-000710000000,46,99798,16690,14427,786,2504,[0, 0, 0, 0, 0, 0, 0, 0, 0, 0, 0, 0, 0, 0, 0, 0, 0, 0, 0, 13, 2, 0, 0, 0, 0, 0, 0, 0, 0, 31, 0, 0, 0]
quota_shape,training-bulk-1024-1024-8191,8038,22494,1024,8191,15,8192,32768,16384,33,35550384,67108864,798720,0.822965839,[1024, 1710, 310, 316, 270, 1134, 143, 8, 20, 77, 183, 20, 317, 179, 37, 20, 8, 32, 37, 20, 32, 8, 8, 8, 124, 680, 293, 124, 128, 384, 384]
quota_sample,window-000000000000,22,99344,24016,19992,909,3361,[2, 0, 0, 16, 0, 0, 0, 0, 0, 0, 0, 0, 0, 0, 0, 1, 0, 0, 3, 0, 0, 0, 0, 0, 0, 0, 0, 0, 0, 0, 0, 0, 0]
quota_sample,window-000055000000,22,99845,24869,22465,542,2380,[10, 0, 12, 0, 0, 0, 0, 0, 0, 0, 0, 0, 0, 0, 0, 0, 0, 0, 0, 0, 0, 0, 0, 0, 0, 0, 0, 0, 0, 0, 0, 0, 0]
quota_sample,window-000115000000,20,97060,19943,17324,528,2434,[0, 0, 0, 0, 4, 0, 0, 0, 0, 0, 0, 0, 0, 0, 0, 0, 0, 0, 0, 0, 0, 0, 0, 0, 0, 16, 0, 0, 0, 0, 0, 0, 0]
quota_sample,window-000195000000,33,98455,20510,17112,1024,2978,[0, 0, 0, 0, 2, 0, 0, 0, 0, 0, 0, 0, 0, 0, 14, 0, 0, 0, 0, 0, 0, 0, 0, 0, 0, 0, 16, 0, 0, 0, 0, 1, 0]
quota_sample,window-000380000000,25,99820,21960,19228,828,2876,[4, 0, 0, 0, 0, 0, 0, 0, 0, 16, 0, 0, 0, 0, 0, 0, 0, 0, 0, 0, 0, 0, 0, 0, 5, 0, 0, 0, 0, 0, 0, 0, 0]
quota_sample,window-000390000000,26,96476,21895,19126,901,2915,[4, 0, 0, 0, 0, 0, 0, 0, 0, 20, 0, 0, 0, 0, 0, 0, 0, 0, 0, 1, 0, 0, 0, 0, 1, 0, 0, 0, 0, 0, 0, 0, 0]
quota_sample,window-000520000000,312,99841,0,0,418,1566,[0, 0, 0, 0, 0, 0, 0, 0, 0, 0, 0, 0, 0, 0, 0, 0, 0, 0, 0, 0, 0, 0, 0, 0, 0, 0, 0, 0, 312, 0, 0, 0, 0]
quota_sample,window-000670000000,124,99971,1370,1144,1024,2478,[0, 0, 0, 0, 0, 0, 0, 0, 0, 0, 0, 0, 0, 0, 0, 0, 0, 0, 0, 0, 0, 0, 0, 0, 0, 0, 0, 0, 0, 99, 19, 6, 0]
quota_sample,window-000710000000,46,99798,16690,14427,786,2504,[0, 0, 0, 0, 0, 0, 0, 0, 0, 0, 0, 0, 0, 0, 0, 0, 0, 0, 0, 13, 2, 0, 0, 0, 0, 0, 0, 0, 0, 31, 0, 0, 0]
quota_shape,training-bulk-1024-1536-4095,8038,22494,1536,4095,15,8192,32768,8192,32,30935472,33554432,679936,0.810127147,[1024, 1710, 310, 316, 270, 1134, 143, 8, 20, 77, 183, 20, 317, 179, 37, 20, 8, 32, 37, 20, 32, 8, 8, 8, 124, 680, 293, 124, 128, 384, 384]
quota_sample,window-000000000000,22,99344,24016,19992,909,3872,[2, 0, 0, 16, 0, 0, 0, 0, 0, 0, 0, 0, 0, 0, 0, 1, 0, 0, 3, 0, 0, 0, 0, 0, 0, 0, 0, 0, 0, 0, 0, 0, 0]
quota_sample,window-000055000000,22,99845,24869,22465,542,2891,[10, 0, 12, 0, 0, 0, 0, 0, 0, 0, 0, 0, 0, 0, 0, 0, 0, 0, 0, 0, 0, 0, 0, 0, 0, 0, 0, 0, 0, 0, 0, 0, 0]
quota_sample,window-000115000000,20,97060,19943,17324,528,2945,[0, 0, 0, 0, 4, 0, 0, 0, 0, 0, 0, 0, 0, 0, 0, 0, 0, 0, 0, 0, 0, 0, 0, 0, 0, 16, 0, 0, 0, 0, 0, 0, 0]
quota_sample,window-000195000000,33,98455,20510,17112,1035,3484,[0, 0, 0, 0, 3, 0, 0, 0, 0, 0, 0, 0, 0, 0, 14, 0, 0, 0, 0, 0, 0, 0, 0, 0, 0, 0, 16, 0, 0, 0, 0, 0, 0]
quota_sample,window-000380000000,25,99820,21960,19228,828,3387,[4, 0, 0, 0, 0, 0, 0, 0, 0, 16, 0, 0, 0, 0, 0, 0, 0, 0, 0, 0, 0, 0, 0, 0, 5, 0, 0, 0, 0, 0, 0, 0, 0]
quota_sample,window-000390000000,26,96476,21895,19126,901,3426,[4, 0, 0, 0, 0, 0, 0, 0, 0, 20, 0, 0, 0, 0, 0, 0, 0, 0, 0, 1, 0, 0, 0, 0, 1, 0, 0, 0, 0, 0, 0, 0, 0]
quota_sample,window-000520000000,312,99841,0,0,418,2078,[0, 0, 0, 0, 0, 0, 0, 0, 0, 0, 0, 0, 0, 0, 0, 0, 0, 0, 0, 0, 0, 0, 0, 0, 0, 0, 0, 0, 312, 0, 0, 0, 0]
quota_sample,window-000670000000,123,99955,1370,1144,1164,2987,[0, 0, 0, 0, 0, 0, 0, 0, 0, 0, 0, 0, 0, 0, 0, 0, 0, 0, 0, 0, 0, 0, 0, 0, 0, 0, 0, 0, 0, 114, 9, 0, 0]
quota_sample,window-000710000000,46,99798,16690,14427,786,3015,[0, 0, 0, 0, 0, 0, 0, 0, 0, 0, 0, 0, 0, 0, 0, 0, 0, 0, 0, 13, 2, 0, 0, 0, 0, 0, 0, 0, 0, 31, 0, 0, 0]
quota_shape,training-bulk-1024-1536-6143,8038,22494,1536,6143,15,8192,32768,16384,33,35038896,67108864,798720,0.834091612,[1024, 1710, 310, 316, 270, 1134, 143, 8, 20, 77, 183, 20, 317, 179, 37, 20, 8, 32, 37, 20, 32, 8, 8, 8, 124, 680, 293, 124, 128, 384, 384]
quota_sample,window-000000000000,22,99344,24016,19992,909,3872,[2, 0, 0, 16, 0, 0, 0, 0, 0, 0, 0, 0, 0, 0, 0, 1, 0, 0, 3, 0, 0, 0, 0, 0, 0, 0, 0, 0, 0, 0, 0, 0, 0]
quota_sample,window-000055000000,22,99845,24869,22465,542,2891,[10, 0, 12, 0, 0, 0, 0, 0, 0, 0, 0, 0, 0, 0, 0, 0, 0, 0, 0, 0, 0, 0, 0, 0, 0, 0, 0, 0, 0, 0, 0, 0, 0]
quota_sample,window-000115000000,20,97060,19943,17324,528,2945,[0, 0, 0, 0, 4, 0, 0, 0, 0, 0, 0, 0, 0, 0, 0, 0, 0, 0, 0, 0, 0, 0, 0, 0, 0, 16, 0, 0, 0, 0, 0, 0, 0]
quota_sample,window-000195000000,33,98455,20510,17112,1035,3484,[0, 0, 0, 0, 3, 0, 0, 0, 0, 0, 0, 0, 0, 0, 14, 0, 0, 0, 0, 0, 0, 0, 0, 0, 0, 0, 16, 0, 0, 0, 0, 0, 0]
quota_sample,window-000380000000,25,99820,21960,19228,828,3387,[4, 0, 0, 0, 0, 0, 0, 0, 0, 16, 0, 0, 0, 0, 0, 0, 0, 0, 0, 0, 0, 0, 0, 0, 5, 0, 0, 0, 0, 0, 0, 0, 0]
quota_sample,window-000390000000,26,96476,21895,19126,901,3426,[4, 0, 0, 0, 0, 0, 0, 0, 0, 20, 0, 0, 0, 0, 0, 0, 0, 0, 0, 1, 0, 0, 0, 0, 1, 0, 0, 0, 0, 0, 0, 0, 0]
quota_sample,window-000520000000,312,99841,0,0,418,2078,[0, 0, 0, 0, 0, 0, 0, 0, 0, 0, 0, 0, 0, 0, 0, 0, 0, 0, 0, 0, 0, 0, 0, 0, 0, 0, 0, 0, 312, 0, 0, 0, 0]
quota_sample,window-000670000000,123,99955,1370,1144,1164,2987,[0, 0, 0, 0, 0, 0, 0, 0, 0, 0, 0, 0, 0, 0, 0, 0, 0, 0, 0, 0, 0, 0, 0, 0, 0, 0, 0, 0, 0, 114, 9, 0, 0]
quota_sample,window-000710000000,46,99798,16690,14427,786,3015,[0, 0, 0, 0, 0, 0, 0, 0, 0, 0, 0, 0, 0, 0, 0, 0, 0, 0, 0, 13, 2, 0, 0, 0, 0, 0, 0, 0, 0, 31, 0, 0, 0]
quota_shape,training-bulk-1024-1536-8191,8038,22494,1536,8191,15,8192,32768,16384,33,35636912,67108864,798720,0.817845765,[1024, 1710, 310, 316, 270, 1134, 143, 8, 20, 77, 183, 20, 317, 179, 37, 20, 8, 32, 37, 20, 32, 8, 8, 8, 124, 680, 293, 124, 128, 384, 384]
quota_sample,window-000000000000,22,99344,24016,19992,909,3872,[2, 0, 0, 16, 0, 0, 0, 0, 0, 0, 0, 0, 0, 0, 0, 1, 0, 0, 3, 0, 0, 0, 0, 0, 0, 0, 0, 0, 0, 0, 0, 0, 0]
quota_sample,window-000055000000,22,99845,24869,22465,542,2891,[10, 0, 12, 0, 0, 0, 0, 0, 0, 0, 0, 0, 0, 0, 0, 0, 0, 0, 0, 0, 0, 0, 0, 0, 0, 0, 0, 0, 0, 0, 0, 0, 0]
quota_sample,window-000115000000,20,97060,19943,17324,528,2945,[0, 0, 0, 0, 4, 0, 0, 0, 0, 0, 0, 0, 0, 0, 0, 0, 0, 0, 0, 0, 0, 0, 0, 0, 0, 16, 0, 0, 0, 0, 0, 0, 0]
quota_sample,window-000195000000,33,98455,20510,17112,1035,3484,[0, 0, 0, 0, 3, 0, 0, 0, 0, 0, 0, 0, 0, 0, 14, 0, 0, 0, 0, 0, 0, 0, 0, 0, 0, 0, 16, 0, 0, 0, 0, 0, 0]
quota_sample,window-000380000000,25,99820,21960,19228,828,3387,[4, 0, 0, 0, 0, 0, 0, 0, 0, 16, 0, 0, 0, 0, 0, 0, 0, 0, 0, 0, 0, 0, 0, 0, 5, 0, 0, 0, 0, 0, 0, 0, 0]
quota_sample,window-000390000000,26,96476,21895,19126,901,3426,[4, 0, 0, 0, 0, 0, 0, 0, 0, 20, 0, 0, 0, 0, 0, 0, 0, 0, 0, 1, 0, 0, 0, 0, 1, 0, 0, 0, 0, 0, 0, 0, 0]
quota_sample,window-000520000000,312,99841,0,0,418,2078,[0, 0, 0, 0, 0, 0, 0, 0, 0, 0, 0, 0, 0, 0, 0, 0, 0, 0, 0, 0, 0, 0, 0, 0, 0, 0, 0, 0, 312, 0, 0, 0, 0]
quota_sample,window-000670000000,123,99955,1370,1144,1164,2987,[0, 0, 0, 0, 0, 0, 0, 0, 0, 0, 0, 0, 0, 0, 0, 0, 0, 0, 0, 0, 0, 0, 0, 0, 0, 0, 0, 0, 0, 114, 9, 0, 0]
quota_sample,window-000710000000,46,99798,16690,14427,786,3015,[0, 0, 0, 0, 0, 0, 0, 0, 0, 0, 0, 0, 0, 0, 0, 0, 0, 0, 0, 13, 2, 0, 0, 0, 0, 0, 0, 0, 0, 31, 0, 0, 0]
quota_shape,training-bulk-1024-2048-4095,8038,22494,2048,4095,15,8192,32768,8192,32,31022000,33554432,679936,0.809423856,[1024, 1710, 310, 316, 270, 1134, 143, 8, 20, 77, 183, 20, 317, 179, 37, 20, 8, 32, 37, 20, 32, 8, 8, 8, 124, 680, 293, 124, 128, 384, 384]
quota_sample,window-000000000000,24,98443,23796,19809,790,4092,[0, 0, 0, 13, 0, 0, 0, 0, 0, 0, 0, 0, 0, 0, 0, 1, 0, 0, 3, 0, 0, 0, 0, 0, 0, 0, 0, 0, 0, 0, 0, 0, 7]
quota_sample,window-000055000000,22,99845,24869,22465,542,3403,[10, 0, 12, 0, 0, 0, 0, 0, 0, 0, 0, 0, 0, 0, 0, 0, 0, 0, 0, 0, 0, 0, 0, 0, 0, 0, 0, 0, 0, 0, 0, 0, 0]
quota_sample,window-000115000000,20,97060,19943,17324,528,3457,[0, 0, 0, 0, 4, 0, 0, 0, 0, 0, 0, 0, 0, 0, 0, 0, 0, 0, 0, 0, 0, 0, 0, 0, 0, 16, 0, 0, 0, 0, 0, 0, 0]
quota_sample,window-000195000000,33,98455,20510,17112,1035,3995,[0, 0, 0, 0, 3, 0, 0, 0, 0, 0, 0, 0, 0, 0, 14, 0, 0, 0, 0, 0, 0, 0, 0, 0, 0, 0, 16, 0, 0, 0, 0, 0, 0]
quota_sample,window-000380000000,25,99820,21960,19228,828,3899,[4, 0, 0, 0, 0, 0, 0, 0, 0, 16, 0, 0, 0, 0, 0, 0, 0, 0, 0, 0, 0, 0, 0, 0, 5, 0, 0, 0, 0, 0, 0, 0, 0]
quota_sample,window-000390000000,26,96476,21895,19126,901,3938,[4, 0, 0, 0, 0, 0, 0, 0, 0, 20, 0, 0, 0, 0, 0, 0, 0, 0, 0, 1, 0, 0, 0, 0, 1, 0, 0, 0, 0, 0, 0, 0, 0]
quota_sample,window-000520000000,312,99841,0,0,418,2589,[0, 0, 0, 0, 0, 0, 0, 0, 0, 0, 0, 0, 0, 0, 0, 0, 0, 0, 0, 0, 0, 0, 0, 0, 0, 0, 0, 0, 312, 0, 0, 0, 0]
quota_sample,window-000670000000,123,99955,1370,1144,1164,3498,[0, 0, 0, 0, 0, 0, 0, 0, 0, 0, 0, 0, 0, 0, 0, 0, 0, 0, 0, 0, 0, 0, 0, 0, 0, 0, 0, 0, 0, 114, 9, 0, 0]
quota_sample,window-000710000000,46,99798,16690,14427,786,3527,[0, 0, 0, 0, 0, 0, 0, 0, 0, 0, 0, 0, 0, 0, 0, 0, 0, 0, 0, 13, 2, 0, 0, 0, 0, 0, 0, 0, 0, 31, 0, 0, 0]
quota_shape,training-bulk-1024-2048-6143,8038,22494,2048,6143,15,8192,32768,16384,33,35125424,67108864,798720,0.819717583,[1024, 1710, 310, 316, 270, 1134, 143, 8, 20, 77, 183, 20, 317, 179, 37, 20, 8, 32, 37, 20, 32, 8, 8, 8, 124, 680, 293, 124, 128, 384, 384]
quota_sample,window-000000000000,22,99344,24016,19992,909,4384,[2, 0, 0, 16, 0, 0, 0, 0, 0, 0, 0, 0, 0, 0, 0, 1, 0, 0, 3, 0, 0, 0, 0, 0, 0, 0, 0, 0, 0, 0, 0, 0, 0]
quota_sample,window-000055000000,22,99845,24869,22465,542,3403,[10, 0, 12, 0, 0, 0, 0, 0, 0, 0, 0, 0, 0, 0, 0, 0, 0, 0, 0, 0, 0, 0, 0, 0, 0, 0, 0, 0, 0, 0, 0, 0, 0]
quota_sample,window-000115000000,20,97060,19943,17324,528,3457,[0, 0, 0, 0, 4, 0, 0, 0, 0, 0, 0, 0, 0, 0, 0, 0, 0, 0, 0, 0, 0, 0, 0, 0, 0, 16, 0, 0, 0, 0, 0, 0, 0]
quota_sample,window-000195000000,33,98455,20510,17112,1035,3995,[0, 0, 0, 0, 3, 0, 0, 0, 0, 0, 0, 0, 0, 0, 14, 0, 0, 0, 0, 0, 0, 0, 0, 0, 0, 0, 16, 0, 0, 0, 0, 0, 0]
quota_sample,window-000380000000,25,99820,21960,19228,828,3899,[4, 0, 0, 0, 0, 0, 0, 0, 0, 16, 0, 0, 0, 0, 0, 0, 0, 0, 0, 0, 0, 0, 0, 0, 5, 0, 0, 0, 0, 0, 0, 0, 0]
quota_sample,window-000390000000,26,96476,21895,19126,901,3938,[4, 0, 0, 0, 0, 0, 0, 0, 0, 20, 0, 0, 0, 0, 0, 0, 0, 0, 0, 1, 0, 0, 0, 0, 1, 0, 0, 0, 0, 0, 0, 0, 0]
quota_sample,window-000520000000,312,99841,0,0,418,2589,[0, 0, 0, 0, 0, 0, 0, 0, 0, 0, 0, 0, 0, 0, 0, 0, 0, 0, 0, 0, 0, 0, 0, 0, 0, 0, 0, 0, 312, 0, 0, 0, 0]
quota_sample,window-000670000000,123,99955,1370,1144,1164,3498,[0, 0, 0, 0, 0, 0, 0, 0, 0, 0, 0, 0, 0, 0, 0, 0, 0, 0, 0, 0, 0, 0, 0, 0, 0, 0, 0, 0, 0, 114, 9, 0, 0]
quota_sample,window-000710000000,46,99798,16690,14427,786,3527,[0, 0, 0, 0, 0, 0, 0, 0, 0, 0, 0, 0, 0, 0, 0, 0, 0, 0, 0, 13, 2, 0, 0, 0, 0, 0, 0, 0, 0, 31, 0, 0, 0]
quota_shape,training-bulk-1024-2048-8191,8038,22494,2048,8191,15,8192,32768,16384,33,35723440,67108864,798720,0.838522069,[1024, 1710, 310, 316, 270, 1134, 143, 8, 20, 77, 183, 20, 317, 179, 37, 20, 8, 32, 37, 20, 32, 8, 8, 8, 124, 680, 293, 124, 128, 384, 384]
quota_sample,window-000000000000,22,99344,24016,19992,909,4384,[2, 0, 0, 16, 0, 0, 0, 0, 0, 0, 0, 0, 0, 0, 0, 1, 0, 0, 3, 0, 0, 0, 0, 0, 0, 0, 0, 0, 0, 0, 0, 0, 0]
quota_sample,window-000055000000,22,99845,24869,22465,542,3403,[10, 0, 12, 0, 0, 0, 0, 0, 0, 0, 0, 0, 0, 0, 0, 0, 0, 0, 0, 0, 0, 0, 0, 0, 0, 0, 0, 0, 0, 0, 0, 0, 0]
quota_sample,window-000115000000,20,97060,19943,17324,528,3457,[0, 0, 0, 0, 4, 0, 0, 0, 0, 0, 0, 0, 0, 0, 0, 0, 0, 0, 0, 0, 0, 0, 0, 0, 0, 16, 0, 0, 0, 0, 0, 0, 0]
quota_sample,window-000195000000,33,98455,20510,17112,1035,3995,[0, 0, 0, 0, 3, 0, 0, 0, 0, 0, 0, 0, 0, 0, 14, 0, 0, 0, 0, 0, 0, 0, 0, 0, 0, 0, 16, 0, 0, 0, 0, 0, 0]
quota_sample,window-000380000000,25,99820,21960,19228,828,3899,[4, 0, 0, 0, 0, 0, 0, 0, 0, 16, 0, 0, 0, 0, 0, 0, 0, 0, 0, 0, 0, 0, 0, 0, 5, 0, 0, 0, 0, 0, 0, 0, 0]
quota_sample,window-000390000000,26,96476,21895,19126,901,3938,[4, 0, 0, 0, 0, 0, 0, 0, 0, 20, 0, 0, 0, 0, 0, 0, 0, 0, 0, 1, 0, 0, 0, 0, 1, 0, 0, 0, 0, 0, 0, 0, 0]
quota_sample,window-000520000000,312,99841,0,0,418,2589,[0, 0, 0, 0, 0, 0, 0, 0, 0, 0, 0, 0, 0, 0, 0, 0, 0, 0, 0, 0, 0, 0, 0, 0, 0, 0, 0, 0, 312, 0, 0, 0, 0]
quota_sample,window-000670000000,123,99955,1370,1144,1164,3498,[0, 0, 0, 0, 0, 0, 0, 0, 0, 0, 0, 0, 0, 0, 0, 0, 0, 0, 0, 0, 0, 0, 0, 0, 0, 0, 0, 0, 0, 114, 9, 0, 0]
quota_sample,window-000710000000,46,99798,16690,14427,786,3527,[0, 0, 0, 0, 0, 0, 0, 0, 0, 0, 0, 0, 0, 0, 0, 0, 0, 0, 0, 13, 2, 0, 0, 0, 0, 0, 0, 0, 0, 31, 0, 0, 0]
quota_shape,training-bulk-2048-1024-4095,16062,44950,1024,4095,16,16384,65536,8192,33,60031904,67108864,1339392,0.842997882,[2048, 3419, 619, 632, 539, 2268, 285, 16, 39, 154, 365, 39, 633, 357, 73, 39, 16, 64, 73, 39, 64, 16, 16, 16, 248, 1360, 585, 248, 256, 768, 768]
quota_sample,window-000000000000,11,93481,22579,18801,1024,3513,[0, 0, 0, 8, 0, 0, 0, 0, 0, 0, 0, 0, 0, 0, 1, 0, 0, 0, 0, 0, 0, 0, 0, 0, 0, 0, 0, 0, 0, 0, 0, 2, 0]
quota_sample,window-000055000000,11,99860,24873,22469,733,2405,[5, 0, 6, 0, 0, 0, 0, 0, 0, 0, 0, 0, 0, 0, 0, 0, 0, 0, 0, 0, 0, 0, 0, 0, 0, 0, 0, 0, 0, 0, 0, 0, 0]
quota_sample,window-000115000000,10,97045,19941,17322,731,2509,[0, 0, 0, 0, 2, 0, 0, 0, 0, 0, 0, 0, 0, 0, 0, 0, 0, 0, 0, 0, 0, 0, 0, 0, 0, 8, 0, 0, 0, 0, 0, 0, 0]
quota_sample,window-000195000000,17,94825,19618,16381,1024,2969,[0, 0, 0, 0, 0, 0, 0, 0, 0, 0, 0, 0, 0, 0, 7, 0, 0, 0, 0, 0, 0, 0, 0, 0, 0, 0, 6, 0, 0, 0, 0, 4, 0]
quota_sample,window-000380000000,12,93330,20572,18011,1024,3026,[1, 0, 0, 0, 0, 0, 0, 0, 0, 7, 0, 0, 0, 0, 0, 0, 0, 0, 0, 0, 0, 0, 0, 0, 2, 0, 0, 0, 0, 0, 0, 2, 0]
quota_sample,window-000390000000,14,98908,22468,19629,1024,2925,[1, 0, 0, 0, 0, 0, 0, 0, 0, 10, 0, 0, 0, 0, 0, 0, 0, 0, 0, 0, 0, 0, 0, 0, 0, 0, 0, 0, 0, 0, 0, 3, 0]
quota_sample,window-000520000000,156,99841,0,0,834,1937,[0, 0, 0, 0, 0, 0, 0, 0, 0, 0, 0, 0, 0, 0, 0, 0, 0, 0, 0, 0, 0, 0, 0, 0, 0, 0, 0, 0, 156, 0, 0, 0, 0]
quota_sample,window-000670000000,96,99991,1370,1144,1024,2467,[0, 0, 0, 0, 0, 0, 0, 0, 0, 0, 0, 0, 0, 0, 0, 0, 0, 0, 0, 0, 0, 0, 0, 0, 0, 0, 0, 0, 0, 0, 0, 96, 0]
quota_sample,window-000710000000,26,93910,15546,13439,1024,2524,[0, 0, 0, 0, 0, 0, 0, 0, 0, 0, 0, 0, 0, 0, 0, 0, 0, 0, 0, 5, 1, 0, 0, 0, 0, 0, 0, 0, 0, 0, 0, 20, 0]
quota_shape,training-bulk-2048-1024-6143,16062,44950,1024,6143,16,16384,65536,16384,33,64135328,67108864,1458176,0.864341960,[2048, 3419, 619, 632, 539, 2268, 285, 16, 39, 154, 365, 39, 633, 357, 73, 39, 16, 64, 73, 39, 64, 16, 16, 16, 248, 1360, 585, 248, 256, 768, 768]
quota_sample,window-000000000000,11,93481,22579,18801,1024,3513,[0, 0, 0, 8, 0, 0, 0, 0, 0, 0, 0, 0, 0, 0, 1, 0, 0, 0, 0, 0, 0, 0, 0, 0, 0, 0, 0, 0, 0, 0, 0, 2, 0]
quota_sample,window-000055000000,11,99860,24873,22469,733,2405,[5, 0, 6, 0, 0, 0, 0, 0, 0, 0, 0, 0, 0, 0, 0, 0, 0, 0, 0, 0, 0, 0, 0, 0, 0, 0, 0, 0, 0, 0, 0, 0, 0]
quota_sample,window-000115000000,10,97045,19941,17322,731,2509,[0, 0, 0, 0, 2, 0, 0, 0, 0, 0, 0, 0, 0, 0, 0, 0, 0, 0, 0, 0, 0, 0, 0, 0, 0, 8, 0, 0, 0, 0, 0, 0, 0]
quota_sample,window-000195000000,17,94825,19618,16381,1024,2969,[0, 0, 0, 0, 0, 0, 0, 0, 0, 0, 0, 0, 0, 0, 7, 0, 0, 0, 0, 0, 0, 0, 0, 0, 0, 0, 6, 0, 0, 0, 0, 4, 0]
quota_sample,window-000380000000,12,93330,20572,18011,1024,3026,[1, 0, 0, 0, 0, 0, 0, 0, 0, 7, 0, 0, 0, 0, 0, 0, 0, 0, 0, 0, 0, 0, 0, 0, 2, 0, 0, 0, 0, 0, 0, 2, 0]
quota_sample,window-000390000000,14,98908,22468,19629,1024,2925,[1, 0, 0, 0, 0, 0, 0, 0, 0, 10, 0, 0, 0, 0, 0, 0, 0, 0, 0, 0, 0, 0, 0, 0, 0, 0, 0, 0, 0, 0, 0, 3, 0]
quota_sample,window-000520000000,156,99841,0,0,834,1937,[0, 0, 0, 0, 0, 0, 0, 0, 0, 0, 0, 0, 0, 0, 0, 0, 0, 0, 0, 0, 0, 0, 0, 0, 0, 0, 0, 0, 156, 0, 0, 0, 0]
quota_sample,window-000670000000,96,99991,1370,1144,1024,2467,[0, 0, 0, 0, 0, 0, 0, 0, 0, 0, 0, 0, 0, 0, 0, 0, 0, 0, 0, 0, 0, 0, 0, 0, 0, 0, 0, 0, 0, 0, 0, 96, 0]
quota_sample,window-000710000000,26,93910,15546,13439,1024,2524,[0, 0, 0, 0, 0, 0, 0, 0, 0, 0, 0, 0, 0, 0, 0, 0, 0, 0, 0, 5, 1, 0, 0, 0, 0, 0, 0, 0, 0, 0, 0, 20, 0]
quota_shape,training-bulk-2048-1024-8191,16062,44950,1024,8191,16,16384,65536,16384,33,64733344,67108864,1458176,0.860984359,[2048, 3419, 619, 632, 539, 2268, 285, 16, 39, 154, 365, 39, 633, 357, 73, 39, 16, 64, 73, 39, 64, 16, 16, 16, 248, 1360, 585, 248, 256, 768, 768]
quota_sample,window-000000000000,11,93481,22579,18801,1024,3513,[0, 0, 0, 8, 0, 0, 0, 0, 0, 0, 0, 0, 0, 0, 1, 0, 0, 0, 0, 0, 0, 0, 0, 0, 0, 0, 0, 0, 0, 0, 0, 2, 0]
quota_sample,window-000055000000,11,99860,24873,22469,733,2405,[5, 0, 6, 0, 0, 0, 0, 0, 0, 0, 0, 0, 0, 0, 0, 0, 0, 0, 0, 0, 0, 0, 0, 0, 0, 0, 0, 0, 0, 0, 0, 0, 0]
quota_sample,window-000115000000,10,97045,19941,17322,731,2509,[0, 0, 0, 0, 2, 0, 0, 0, 0, 0, 0, 0, 0, 0, 0, 0, 0, 0, 0, 0, 0, 0, 0, 0, 0, 8, 0, 0, 0, 0, 0, 0, 0]
quota_sample,window-000195000000,17,94825,19618,16381,1024,2969,[0, 0, 0, 0, 0, 0, 0, 0, 0, 0, 0, 0, 0, 0, 7, 0, 0, 0, 0, 0, 0, 0, 0, 0, 0, 0, 6, 0, 0, 0, 0, 4, 0]
quota_sample,window-000380000000,12,93330,20572,18011,1024,3026,[1, 0, 0, 0, 0, 0, 0, 0, 0, 7, 0, 0, 0, 0, 0, 0, 0, 0, 0, 0, 0, 0, 0, 0, 2, 0, 0, 0, 0, 0, 0, 2, 0]
quota_sample,window-000390000000,14,98908,22468,19629,1024,2925,[1, 0, 0, 0, 0, 0, 0, 0, 0, 10, 0, 0, 0, 0, 0, 0, 0, 0, 0, 0, 0, 0, 0, 0, 0, 0, 0, 0, 0, 0, 0, 3, 0]
quota_sample,window-000520000000,156,99841,0,0,834,1937,[0, 0, 0, 0, 0, 0, 0, 0, 0, 0, 0, 0, 0, 0, 0, 0, 0, 0, 0, 0, 0, 0, 0, 0, 0, 0, 0, 0, 156, 0, 0, 0, 0]
quota_sample,window-000670000000,96,99991,1370,1144,1024,2467,[0, 0, 0, 0, 0, 0, 0, 0, 0, 0, 0, 0, 0, 0, 0, 0, 0, 0, 0, 0, 0, 0, 0, 0, 0, 0, 0, 0, 0, 0, 0, 96, 0]
quota_sample,window-000710000000,26,93910,15546,13439,1024,2524,[0, 0, 0, 0, 0, 0, 0, 0, 0, 0, 0, 0, 0, 0, 0, 0, 0, 0, 0, 5, 1, 0, 0, 0, 0, 0, 0, 0, 0, 0, 0, 20, 0]
quota_shape,training-bulk-2048-1536-4095,16062,44950,1536,4095,16,16384,65536,8192,33,60118432,67108864,1339392,0.870287355,[2048, 3419, 619, 632, 539, 2268, 285, 16, 39, 154, 365, 39, 633, 357, 73, 39, 16, 64, 73, 39, 64, 16, 16, 16, 248, 1360, 585, 248, 256, 768, 768]
quota_sample,window-000000000000,10,90892,21950,18277,1081,4019,[0, 0, 0, 8, 0, 0, 0, 0, 0, 0, 0, 0, 0, 0, 2, 0, 0, 0, 0, 0, 0, 0, 0, 0, 0, 0, 0, 0, 0, 0, 0, 0, 0]
quota_sample,window-000055000000,11,99860,24873,22469,733,2916,[5, 0, 6, 0, 0, 0, 0, 0, 0, 0, 0, 0, 0, 0, 0, 0, 0, 0, 0, 0, 0, 0, 0, 0, 0, 0, 0, 0, 0, 0, 0, 0, 0]
quota_sample,window-000115000000,10,97045,19941,17322,731,3020,[0, 0, 0, 0, 2, 0, 0, 0, 0, 0, 0, 0, 0, 0, 0, 0, 0, 0, 0, 0, 0, 0, 0, 0, 0, 8, 0, 0, 0, 0, 0, 0, 0]
quota_sample,window-000195000000,15,93477,19401,16194,1536,3482,[0, 0, 0, 0, 0, 0, 0, 0, 0, 0, 0, 0, 0, 0, 7, 0, 0, 0, 0, 0, 0, 0, 0, 0, 0, 0, 7, 0, 0, 0, 0, 1, 0]
quota_sample,window-000380000000,12,95789,21076,18456,1251,3603,[1, 1, 0, 0, 0, 0, 0, 0, 0, 8, 0, 0, 0, 0, 0, 0, 0, 0, 0, 0, 0, 0, 0, 0, 2, 0, 0, 0, 0, 0, 0, 0, 0]
quota_sample,window-000390000000,12,90550,20532,17935,1268,3498,[3, 0, 0, 0, 0, 0, 0, 0, 0, 9, 0, 0, 0, 0, 0, 0, 0, 0, 0, 0, 0, 0, 0, 0, 0, 0, 0, 0, 0, 0, 0, 0, 0]
quota_sample,window-000520000000,156,99841,0,0,834,2448,[0, 0, 0, 0, 0, 0, 0, 0, 0, 0, 0, 0, 0, 0, 0, 0, 0, 0, 0, 0, 0, 0, 0, 0, 0, 0, 0, 0, 156, 0, 0, 0, 0]
quota_sample,window-000670000000,63,98286,1205,1005,1536,2990,[0, 0, 0, 0, 0, 0, 0, 0, 0, 0, 0, 0, 0, 0, 0, 0, 0, 0, 0, 0, 0, 0, 0, 0, 0, 0, 0, 0, 0, 0, 0, 63, 0]
quota_sample,window-000710000000,22,94832,15728,13595,1212,3035,[0, 0, 0, 0, 0, 0, 0, 0, 0, 0, 0, 0, 0, 0, 0, 0, 0, 0, 0, 6, 1, 0, 0, 0, 0, 0, 0, 0, 0, 15, 0, 0, 0]
quota_shape,training-bulk-2048-1536-6143,16062,44950,1536,6143,16,16384,65536,16384,33,64221856,67108864,1458176,0.865154757,[2048, 3419, 619, 632, 539, 2268, 285, 16, 39, 154, 365, 39, 633, 357, 73, 39, 16, 64, 73, 39, 64, 16, 16, 16, 248, 1360, 585, 248, 256, 768, 768]
quota_sample,window-000000000000,10,90892,21950,18277,1081,4019,[0, 0, 0, 8, 0, 0, 0, 0, 0, 0, 0, 0, 0, 0, 2, 0, 0, 0, 0, 0, 0, 0, 0, 0, 0, 0, 0, 0, 0, 0, 0, 0, 0]
quota_sample,window-000055000000,11,99860,24873,22469,733,2916,[5, 0, 6, 0, 0, 0, 0, 0, 0, 0, 0, 0, 0, 0, 0, 0, 0, 0, 0, 0, 0, 0, 0, 0, 0, 0, 0, 0, 0, 0, 0, 0, 0]
quota_sample,window-000115000000,10,97045,19941,17322,731,3020,[0, 0, 0, 0, 2, 0, 0, 0, 0, 0, 0, 0, 0, 0, 0, 0, 0, 0, 0, 0, 0, 0, 0, 0, 0, 8, 0, 0, 0, 0, 0, 0, 0]
quota_sample,window-000195000000,15,93477,19401,16194,1536,3482,[0, 0, 0, 0, 0, 0, 0, 0, 0, 0, 0, 0, 0, 0, 7, 0, 0, 0, 0, 0, 0, 0, 0, 0, 0, 0, 7, 0, 0, 0, 0, 1, 0]
quota_sample,window-000380000000,12,95789,21076,18456,1251,3603,[1, 1, 0, 0, 0, 0, 0, 0, 0, 8, 0, 0, 0, 0, 0, 0, 0, 0, 0, 0, 0, 0, 0, 0, 2, 0, 0, 0, 0, 0, 0, 0, 0]
quota_sample,window-000390000000,12,90550,20532,17935,1268,3498,[3, 0, 0, 0, 0, 0, 0, 0, 0, 9, 0, 0, 0, 0, 0, 0, 0, 0, 0, 0, 0, 0, 0, 0, 0, 0, 0, 0, 0, 0, 0, 0, 0]
quota_sample,window-000520000000,156,99841,0,0,834,2448,[0, 0, 0, 0, 0, 0, 0, 0, 0, 0, 0, 0, 0, 0, 0, 0, 0, 0, 0, 0, 0, 0, 0, 0, 0, 0, 0, 0, 156, 0, 0, 0, 0]
quota_sample,window-000670000000,63,98286,1205,1005,1536,2990,[0, 0, 0, 0, 0, 0, 0, 0, 0, 0, 0, 0, 0, 0, 0, 0, 0, 0, 0, 0, 0, 0, 0, 0, 0, 0, 0, 0, 0, 0, 0, 63, 0]
quota_sample,window-000710000000,22,94832,15728,13595,1212,3035,[0, 0, 0, 0, 0, 0, 0, 0, 0, 0, 0, 0, 0, 0, 0, 0, 0, 0, 0, 6, 1, 0, 0, 0, 0, 0, 0, 0, 0, 15, 0, 0, 0]
quota_shape,training-bulk-2048-1536-8191,16062,44950,1536,8191,16,16384,65536,16384,33,64819872,67108864,1458176,0.850366511,[2048, 3419, 619, 632, 539, 2268, 285, 16, 39, 154, 365, 39, 633, 357, 73, 39, 16, 64, 73, 39, 64, 16, 16, 16, 248, 1360, 585, 248, 256, 768, 768]
quota_sample,window-000000000000,10,90892,21950,18277,1081,4019,[0, 0, 0, 8, 0, 0, 0, 0, 0, 0, 0, 0, 0, 0, 2, 0, 0, 0, 0, 0, 0, 0, 0, 0, 0, 0, 0, 0, 0, 0, 0, 0, 0]
quota_sample,window-000055000000,11,99860,24873,22469,733,2916,[5, 0, 6, 0, 0, 0, 0, 0, 0, 0, 0, 0, 0, 0, 0, 0, 0, 0, 0, 0, 0, 0, 0, 0, 0, 0, 0, 0, 0, 0, 0, 0, 0]
quota_sample,window-000115000000,10,97045,19941,17322,731,3020,[0, 0, 0, 0, 2, 0, 0, 0, 0, 0, 0, 0, 0, 0, 0, 0, 0, 0, 0, 0, 0, 0, 0, 0, 0, 8, 0, 0, 0, 0, 0, 0, 0]
quota_sample,window-000195000000,15,93477,19401,16194,1536,3482,[0, 0, 0, 0, 0, 0, 0, 0, 0, 0, 0, 0, 0, 0, 7, 0, 0, 0, 0, 0, 0, 0, 0, 0, 0, 0, 7, 0, 0, 0, 0, 1, 0]
quota_sample,window-000380000000,12,95789,21076,18456,1251,3603,[1, 1, 0, 0, 0, 0, 0, 0, 0, 8, 0, 0, 0, 0, 0, 0, 0, 0, 0, 0, 0, 0, 0, 0, 2, 0, 0, 0, 0, 0, 0, 0, 0]
quota_sample,window-000390000000,12,90550,20532,17935,1268,3498,[3, 0, 0, 0, 0, 0, 0, 0, 0, 9, 0, 0, 0, 0, 0, 0, 0, 0, 0, 0, 0, 0, 0, 0, 0, 0, 0, 0, 0, 0, 0, 0, 0]
quota_sample,window-000520000000,156,99841,0,0,834,2448,[0, 0, 0, 0, 0, 0, 0, 0, 0, 0, 0, 0, 0, 0, 0, 0, 0, 0, 0, 0, 0, 0, 0, 0, 0, 0, 0, 0, 156, 0, 0, 0, 0]
quota_sample,window-000670000000,63,98286,1205,1005,1536,2990,[0, 0, 0, 0, 0, 0, 0, 0, 0, 0, 0, 0, 0, 0, 0, 0, 0, 0, 0, 0, 0, 0, 0, 0, 0, 0, 0, 0, 0, 0, 0, 63, 0]
quota_sample,window-000710000000,22,94832,15728,13595,1212,3035,[0, 0, 0, 0, 0, 0, 0, 0, 0, 0, 0, 0, 0, 0, 0, 0, 0, 0, 0, 6, 1, 0, 0, 0, 0, 0, 0, 0, 0, 15, 0, 0, 0]
quota_shape,training-bulk-2048-2048-4095,16062,44950,2048,4095,16,16384,65536,8192,33,60204960,67108864,1339392,0.851143551,[2048, 3419, 619, 632, 539, 2268, 285, 16, 39, 154, 365, 39, 633, 357, 73, 39, 16, 64, 73, 39, 64, 16, 16, 16, 248, 1360, 585, 248, 256, 768, 768]
quota_sample,window-000000000000,16,98443,23796,19809,905,4094,[0, 0, 0, 6, 0, 0, 0, 0, 0, 0, 0, 0, 0, 0, 1, 0, 0, 0, 0, 0, 0, 0, 0, 0, 0, 0, 0, 0, 0, 0, 0, 0, 9]
quota_sample,window-000055000000,11,99860,24873,22469,733,3428,[5, 0, 6, 0, 0, 0, 0, 0, 0, 0, 0, 0, 0, 0, 0, 0, 0, 0, 0, 0, 0, 0, 0, 0, 0, 0, 0, 0, 0, 0, 0, 0, 0]
quota_sample,window-000115000000,10,97045,19941,17322,731,3532,[0, 0, 0, 0, 2, 0, 0, 0, 0, 0, 0, 0, 0, 0, 0, 0, 0, 0, 0, 0, 0, 0, 0, 0, 0, 8, 0, 0, 0, 0, 0, 0, 0]
quota_sample,window-000195000000,15,94355,19536,16312,1687,3993,[0, 0, 0, 0, 0, 0, 0, 0, 0, 0, 0, 0, 0, 0, 7, 0, 0, 0, 0, 0, 0, 0, 0, 0, 0, 0, 8, 0, 0, 0, 0, 0, 0]
quota_sample,window-000380000000,12,94897,20892,18294,1251,4093,[1, 0, 0, 0, 0, 0, 0, 0, 0, 8, 0, 0, 0, 0, 0, 0, 0, 0, 0, 0, 0, 0, 0, 0, 2, 0, 0, 0, 0, 0, 0, 0, 1]
quota_sample,window-000390000000,12,90550,20532,17935,1268,4009,[3, 0, 0, 0, 0, 0, 0, 0, 0, 9, 0, 0, 0, 0, 0, 0, 0, 0, 0, 0, 0, 0, 0, 0, 0, 0, 0, 0, 0, 0, 0, 0, 0]
quota_sample,window-000520000000,156,99841,0,0,834,2960,[0, 0, 0, 0, 0, 0, 0, 0, 0, 0, 0, 0, 0, 0, 0, 0, 0, 0, 0, 0, 0, 0, 0, 0, 0, 0, 0, 0, 156, 0, 0, 0, 0]
quota_sample,window-000670000000,61,99187,1370,1144,1932,3502,[0, 0, 0, 0, 0, 0, 0, 0, 0, 0, 0, 0, 0, 0, 0, 0, 0, 0, 0, 0, 0, 0, 0, 0, 0, 0, 0, 0, 0, 57, 4, 0, 0]
quota_sample,window-000710000000,22,94832,15728,13595,1212,3547,[0, 0, 0, 0, 0, 0, 0, 0, 0, 0, 0, 0, 0, 0, 0, 0, 0, 0, 0, 6, 1, 0, 0, 0, 0, 0, 0, 0, 0, 15, 0, 0, 0]
quota_shape,training-bulk-2048-2048-6143,16062,44950,2048,6143,16,16384,65536,16384,33,64308384,67108864,1458176,0.876575624,[2048, 3419, 619, 632, 539, 2268, 285, 16, 39, 154, 365, 39, 633, 357, 73, 39, 16, 64, 73, 39, 64, 16, 16, 16, 248, 1360, 585, 248, 256, 768, 768]
quota_sample,window-000000000000,10,90892,21950,18277,1081,4530,[0, 0, 0, 8, 0, 0, 0, 0, 0, 0, 0, 0, 0, 0, 2, 0, 0, 0, 0, 0, 0, 0, 0, 0, 0, 0, 0, 0, 0, 0, 0, 0, 0]
quota_sample,window-000055000000,11,99860,24873,22469,733,3428,[5, 0, 6, 0, 0, 0, 0, 0, 0, 0, 0, 0, 0, 0, 0, 0, 0, 0, 0, 0, 0, 0, 0, 0, 0, 0, 0, 0, 0, 0, 0, 0, 0]
quota_sample,window-000115000000,10,97045,19941,17322,731,3532,[0, 0, 0, 0, 2, 0, 0, 0, 0, 0, 0, 0, 0, 0, 0, 0, 0, 0, 0, 0, 0, 0, 0, 0, 0, 8, 0, 0, 0, 0, 0, 0, 0]
quota_sample,window-000195000000,15,94355,19536,16312,1687,3993,[0, 0, 0, 0, 0, 0, 0, 0, 0, 0, 0, 0, 0, 0, 7, 0, 0, 0, 0, 0, 0, 0, 0, 0, 0, 0, 8, 0, 0, 0, 0, 0, 0]
quota_sample,window-000380000000,12,95789,21076,18456,1251,4114,[1, 1, 0, 0, 0, 0, 0, 0, 0, 8, 0, 0, 0, 0, 0, 0, 0, 0, 0, 0, 0, 0, 0, 0, 2, 0, 0, 0, 0, 0, 0, 0, 0]
quota_sample,window-000390000000,12,90550,20532,17935,1268,4009,[3, 0, 0, 0, 0, 0, 0, 0, 0, 9, 0, 0, 0, 0, 0, 0, 0, 0, 0, 0, 0, 0, 0, 0, 0, 0, 0, 0, 0, 0, 0, 0, 0]
quota_sample,window-000520000000,156,99841,0,0,834,2960,[0, 0, 0, 0, 0, 0, 0, 0, 0, 0, 0, 0, 0, 0, 0, 0, 0, 0, 0, 0, 0, 0, 0, 0, 0, 0, 0, 0, 156, 0, 0, 0, 0]
quota_sample,window-000670000000,61,99187,1370,1144,1932,3502,[0, 0, 0, 0, 0, 0, 0, 0, 0, 0, 0, 0, 0, 0, 0, 0, 0, 0, 0, 0, 0, 0, 0, 0, 0, 0, 0, 0, 0, 57, 4, 0, 0]
quota_sample,window-000710000000,22,94832,15728,13595,1212,3547,[0, 0, 0, 0, 0, 0, 0, 0, 0, 0, 0, 0, 0, 0, 0, 0, 0, 0, 0, 6, 1, 0, 0, 0, 0, 0, 0, 0, 0, 15, 0, 0, 0]
quota_shape,training-bulk-2048-2048-8191,16062,44950,2048,8191,16,16384,65536,16384,33,64906400,67108864,1458176,1.050268561,[2048, 3419, 619, 632, 539, 2268, 285, 16, 39, 154, 365, 39, 633, 357, 73, 39, 16, 64, 73, 39, 64, 16, 16, 16, 248, 1360, 585, 248, 256, 768, 768]
quota_sample,window-000000000000,10,90892,21950,18277,1081,4530,[0, 0, 0, 8, 0, 0, 0, 0, 0, 0, 0, 0, 0, 0, 2, 0, 0, 0, 0, 0, 0, 0, 0, 0, 0, 0, 0, 0, 0, 0, 0, 0, 0]
quota_sample,window-000055000000,11,99860,24873,22469,733,3428,[5, 0, 6, 0, 0, 0, 0, 0, 0, 0, 0, 0, 0, 0, 0, 0, 0, 0, 0, 0, 0, 0, 0, 0, 0, 0, 0, 0, 0, 0, 0, 0, 0]
quota_sample,window-000115000000,10,97045,19941,17322,731,3532,[0, 0, 0, 0, 2, 0, 0, 0, 0, 0, 0, 0, 0, 0, 0, 0, 0, 0, 0, 0, 0, 0, 0, 0, 0, 8, 0, 0, 0, 0, 0, 0, 0]
quota_sample,window-000195000000,15,94355,19536,16312,1687,3993,[0, 0, 0, 0, 0, 0, 0, 0, 0, 0, 0, 0, 0, 0, 7, 0, 0, 0, 0, 0, 0, 0, 0, 0, 0, 0, 8, 0, 0, 0, 0, 0, 0]
quota_sample,window-000380000000,12,95789,21076,18456,1251,4114,[1, 1, 0, 0, 0, 0, 0, 0, 0, 8, 0, 0, 0, 0, 0, 0, 0, 0, 0, 0, 0, 0, 0, 0, 2, 0, 0, 0, 0, 0, 0, 0, 0]
quota_sample,window-000390000000,12,90550,20532,17935,1268,4009,[3, 0, 0, 0, 0, 0, 0, 0, 0, 9, 0, 0, 0, 0, 0, 0, 0, 0, 0, 0, 0, 0, 0, 0, 0, 0, 0, 0, 0, 0, 0, 0, 0]
quota_sample,window-000520000000,156,99841,0,0,834,2960,[0, 0, 0, 0, 0, 0, 0, 0, 0, 0, 0, 0, 0, 0, 0, 0, 0, 0, 0, 0, 0, 0, 0, 0, 0, 0, 0, 0, 156, 0, 0, 0, 0]
quota_sample,window-000670000000,61,99187,1370,1144,1932,3502,[0, 0, 0, 0, 0, 0, 0, 0, 0, 0, 0, 0, 0, 0, 0, 0, 0, 0, 0, 0, 0, 0, 0, 0, 0, 0, 0, 0, 0, 57, 4, 0, 0]
quota_sample,window-000710000000,22,94832,15728,13595,1212,3547,[0, 0, 0, 0, 0, 0, 0, 0, 0, 0, 0, 0, 0, 0, 0, 0, 0, 0, 0, 6, 1, 0, 0, 0, 0, 0, 0, 0, 0, 15, 0, 0, 0]
quota_shape,training-bulk-3072-1024-4095,24084,67394,1024,4095,18,32768,131072,8192,34,116522200,134217728,2740224,1.030065517,[3072, 5128, 928, 948, 808, 3402, 427, 24, 58, 230, 547, 58, 950, 535, 109, 58, 24, 96, 109, 58, 96, 24, 24, 24, 371, 2039, 878, 371, 384, 1152, 1152]
quota_sample,window-000000000000,9,98416,23789,19805,1024,3535,[0, 0, 0, 0, 0, 0, 0, 0, 0, 0, 0, 0, 0, 0, 0, 0, 0, 0, 0, 0, 0, 0, 0, 0, 0, 0, 0, 0, 0, 0, 0, 9, 0]
quota_sample,window-000055000000,7,95339,23747,21451,933,2473,[3, 0, 4, 0, 0, 0, 0, 0, 0, 0, 0, 0, 0, 0, 0, 0, 0, 0, 0, 0, 0, 0, 0, 0, 0, 0, 0, 0, 0, 0, 0, 0, 0]
quota_sample,window-000115000000,6,89171,18075,15792,977,2651,[0, 0, 0, 0, 1, 0, 0, 0, 0, 0, 0, 0, 0, 0, 0, 0, 0, 0, 0, 0, 0, 0, 0, 0, 0, 5, 0, 0, 0, 0, 0, 0, 0]
quota_sample,window-000195000000,14,94765,19604,16369,1024,2974,[0, 0, 0, 0, 0, 0, 0, 0, 0, 0, 0, 0, 0, 0, 0, 0, 0, 0, 3, 0, 0, 0, 0, 0, 0, 0, 0, 0, 0, 0, 0, 11, 0]
quota_sample,window-000380000000,9,86456,19164,16768,1024,2755,[0, 0, 0, 0, 0, 0, 0, 0, 0, 0, 0, 0, 0, 0, 0, 0, 0, 0, 0, 0, 0, 0, 0, 0, 1, 0, 0, 0, 0, 0, 0, 8, 0]
quota_sample,window-000390000000,11,96768,21963,19186,1024,2909,[0, 0, 0, 0, 0, 0, 0, 0, 0, 0, 0, 0, 0, 0, 0, 0, 0, 0, 0, 0, 0, 0, 0, 0, 0, 0, 0, 0, 0, 0, 0, 11, 0]
quota_sample,window-000520000000,127,99905,0,0,1024,2131,[0, 0, 0, 0, 0, 0, 0, 0, 0, 0, 0, 0, 0, 0, 0, 0, 0, 0, 0, 0, 0, 0, 0, 0, 0, 0, 0, 0, 0, 0, 0, 127, 0]
quota_sample,window-000670000000,96,99991,1370,1144,1024,2467,[0, 0, 0, 0, 0, 0, 0, 0, 0, 0, 0, 0, 0, 0, 0, 0, 0, 0, 0, 0, 0, 0, 0, 0, 0, 0, 0, 0, 0, 0, 0, 96, 0]
quota_sample,window-000710000000,25,96328,16018,13846,1024,2546,[0, 0, 0, 0, 0, 0, 0, 0, 0, 0, 0, 0, 0, 0, 0, 0, 0, 0, 0, 1, 0, 0, 0, 0, 0, 0, 0, 0, 0, 0, 0, 24, 0]
quota_shape,training-bulk-3072-1024-6143,24084,67394,1024,6143,18,32768,131072,16384,34,120625624,134217728,2859008,1.128052685,[3072, 5128, 928, 948, 808, 3402, 427, 24, 58, 230, 547, 58, 950, 535, 109, 58, 24, 96, 109, 58, 96, 24, 24, 24, 371, 2039, 878, 371, 384, 1152, 1152]
quota_sample,window-000000000000,9,98416,23789,19805,1024,3535,[0, 0, 0, 0, 0, 0, 0, 0, 0, 0, 0, 0, 0, 0, 0, 0, 0, 0, 0, 0, 0, 0, 0, 0, 0, 0, 0, 0, 0, 0, 0, 9, 0]
quota_sample,window-000055000000,7,95339,23747,21451,933,2473,[3, 0, 4, 0, 0, 0, 0, 0, 0, 0, 0, 0, 0, 0, 0, 0, 0, 0, 0, 0, 0, 0, 0, 0, 0, 0, 0, 0, 0, 0, 0, 0, 0]
quota_sample,window-000115000000,6,89171,18075,15792,977,2651,[0, 0, 0, 0, 1, 0, 0, 0, 0, 0, 0, 0, 0, 0, 0, 0, 0, 0, 0, 0, 0, 0, 0, 0, 0, 5, 0, 0, 0, 0, 0, 0, 0]
quota_sample,window-000195000000,14,94765,19604,16369,1024,2974,[0, 0, 0, 0, 0, 0, 0, 0, 0, 0, 0, 0, 0, 0, 0, 0, 0, 0, 3, 0, 0, 0, 0, 0, 0, 0, 0, 0, 0, 0, 0, 11, 0]
quota_sample,window-000380000000,9,86456,19164,16768,1024,2755,[0, 0, 0, 0, 0, 0, 0, 0, 0, 0, 0, 0, 0, 0, 0, 0, 0, 0, 0, 0, 0, 0, 0, 0, 1, 0, 0, 0, 0, 0, 0, 8, 0]
quota_sample,window-000390000000,11,96768,21963,19186,1024,2909,[0, 0, 0, 0, 0, 0, 0, 0, 0, 0, 0, 0, 0, 0, 0, 0, 0, 0, 0, 0, 0, 0, 0, 0, 0, 0, 0, 0, 0, 0, 0, 11, 0]
quota_sample,window-000520000000,127,99905,0,0,1024,2131,[0, 0, 0, 0, 0, 0, 0, 0, 0, 0, 0, 0, 0, 0, 0, 0, 0, 0, 0, 0, 0, 0, 0, 0, 0, 0, 0, 0, 0, 0, 0, 127, 0]
quota_sample,window-000670000000,96,99991,1370,1144,1024,2467,[0, 0, 0, 0, 0, 0, 0, 0, 0, 0, 0, 0, 0, 0, 0, 0, 0, 0, 0, 0, 0, 0, 0, 0, 0, 0, 0, 0, 0, 0, 0, 96, 0]
quota_sample,window-000710000000,25,96328,16018,13846,1024,2546,[0, 0, 0, 0, 0, 0, 0, 0, 0, 0, 0, 0, 0, 0, 0, 0, 0, 0, 0, 1, 0, 0, 0, 0, 0, 0, 0, 0, 0, 0, 0, 24, 0]
quota_shape,training-bulk-3072-1024-8191,24084,67394,1024,8191,18,32768,131072,16384,34,121223640,134217728,2859008,1.096029904,[3072, 5128, 928, 948, 808, 3402, 427, 24, 58, 230, 547, 58, 950, 535, 109, 58, 24, 96, 109, 58, 96, 24, 24, 24, 371, 2039, 878, 371, 384, 1152, 1152]
quota_sample,window-000000000000,9,98416,23789,19805,1024,3535,[0, 0, 0, 0, 0, 0, 0, 0, 0, 0, 0, 0, 0, 0, 0, 0, 0, 0, 0, 0, 0, 0, 0, 0, 0, 0, 0, 0, 0, 0, 0, 9, 0]
quota_sample,window-000055000000,7,95339,23747,21451,933,2473,[3, 0, 4, 0, 0, 0, 0, 0, 0, 0, 0, 0, 0, 0, 0, 0, 0, 0, 0, 0, 0, 0, 0, 0, 0, 0, 0, 0, 0, 0, 0, 0, 0]
quota_sample,window-000115000000,6,89171,18075,15792,977,2651,[0, 0, 0, 0, 1, 0, 0, 0, 0, 0, 0, 0, 0, 0, 0, 0, 0, 0, 0, 0, 0, 0, 0, 0, 0, 5, 0, 0, 0, 0, 0, 0, 0]
quota_sample,window-000195000000,14,94765,19604,16369,1024,2974,[0, 0, 0, 0, 0, 0, 0, 0, 0, 0, 0, 0, 0, 0, 0, 0, 0, 0, 3, 0, 0, 0, 0, 0, 0, 0, 0, 0, 0, 0, 0, 11, 0]
quota_sample,window-000380000000,9,86456,19164,16768,1024,2755,[0, 0, 0, 0, 0, 0, 0, 0, 0, 0, 0, 0, 0, 0, 0, 0, 0, 0, 0, 0, 0, 0, 0, 0, 1, 0, 0, 0, 0, 0, 0, 8, 0]
quota_sample,window-000390000000,11,96768,21963,19186,1024,2909,[0, 0, 0, 0, 0, 0, 0, 0, 0, 0, 0, 0, 0, 0, 0, 0, 0, 0, 0, 0, 0, 0, 0, 0, 0, 0, 0, 0, 0, 0, 0, 11, 0]
quota_sample,window-000520000000,127,99905,0,0,1024,2131,[0, 0, 0, 0, 0, 0, 0, 0, 0, 0, 0, 0, 0, 0, 0, 0, 0, 0, 0, 0, 0, 0, 0, 0, 0, 0, 0, 0, 0, 0, 0, 127, 0]
quota_sample,window-000670000000,96,99991,1370,1144,1024,2467,[0, 0, 0, 0, 0, 0, 0, 0, 0, 0, 0, 0, 0, 0, 0, 0, 0, 0, 0, 0, 0, 0, 0, 0, 0, 0, 0, 0, 0, 0, 0, 96, 0]
quota_sample,window-000710000000,25,96328,16018,13846,1024,2546,[0, 0, 0, 0, 0, 0, 0, 0, 0, 0, 0, 0, 0, 0, 0, 0, 0, 0, 0, 1, 0, 0, 0, 0, 0, 0, 0, 0, 0, 0, 0, 24, 0]
quota_shape,training-bulk-3072-1536-4095,24084,67394,1536,4095,18,32768,131072,8192,34,116608728,134217728,2740224,1.313898666,[3072, 5128, 928, 948, 808, 3402, 427, 24, 58, 230, 547, 58, 950, 535, 109, 58, 24, 96, 109, 58, 96, 24, 24, 24, 371, 2039, 878, 371, 384, 1152, 1152]
quota_sample,window-000000000000,7,88577,21378,17805,1250,4095,[0, 0, 0, 5, 0, 0, 0, 0, 0, 0, 0, 0, 0, 0, 0, 0, 0, 0, 0, 0, 0, 0, 0, 0, 0, 0, 0, 0, 0, 0, 0, 0, 2]
quota_sample,window-000055000000,7,95339,23747,21451,933,2984,[3, 0, 4, 0, 0, 0, 0, 0, 0, 0, 0, 0, 0, 0, 0, 0, 0, 0, 0, 0, 0, 0, 0, 0, 0, 0, 0, 0, 0, 0, 0, 0, 0]
quota_sample,window-000115000000,6,89171,18075,15792,977,3162,[0, 0, 0, 0, 1, 0, 0, 0, 0, 0, 0, 0, 0, 0, 0, 0, 0, 0, 0, 0, 0, 0, 0, 0, 0, 5, 0, 0, 0, 0, 0, 0, 0]
quota_sample,window-000195000000,10,91975,19168,15990,1536,3483,[0, 0, 0, 0, 0, 0, 0, 0, 0, 0, 0, 0, 0, 0, 4, 0, 0, 0, 0, 0, 0, 0, 0, 0, 0, 0, 4, 0, 0, 0, 0, 2, 0]
quota_sample,window-000380000000,8,97719,21478,18807,1523,3716,[2, 0, 0, 0, 0, 0, 0, 0, 0, 5, 0, 0, 0, 0, 0, 0, 0, 0, 0, 0, 0, 0, 0, 0, 1, 0, 0, 0, 0, 0, 0, 0, 0]
quota_sample,window-000390000000,8,86435,19583,17103,1536,3723,[1, 0, 0, 0, 0, 0, 0, 0, 0, 6, 0, 0, 0, 0, 0, 0, 0, 0, 0, 0, 0, 0, 0, 0, 0, 0, 0, 0, 0, 0, 0, 1, 0]
quota_sample,window-000520000000,104,99841,0,0,1250,2838,[0, 0, 0, 0, 0, 0, 0, 0, 0, 0, 0, 0, 0, 0, 0, 0, 0, 0, 0, 0, 0, 0, 0, 0, 0, 0, 0, 0, 104, 0, 0, 0, 0]
test ixby::paged_exec::profile_tests::captured_window_quota_census has been running for over 60 seconds
quota_sample,window-000670000000,63,98286,1205,1005,1536,2990,[0, 0, 0, 0, 0, 0, 0, 0, 0, 0, 0, 0, 0, 0, 0, 0, 0, 0, 0, 0, 0, 0, 0, 0, 0, 0, 0, 0, 0, 0, 0, 63, 0]
quota_sample,window-000710000000,15,94076,15580,13467,1536,3091,[0, 0, 0, 0, 0, 0, 0, 0, 0, 0, 0, 0, 0, 0, 0, 0, 0, 0, 0, 4, 0, 0, 0, 0, 0, 0, 0, 0, 0, 0, 0, 11, 0]
quota_shape,training-bulk-3072-1536-6143,24084,67394,1536,6143,18,32768,131072,16384,34,120712152,134217728,2859008,1.324036861,[3072, 5128, 928, 948, 808, 3402, 427, 24, 58, 230, 547, 58, 950, 535, 109, 58, 24, 96, 109, 58, 96, 24, 24, 24, 371, 2039, 878, 371, 384, 1152, 1152]
quota_sample,window-000000000000,7,96640,23353,19441,1440,4469,[1, 0, 0, 5, 0, 0, 0, 0, 0, 0, 0, 0, 0, 0, 1, 0, 0, 0, 0, 0, 0, 0, 0, 0, 0, 0, 0, 0, 0, 0, 0, 0, 0]
quota_sample,window-000055000000,7,95339,23747,21451,933,2984,[3, 0, 4, 0, 0, 0, 0, 0, 0, 0, 0, 0, 0, 0, 0, 0, 0, 0, 0, 0, 0, 0, 0, 0, 0, 0, 0, 0, 0, 0, 0, 0, 0]
quota_sample,window-000115000000,6,89171,18075,15792,977,3162,[0, 0, 0, 0, 1, 0, 0, 0, 0, 0, 0, 0, 0, 0, 0, 0, 0, 0, 0, 0, 0, 0, 0, 0, 0, 5, 0, 0, 0, 0, 0, 0, 0]
quota_sample,window-000195000000,10,91975,19168,15990,1536,3483,[0, 0, 0, 0, 0, 0, 0, 0, 0, 0, 0, 0, 0, 0, 4, 0, 0, 0, 0, 0, 0, 0, 0, 0, 0, 0, 4, 0, 0, 0, 0, 2, 0]
quota_sample,window-000380000000,8,97719,21478,18807,1523,3716,[2, 0, 0, 0, 0, 0, 0, 0, 0, 5, 0, 0, 0, 0, 0, 0, 0, 0, 0, 0, 0, 0, 0, 0, 1, 0, 0, 0, 0, 0, 0, 0, 0]
quota_sample,window-000390000000,8,86435,19583,17103,1536,3723,[1, 0, 0, 0, 0, 0, 0, 0, 0, 6, 0, 0, 0, 0, 0, 0, 0, 0, 0, 0, 0, 0, 0, 0, 0, 0, 0, 0, 0, 0, 0, 1, 0]
quota_sample,window-000520000000,104,99841,0,0,1250,2838,[0, 0, 0, 0, 0, 0, 0, 0, 0, 0, 0, 0, 0, 0, 0, 0, 0, 0, 0, 0, 0, 0, 0, 0, 0, 0, 0, 0, 104, 0, 0, 0, 0]
quota_sample,window-000670000000,63,98286,1205,1005,1536,2990,[0, 0, 0, 0, 0, 0, 0, 0, 0, 0, 0, 0, 0, 0, 0, 0, 0, 0, 0, 0, 0, 0, 0, 0, 0, 0, 0, 0, 0, 0, 0, 63, 0]
quota_sample,window-000710000000,15,94076,15580,13467,1536,3091,[0, 0, 0, 0, 0, 0, 0, 0, 0, 0, 0, 0, 0, 0, 0, 0, 0, 0, 0, 4, 0, 0, 0, 0, 0, 0, 0, 0, 0, 0, 0, 11, 0]
quota_shape,training-bulk-3072-1536-8191,24084,67394,1536,8191,18,32768,131072,16384,34,121310168,134217728,2859008,1.155981029,[3072, 5128, 928, 948, 808, 3402, 427, 24, 58, 230, 547, 58, 950, 535, 109, 58, 24, 96, 109, 58, 96, 24, 24, 24, 371, 2039, 878, 371, 384, 1152, 1152]
quota_sample,window-000000000000,7,96640,23353,19441,1440,4469,[1, 0, 0, 5, 0, 0, 0, 0, 0, 0, 0, 0, 0, 0, 1, 0, 0, 0, 0, 0, 0, 0, 0, 0, 0, 0, 0, 0, 0, 0, 0, 0, 0]
quota_sample,window-000055000000,7,95339,23747,21451,933,2984,[3, 0, 4, 0, 0, 0, 0, 0, 0, 0, 0, 0, 0, 0, 0, 0, 0, 0, 0, 0, 0, 0, 0, 0, 0, 0, 0, 0, 0, 0, 0, 0, 0]
quota_sample,window-000115000000,6,89171,18075,15792,977,3162,[0, 0, 0, 0, 1, 0, 0, 0, 0, 0, 0, 0, 0, 0, 0, 0, 0, 0, 0, 0, 0, 0, 0, 0, 0, 5, 0, 0, 0, 0, 0, 0, 0]
quota_sample,window-000195000000,10,91975,19168,15990,1536,3483,[0, 0, 0, 0, 0, 0, 0, 0, 0, 0, 0, 0, 0, 0, 4, 0, 0, 0, 0, 0, 0, 0, 0, 0, 0, 0, 4, 0, 0, 0, 0, 2, 0]
quota_sample,window-000380000000,8,97719,21478,18807,1523,3716,[2, 0, 0, 0, 0, 0, 0, 0, 0, 5, 0, 0, 0, 0, 0, 0, 0, 0, 0, 0, 0, 0, 0, 0, 1, 0, 0, 0, 0, 0, 0, 0, 0]
quota_sample,window-000390000000,8,86435,19583,17103,1536,3723,[1, 0, 0, 0, 0, 0, 0, 0, 0, 6, 0, 0, 0, 0, 0, 0, 0, 0, 0, 0, 0, 0, 0, 0, 0, 0, 0, 0, 0, 0, 0, 1, 0]
quota_sample,window-000520000000,104,99841,0,0,1250,2838,[0, 0, 0, 0, 0, 0, 0, 0, 0, 0, 0, 0, 0, 0, 0, 0, 0, 0, 0, 0, 0, 0, 0, 0, 0, 0, 0, 0, 104, 0, 0, 0, 0]
quota_sample,window-000670000000,63,98286,1205,1005,1536,2990,[0, 0, 0, 0, 0, 0, 0, 0, 0, 0, 0, 0, 0, 0, 0, 0, 0, 0, 0, 0, 0, 0, 0, 0, 0, 0, 0, 0, 0, 0, 0, 63, 0]
quota_sample,window-000710000000,15,94076,15580,13467,1536,3091,[0, 0, 0, 0, 0, 0, 0, 0, 0, 0, 0, 0, 0, 0, 0, 0, 0, 0, 0, 4, 0, 0, 0, 0, 0, 0, 0, 0, 0, 0, 0, 11, 0]
quota_shape,training-bulk-3072-2048-4095,24084,67394,2048,4095,18,32768,131072,8192,34,116695256,134217728,2740224,1.207477052,[3072, 5128, 928, 948, 808, 3402, 427, 24, 58, 230, 547, 58, 950, 535, 109, 58, 24, 96, 109, 58, 96, 24, 24, 24, 371, 2039, 878, 371, 384, 1152, 1152]
quota_sample,window-000000000000,13,98443,23796,19809,1064,4094,[0, 0, 0, 4, 0, 0, 0, 0, 0, 0, 0, 0, 0, 0, 1, 0, 0, 0, 0, 0, 0, 0, 0, 0, 0, 0, 0, 0, 0, 0, 0, 0, 8]
quota_sample,window-000055000000,7,95339,23747,21451,933,3496,[3, 0, 4, 0, 0, 0, 0, 0, 0, 0, 0, 0, 0, 0, 0, 0, 0, 0, 0, 0, 0, 0, 0, 0, 0, 0, 0, 0, 0, 0, 0, 0, 0]
quota_sample,window-000115000000,6,89171,18075,15792,977,3674,[0, 0, 0, 0, 1, 0, 0, 0, 0, 0, 0, 0, 0, 0, 0, 0, 0, 0, 0, 0, 0, 0, 0, 0, 0, 5, 0, 0, 0, 0, 0, 0, 0]
quota_sample,window-000195000000,10,95250,19719,16464,2048,4094,[0, 0, 0, 0, 0, 0, 0, 0, 0, 0, 0, 0, 0, 0, 4, 0, 0, 0, 0, 0, 0, 0, 0, 0, 0, 0, 4, 0, 0, 0, 0, 1, 1]
quota_sample,window-000380000000,8,94731,20858,18264,1393,4092,[0, 0, 0, 0, 0, 0, 0, 0, 0, 5, 0, 0, 0, 0, 0, 0, 0, 0, 0, 0, 0, 0, 0, 0, 0, 0, 0, 1, 0, 0, 0, 0, 2]
quota_sample,window-000390000000,9,96476,21895,19126,1599,4095,[0, 0, 0, 0, 0, 0, 0, 0, 0, 7, 0, 0, 0, 0, 0, 0, 0, 0, 0, 1, 0, 0, 0, 0, 0, 0, 0, 0, 0, 0, 0, 0, 1]
quota_sample,window-000520000000,104,99841,0,0,1250,3349,[0, 0, 0, 0, 0, 0, 0, 0, 0, 0, 0, 0, 0, 0, 0, 0, 0, 0, 0, 0, 0, 0, 0, 0, 0, 0, 0, 0, 104, 0, 0, 0, 0]
quota_sample,window-000670000000,47,97866,1205,1005,2048,3504,[0, 0, 0, 0, 0, 0, 0, 0, 0, 0, 0, 0, 0, 0, 0, 0, 0, 0, 0, 0, 0, 0, 0, 0, 0, 0, 0, 0, 0, 0, 0, 47, 0]
quota_sample,window-000710000000,14,93321,15432,13339,1636,3614,[0, 0, 0, 0, 0, 0, 0, 0, 0, 0, 0, 0, 0, 0, 0, 0, 0, 0, 0, 4, 0, 0, 0, 0, 0, 0, 0, 0, 0, 10, 0, 0, 0]
quota_shape,training-bulk-3072-2048-6143,24084,67394,2048,6143,18,32768,131072,16384,34,120798680,134217728,2859008,1.109522284,[3072, 5128, 928, 948, 808, 3402, 427, 24, 58, 230, 547, 58, 950, 535, 109, 58, 24, 96, 109, 58, 96, 24, 24, 24, 371, 2039, 878, 371, 384, 1152, 1152]
quota_sample,window-000000000000,7,96640,23353,19441,1440,4980,[1, 0, 0, 5, 0, 0, 0, 0, 0, 0, 0, 0, 0, 0, 1, 0, 0, 0, 0, 0, 0, 0, 0, 0, 0, 0, 0, 0, 0, 0, 0, 0, 0]
quota_sample,window-000055000000,7,95339,23747,21451,933,3496,[3, 0, 4, 0, 0, 0, 0, 0, 0, 0, 0, 0, 0, 0, 0, 0, 0, 0, 0, 0, 0, 0, 0, 0, 0, 0, 0, 0, 0, 0, 0, 0, 0]
quota_sample,window-000115000000,6,89171,18075,15792,977,3674,[0, 0, 0, 0, 1, 0, 0, 0, 0, 0, 0, 0, 0, 0, 0, 0, 0, 0, 0, 0, 0, 0, 0, 0, 0, 5, 0, 0, 0, 0, 0, 0, 0]
quota_sample,window-000195000000,10,96859,20117,16790,2048,4294,[0, 0, 0, 0, 0, 0, 0, 0, 0, 0, 0, 0, 0, 0, 4, 0, 0, 0, 0, 0, 0, 0, 0, 0, 0, 0, 4, 0, 0, 0, 0, 2, 0]
quota_sample,window-000380000000,8,97719,21478,18807,1523,4227,[2, 0, 0, 0, 0, 0, 0, 0, 0, 5, 0, 0, 0, 0, 0, 0, 0, 0, 0, 0, 0, 0, 0, 0, 1, 0, 0, 0, 0, 0, 0, 0, 0]
quota_sample,window-000390000000,8,86658,19633,17146,1555,4234,[1, 0, 0, 0, 0, 0, 0, 0, 0, 6, 0, 0, 0, 0, 0, 0, 0, 0, 0, 1, 0, 0, 0, 0, 0, 0, 0, 0, 0, 0, 0, 0, 0]
quota_sample,window-000520000000,104,99841,0,0,1250,3349,[0, 0, 0, 0, 0, 0, 0, 0, 0, 0, 0, 0, 0, 0, 0, 0, 0, 0, 0, 0, 0, 0, 0, 0, 0, 0, 0, 0, 104, 0, 0, 0, 0]
quota_sample,window-000670000000,47,97866,1205,1005,2048,3504,[0, 0, 0, 0, 0, 0, 0, 0, 0, 0, 0, 0, 0, 0, 0, 0, 0, 0, 0, 0, 0, 0, 0, 0, 0, 0, 0, 0, 0, 0, 0, 47, 0]
quota_sample,window-000710000000,14,93321,15432,13339,1636,3614,[0, 0, 0, 0, 0, 0, 0, 0, 0, 0, 0, 0, 0, 0, 0, 0, 0, 0, 0, 4, 0, 0, 0, 0, 0, 0, 0, 0, 0, 10, 0, 0, 0]
quota_shape,training-bulk-3072-2048-8191,24084,67394,2048,8191,18,32768,131072,16384,34,121396696,134217728,2859008,1.017598542,[3072, 5128, 928, 948, 808, 3402, 427, 24, 58, 230, 547, 58, 950, 535, 109, 58, 24, 96, 109, 58, 96, 24, 24, 24, 371, 2039, 878, 371, 384, 1152, 1152]
quota_sample,window-000000000000,7,96640,23353,19441,1440,4980,[1, 0, 0, 5, 0, 0, 0, 0, 0, 0, 0, 0, 0, 0, 1, 0, 0, 0, 0, 0, 0, 0, 0, 0, 0, 0, 0, 0, 0, 0, 0, 0, 0]
quota_sample,window-000055000000,7,95339,23747,21451,933,3496,[3, 0, 4, 0, 0, 0, 0, 0, 0, 0, 0, 0, 0, 0, 0, 0, 0, 0, 0, 0, 0, 0, 0, 0, 0, 0, 0, 0, 0, 0, 0, 0, 0]
quota_sample,window-000115000000,6,89171,18075,15792,977,3674,[0, 0, 0, 0, 1, 0, 0, 0, 0, 0, 0, 0, 0, 0, 0, 0, 0, 0, 0, 0, 0, 0, 0, 0, 0, 5, 0, 0, 0, 0, 0, 0, 0]
quota_sample,window-000195000000,10,96859,20117,16790,2048,4294,[0, 0, 0, 0, 0, 0, 0, 0, 0, 0, 0, 0, 0, 0, 4, 0, 0, 0, 0, 0, 0, 0, 0, 0, 0, 0, 4, 0, 0, 0, 0, 2, 0]
quota_sample,window-000380000000,8,97719,21478,18807,1523,4227,[2, 0, 0, 0, 0, 0, 0, 0, 0, 5, 0, 0, 0, 0, 0, 0, 0, 0, 0, 0, 0, 0, 0, 0, 1, 0, 0, 0, 0, 0, 0, 0, 0]
quota_sample,window-000390000000,8,86658,19633,17146,1555,4234,[1, 0, 0, 0, 0, 0, 0, 0, 0, 6, 0, 0, 0, 0, 0, 0, 0, 0, 0, 1, 0, 0, 0, 0, 0, 0, 0, 0, 0, 0, 0, 0, 0]
quota_sample,window-000520000000,104,99841,0,0,1250,3349,[0, 0, 0, 0, 0, 0, 0, 0, 0, 0, 0, 0, 0, 0, 0, 0, 0, 0, 0, 0, 0, 0, 0, 0, 0, 0, 0, 0, 104, 0, 0, 0, 0]
quota_sample,window-000670000000,47,97866,1205,1005,2048,3504,[0, 0, 0, 0, 0, 0, 0, 0, 0, 0, 0, 0, 0, 0, 0, 0, 0, 0, 0, 0, 0, 0, 0, 0, 0, 0, 0, 0, 0, 0, 0, 47, 0]
quota_sample,window-000710000000,14,93321,15432,13339,1636,3614,[0, 0, 0, 0, 0, 0, 0, 0, 0, 0, 0, 0, 0, 0, 0, 0, 0, 0, 0, 4, 0, 0, 0, 0, 0, 0, 0, 0, 0, 10, 0, 0, 0]
test ixby::paged_exec::profile_tests::captured_window_quota_census ... ok

test result: ok. 1 passed; 0 failed; 0 ignored; 0 measured; 382 filtered out; finished in 78.63s
