
running 1 test
quota_trace,window-000000000000,100000,24172,0.0,[20120, 32543, 4029, 6207, 5023, 20166, 1855, 5, 80, 0, 2096, 80, 3096, 2020, 713, 374, 0, 2, 713, 34, 0, 0, 0, 0, 112, 409, 141, 112, 34, 34, 2],6cb98536ddf8ed1af36775fffea7fd92588cae535626e2ab6273e3a76027fae7,84418860c872d76e77c9b7fa466d091a6f995cd1ed7a1872fb5349131aea17c3
quota_source_range,window-000000000000,0,100000,0,24172
quota_trace,window-000055000000,100000,13101692,0.0,[22504, 34743, 6798, 5629, 3752, 13301, 2139, 0, 89, 1068, 1960, 89, 3205, 2317, 535, 0, 0, 0, 535, 268, 0, 0, 0, 0, 534, 0, 0, 534, 0, 0, 0],6cb98536ddf8ed1af36775fffea7fd92588cae535626e2ab6273e3a76027fae7,84418860c872d76e77c9b7fa466d091a6f995cd1ed7a1872fb5349131aea17c3
quota_source_range,window-000055000000,55000000,55100000,13076779,13101692
quota_trace,window-000115000000,100000,27416029,0.0,[17898, 29871, 3040, 4870, 3963, 16570, 1330, 0, 0, 0, 2535, 0, 2094, 1330, 0, 0, 0, 0, 0, 0, 0, 0, 0, 0, 2159, 11878, 303, 2159, 0, 0, 0],6cb98536ddf8ed1af36775fffea7fd92588cae535626e2ab6273e3a76027fae7,84418860c872d76e77c9b7fa466d091a6f995cd1ed7a1872fb5349131aea17c3
quota_source_range,window-000115000000,115000000,115100000,27395386,27416029
quota_trace,window-000195000000,100000,46048042,0.0,[17423, 27200, 1622, 4215, 4577, 19293, 2420, 0, 144, 278, 2917, 144, 3684, 2707, 586, 288, 0, 0, 586, 0, 0, 0, 0, 0, 665, 5610, 4976, 665, 0, 0, 0],6cb98536ddf8ed1af36775fffea7fd92588cae535626e2ab6273e3a76027fae7,84418860c872d76e77c9b7fa466d091a6f995cd1ed7a1872fb5349131aea17c3
quota_source_range,window-000195000000,195000000,195100000,46027153,46048042
quota_trace,window-000380000000,100000,89320331,0.0,[19265, 29390, 2522, 3684, 3214, 15751, 2632, 0, 360, 1440, 3426, 360, 5952, 3352, 364, 0, 0, 0, 364, 362, 0, 0, 0, 0, 1622, 4308, 0, 1622, 4, 4, 2],6cb98536ddf8ed1af36775fffea7fd92588cae535626e2ab6273e3a76027fae7,84418860c872d76e77c9b7fa466d091a6f995cd1ed7a1872fb5349131aea17c3
quota_source_range,window-000380000000,380000000,380100000,89298329,89320331
quota_trace,window-000390000000,100000,91553616,0.0,[19860, 29049, 2281, 3388, 3137, 15872, 3108, 0, 476, 1902, 3738, 476, 7082, 4060, 486, 0, 0, 0, 486, 481, 0, 0, 0, 0, 1343, 1407, 0, 1343, 10, 10, 5],6cb98536ddf8ed1af36775fffea7fd92588cae535626e2ab6273e3a76027fae7,84418860c872d76e77c9b7fa466d091a6f995cd1ed7a1872fb5349131aea17c3
quota_source_range,window-000390000000,390000000,390100000,91530890,91553616
quota_shape,shared-linked-1024,10432,29248,2048,8191,16,16384,65536,16384,33,61691832,67108864,1458176,1.499980212,[1024, 2048, 384, 512, 256, 1024, 128, 64, 64, 256, 256, 256, 768, 512, 32, 64, 64, 64, 32, 64, 64, 64, 64, 64, 128, 512, 512, 128, 256, 512, 256]
quota_sample,window-000000000000,22,97351,23526,19589,911,4271,[0, 0, 0, 0, 8, 1, 0, 0, 0, 0, 0, 0, 0, 0, 13, 0, 0, 0, 0, 0, 0, 0, 0, 0, 0, 0, 0, 0, 0, 0, 0, 0, 0]
quota_sample,window-000055000000,21,95562,23807,21504,544,3401,[21, 0, 0, 0, 0, 0, 0, 0, 0, 0, 0, 0, 0, 0, 0, 0, 0, 0, 0, 0, 0, 0, 0, 0, 0, 0, 0, 0, 0, 0, 0, 0, 0]
quota_sample,window-000115000000,25,95503,19575,17022,529,3463,[0, 0, 0, 0, 4, 0, 0, 0, 0, 0, 0, 0, 0, 0, 0, 0, 0, 0, 0, 0, 0, 0, 0, 0, 0, 21, 0, 0, 0, 0, 0, 0, 0]
quota_sample,window-000195000000,29,98060,20413,17032,1041,3995,[0, 0, 0, 0, 0, 1, 1, 0, 0, 0, 0, 0, 0, 0, 17, 0, 0, 0, 0, 0, 0, 0, 0, 0, 0, 10, 0, 0, 0, 0, 0, 0, 0]
quota_sample,window-000380000000,24,96390,21198,18564,836,3910,[1, 0, 0, 0, 0, 0, 16, 0, 0, 0, 0, 0, 0, 0, 0, 0, 0, 0, 0, 0, 0, 0, 0, 0, 0, 7, 0, 0, 0, 0, 0, 0, 0]
quota_sample,window-000390000000,25,97839,22229,19420,846,3912,[1, 0, 0, 0, 0, 0, 22, 0, 0, 0, 0, 0, 0, 0, 0, 0, 0, 0, 0, 0, 0, 0, 0, 0, 0, 2, 0, 0, 0, 0, 0, 0, 0]
quota_shape,arithmetic-768,3351,10598,512,1023,14,4096,16384,2048,31,14108631,16777216,289792,0.875664606,[768, 1536, 683, 43, 43, 128, 6, 6, 6, 6, 6, 6, 6, 6, 6, 6, 6, 6, 6, 6, 6, 6, 6, 6, 6, 6, 6, 6, 6, 6, 6]
quota_sample,window-000000000000,1090,99927,24156,20107,109,1023,[0, 0, 0, 0, 0, 0, 0, 0, 0, 0, 0, 0, 234, 1, 0, 0, 0, 0, 0, 0, 0, 0, 0, 0, 0, 45, 0, 0, 5, 0, 0, 0, 805]
quota_sample,window-000055000000,892,99961,24904,22495,103,1023,[0, 0, 0, 0, 0, 0, 0, 0, 0, 0, 0, 0, 354, 0, 0, 0, 0, 0, 0, 0, 0, 0, 0, 0, 0, 0, 0, 0, 0, 0, 0, 0, 538]
quota_sample,window-000115000000,2104,99921,20623,17882,103,1023,[0, 0, 0, 0, 0, 0, 0, 0, 0, 0, 0, 0, 0, 0, 0, 0, 0, 0, 0, 0, 0, 0, 0, 0, 0, 1904, 0, 0, 0, 0, 0, 0, 200]
quota_sample,window-000195000000,1967,99941,20873,17409,103,1023,[0, 0, 0, 0, 0, 0, 0, 0, 0, 0, 5, 0, 228, 0, 0, 0, 0, 0, 0, 0, 0, 0, 0, 0, 0, 640, 516, 0, 0, 0, 0, 0, 578]
quota_sample,window-000380000000,1628,99988,21998,19262,97,1023,[0, 0, 0, 0, 0, 0, 0, 0, 0, 0, 0, 0, 720, 0, 0, 0, 0, 0, 0, 0, 0, 0, 0, 0, 0, 716, 0, 0, 0, 0, 0, 0, 192]
quota_sample,window-000390000000,1456,99927,22709,19843,97,1023,[0, 0, 0, 0, 0, 0, 0, 0, 0, 0, 0, 0, 954, 0, 0, 0, 0, 0, 0, 0, 0, 0, 0, 0, 0, 228, 0, 0, 0, 0, 0, 0, 274]
quota_shape,arithmetic-3072,13401,42378,1536,3071,16,16384,65536,8192,33,62053577,67108864,1339392,0.978876483,[3072, 6144, 2731, 171, 171, 512, 24, 24, 24, 24, 24, 24, 24, 24, 24, 24, 24, 24, 24, 24, 24, 24, 24, 24, 24, 24, 24, 24, 24, 24, 24]
quota_sample,window-000000000000,149,99710,24105,20068,461,3071,[0, 0, 0, 0, 0, 0, 0, 0, 0, 0, 1, 0, 85, 0, 0, 0, 0, 0, 0, 0, 0, 0, 0, 0, 0, 16, 0, 0, 1, 0, 0, 0, 46]
quota_sample,window-000055000000,133,99521,24794,22395,328,2697,[0, 0, 0, 0, 0, 0, 0, 0, 0, 0, 0, 0, 133, 0, 0, 0, 0, 0, 0, 0, 0, 0, 0, 0, 0, 0, 0, 0, 0, 0, 0, 0, 0]
quota_sample,window-000115000000,495,99530,20529,17805,298,2677,[0, 0, 0, 0, 0, 0, 0, 0, 0, 0, 5, 0, 0, 0, 0, 0, 0, 0, 0, 0, 0, 0, 0, 0, 0, 490, 0, 0, 0, 0, 0, 0, 0]
quota_sample,window-000195000000,359,99664,20806,17355,456,3049,[0, 0, 0, 0, 0, 0, 0, 0, 0, 0, 2, 0, 125, 0, 0, 0, 0, 0, 0, 0, 0, 0, 0, 0, 0, 192, 40, 0, 0, 0, 0, 0, 0]
quota_sample,window-000380000000,389,99988,21998,19262,438,3061,[0, 0, 0, 0, 0, 0, 0, 0, 0, 0, 0, 0, 210, 0, 0, 0, 0, 0, 0, 0, 0, 0, 0, 0, 0, 178, 0, 0, 0, 0, 0, 0, 1]
quota_sample,window-000390000000,337,99403,22582,19728,438,3068,[0, 0, 0, 0, 0, 0, 0, 0, 0, 0, 0, 0, 278, 0, 0, 0, 0, 0, 0, 0, 0, 0, 0, 0, 0, 56, 0, 0, 0, 0, 0, 0, 3]
quota_shape,arithmetic-4096,17868,56503,2048,4095,16,32768,65536,8192,34,96097553,134217728,1593344,0.898192080,[4096, 8192, 3641, 228, 228, 683, 32, 32, 32, 32, 32, 32, 32, 32, 32, 32, 32, 32, 32, 32, 32, 32, 32, 32, 32, 32, 32, 32, 32, 32, 32]
quota_sample,window-000000000000,109,99815,24129,20087,590,3954,[0, 0, 0, 0, 0, 0, 0, 0, 0, 0, 1, 0, 95, 0, 0, 0, 0, 0, 0, 0, 0, 0, 0, 0, 0, 12, 0, 0, 1, 0, 0, 0, 0]
quota_sample,window-000055000000,100,99653,24824,22422,361,3293,[0, 0, 0, 0, 0, 0, 0, 0, 0, 0, 0, 0, 100, 0, 0, 0, 0, 0, 0, 0, 0, 0, 0, 0, 0, 0, 0, 0, 0, 0, 0, 0, 0]
quota_sample,window-000115000000,371,99387,20500,17780,325,3193,[0, 0, 0, 0, 0, 0, 0, 0, 0, 0, 3, 0, 0, 0, 0, 0, 0, 0, 0, 0, 0, 0, 0, 0, 0, 368, 0, 0, 0, 0, 0, 0, 0]
quota_sample,window-000195000000,268,99903,20865,17403,535,3699,[0, 0, 0, 0, 0, 0, 0, 0, 0, 0, 0, 0, 95, 0, 0, 0, 0, 0, 0, 0, 0, 0, 0, 0, 0, 157, 16, 0, 0, 0, 0, 0, 0]
quota_sample,window-000380000000,291,99707,21932,19204,465,3625,[0, 0, 0, 0, 0, 0, 0, 0, 0, 0, 0, 0, 157, 0, 0, 0, 0, 0, 0, 0, 0, 0, 0, 0, 0, 134, 0, 0, 0, 0, 0, 0, 0]
quota_sample,window-000390000000,251,99413,22584,19730,513,3775,[0, 0, 0, 0, 0, 0, 0, 0, 0, 0, 0, 0, 209, 0, 0, 0, 0, 0, 0, 0, 0, 0, 0, 0, 0, 42, 0, 0, 0, 0, 0, 0, 0]
quota_shape,arrays-768,8186,22977,2048,4095,15,8192,32768,8192,32,30518226,33554432,679936,0.811658673,[768, 1726, 6, 191, 191, 575, 6, 6, 6, 6, 6, 6, 6, 6, 6, 6, 6, 6, 6, 6, 6, 6, 6, 6, 383, 2686, 1151, 383, 6, 6, 6]
quota_sample,window-000000000000,899,99982,24168,20118,192,2877,[0, 0, 458, 0, 0, 0, 2, 0, 0, 0, 66, 0, 365, 3, 0, 0, 0, 0, 0, 0, 0, 0, 0, 0, 0, 0, 0, 0, 5, 0, 0, 0, 0]
quota_sample,window-000055000000,1429,99912,24886,22482,133,2773,[0, 0, 1073, 0, 0, 0, 0, 0, 0, 0, 0, 0, 356, 0, 0, 0, 0, 0, 0, 0, 0, 0, 0, 0, 0, 0, 0, 0, 0, 0, 0, 0, 0]
quota_sample,window-000115000000,577,99828,20602,17864,201,2972,[0, 0, 456, 0, 0, 0, 12, 0, 0, 0, 109, 0, 0, 0, 0, 0, 0, 0, 0, 0, 0, 0, 0, 0, 0, 0, 0, 0, 0, 0, 0, 0, 0]
quota_sample,window-000195000000,747,99923,20869,17406,172,2893,[0, 0, 133, 0, 0, 0, 2, 0, 0, 0, 222, 0, 379, 11, 0, 0, 0, 0, 0, 0, 0, 0, 0, 0, 0, 0, 0, 0, 0, 0, 0, 0, 0]
quota_sample,window-000380000000,1080,99976,21996,19260,159,2768,[0, 0, 238, 0, 0, 0, 0, 0, 0, 0, 0, 0, 840, 2, 0, 0, 0, 0, 0, 0, 0, 0, 0, 0, 0, 0, 0, 0, 0, 0, 0, 0, 0]
quota_sample,window-000390000000,1255,99979,22721,19855,159,2771,[0, 0, 135, 0, 0, 0, 0, 0, 0, 0, 0, 0, 1115, 5, 0, 0, 0, 0, 0, 0, 0, 0, 0, 0, 0, 0, 0, 0, 0, 0, 0, 0, 0]
quota_shape,builders-768,5119,13792,1024,2047,14,8192,16384,4096,32,21617580,33554432,370688,0.869815551,[768, 1152, 6, 129, 128, 384, 6, 6, 6, 6, 6, 6, 6, 6, 6, 6, 6, 6, 6, 6, 6, 6, 6, 6, 512, 6, 6, 512, 256, 640, 512]
quota_sample,window-000000000000,930,99982,24168,20118,302,1894,[0, 0, 430, 0, 0, 0, 2, 0, 0, 0, 66, 0, 365, 3, 0, 0, 0, 0, 0, 0, 0, 0, 0, 0, 0, 63, 1, 0, 0, 0, 0, 0, 0]
quota_sample,window-000055000000,1429,99912,24886,22482,133,1750,[0, 0, 1073, 0, 0, 0, 0, 0, 0, 0, 0, 0, 356, 0, 0, 0, 0, 0, 0, 0, 0, 0, 0, 0, 0, 0, 0, 0, 0, 0, 0, 0, 0]
quota_sample,window-000115000000,1989,99917,20623,17882,175,1863,[0, 0, 0, 0, 0, 0, 12, 0, 0, 0, 21, 0, 0, 0, 0, 0, 0, 0, 0, 0, 0, 0, 0, 0, 0, 1956, 0, 0, 0, 0, 0, 0, 0]
quota_sample,window-000195000000,1689,99923,20869,17406,172,1849,[0, 0, 139, 0, 0, 0, 5, 0, 0, 0, 5, 0, 379, 5, 0, 0, 0, 0, 0, 0, 0, 0, 0, 0, 0, 638, 518, 0, 0, 0, 0, 0, 0]
quota_sample,window-000380000000,1574,99976,21996,19260,159,1724,[0, 0, 16, 0, 0, 0, 0, 0, 0, 0, 0, 0, 840, 2, 0, 0, 0, 0, 0, 0, 0, 0, 0, 0, 0, 716, 0, 0, 0, 0, 0, 0, 0]
quota_sample,window-000390000000,1400,99979,22721,19855,159,1748,[0, 0, 52, 0, 0, 0, 0, 0, 0, 0, 0, 0, 1115, 5, 0, 0, 0, 0, 0, 0, 0, 0, 0, 0, 0, 228, 0, 0, 0, 0, 0, 0, 0]
quota_shape,mixed-3072,14878,41659,1536,6143,16,16384,65536,16384,33,63162210,67108864,1458176,0.930634250,[3072, 4486, 557, 941, 715, 2995, 267, 24, 24, 24, 529, 24, 490, 274, 48, 24, 24, 24, 48, 24, 24, 24, 24, 24, 24, 24, 24, 24, 24, 24, 24]
quota_sample,window-000000000000,32,98626,23838,19844,963,3962,[0, 0, 0, 0, 0, 0, 0, 0, 0, 0, 0, 0, 0, 0, 1, 13, 0, 0, 0, 0, 0, 0, 0, 0, 0, 17, 0, 0, 1, 0, 0, 0, 0]
quota_sample,window-000055000000,44,98911,24641,22258,438,2859,[0, 0, 0, 0, 0, 0, 0, 0, 0, 44, 0, 0, 0, 0, 0, 0, 0, 0, 0, 0, 0, 0, 0, 0, 0, 0, 0, 0, 0, 0, 0, 0, 0]
quota_sample,window-000115000000,494,99532,20529,17805,328,2701,[0, 0, 0, 0, 0, 0, 0, 0, 0, 0, 0, 0, 0, 0, 0, 0, 0, 0, 0, 0, 0, 0, 0, 0, 0, 494, 0, 0, 0, 0, 0, 0, 0]
quota_sample,window-000195000000,246,99592,20789,17340,928,3490,[0, 0, 0, 0, 0, 0, 0, 0, 0, 0, 0, 0, 0, 0, 11, 0, 0, 0, 0, 0, 0, 0, 0, 0, 0, 195, 40, 0, 0, 0, 0, 0, 0]
quota_sample,window-000380000000,237,99548,21895,19172,528,3260,[0, 0, 0, 0, 0, 0, 0, 0, 0, 59, 0, 0, 0, 0, 0, 0, 0, 0, 0, 0, 0, 0, 0, 0, 0, 178, 0, 0, 0, 0, 0, 0, 0]
quota_sample,window-000390000000,133,98104,22288,19473,601,3308,[0, 0, 0, 0, 0, 0, 0, 0, 0, 76, 0, 0, 0, 0, 0, 0, 0, 0, 0, 0, 0, 0, 0, 0, 2, 55, 0, 0, 0, 0, 0, 0, 0]
quota_shape,training-1024-1024-4095,5359,14962,1024,4095,15,8192,32768,8192,32,29138621,33554432,679936,0.845258820,[1024, 1620, 190, 260, 217, 897, 110, 8, 8, 30, 137, 8, 190, 124, 24, 8, 8, 8, 24, 8, 8, 8, 8, 8, 54, 234, 58, 54, 8, 8, 8]
quota_sample,window-000000000000,54,99219,23988,19968,772,3129,[0, 0, 0, 0, 0, 0, 0, 0, 0, 0, 0, 0, 0, 0, 0, 46, 0, 0, 0, 4, 0, 0, 0, 0, 0, 0, 0, 0, 4, 0, 0, 0, 0]
quota_sample,window-000055000000,35,97950,24400,22039,475,2405,[0, 0, 18, 0, 0, 0, 0, 0, 0, 17, 0, 0, 0, 0, 0, 0, 0, 0, 0, 0, 0, 0, 0, 0, 0, 0, 0, 0, 0, 0, 0, 0, 0]
quota_sample,window-000115000000,52,97531,20056,17417,456,2307,[0, 0, 0, 0, 1, 0, 0, 0, 0, 0, 0, 0, 0, 0, 0, 0, 0, 0, 0, 0, 0, 0, 0, 0, 1, 46, 1, 3, 0, 0, 0, 0, 0]
quota_sample,window-000195000000,121,99976,20883,17417,697,2995,[0, 0, 0, 0, 0, 0, 0, 0, 0, 0, 0, 0, 2, 0, 0, 35, 0, 0, 0, 0, 0, 0, 0, 0, 0, 0, 84, 0, 0, 0, 0, 0, 0]
quota_sample,window-000380000000,64,98775,21721,19020,665,2837,[0, 0, 0, 0, 0, 0, 0, 0, 0, 46, 0, 0, 0, 0, 0, 0, 0, 0, 0, 0, 0, 0, 0, 0, 2, 16, 0, 0, 0, 0, 0, 0, 0]
quota_sample,window-000390000000,68,99296,22556,19705,710,2888,[0, 0, 0, 0, 0, 0, 0, 0, 0, 59, 0, 0, 0, 0, 0, 0, 0, 0, 0, 4, 0, 0, 0, 0, 1, 4, 0, 0, 0, 0, 0, 0, 0]
quota_shape,training-1024-1024-6143,5359,14962,1024,6143,15,8192,32768,16384,32,33242045,33554432,798720,0.867486371,[1024, 1620, 190, 260, 217, 897, 110, 8, 8, 30, 137, 8, 190, 124, 24, 8, 8, 8, 24, 8, 8, 8, 8, 8, 54, 234, 58, 54, 8, 8, 8]
quota_sample,window-000000000000,54,99219,23988,19968,772,3129,[0, 0, 0, 0, 0, 0, 0, 0, 0, 0, 0, 0, 0, 0, 0, 46, 0, 0, 0, 4, 0, 0, 0, 0, 0, 0, 0, 0, 4, 0, 0, 0, 0]
quota_sample,window-000055000000,35,97950,24400,22039,475,2405,[0, 0, 18, 0, 0, 0, 0, 0, 0, 17, 0, 0, 0, 0, 0, 0, 0, 0, 0, 0, 0, 0, 0, 0, 0, 0, 0, 0, 0, 0, 0, 0, 0]
quota_sample,window-000115000000,52,97531,20056,17417,456,2307,[0, 0, 0, 0, 1, 0, 0, 0, 0, 0, 0, 0, 0, 0, 0, 0, 0, 0, 0, 0, 0, 0, 0, 0, 1, 46, 1, 3, 0, 0, 0, 0, 0]
quota_sample,window-000195000000,121,99976,20883,17417,697,2995,[0, 0, 0, 0, 0, 0, 0, 0, 0, 0, 0, 0, 2, 0, 0, 35, 0, 0, 0, 0, 0, 0, 0, 0, 0, 0, 84, 0, 0, 0, 0, 0, 0]
quota_sample,window-000380000000,64,98775,21721,19020,665,2837,[0, 0, 0, 0, 0, 0, 0, 0, 0, 46, 0, 0, 0, 0, 0, 0, 0, 0, 0, 0, 0, 0, 0, 0, 2, 16, 0, 0, 0, 0, 0, 0, 0]
quota_sample,window-000390000000,68,99296,22556,19705,710,2888,[0, 0, 0, 0, 0, 0, 0, 0, 0, 59, 0, 0, 0, 0, 0, 0, 0, 0, 0, 4, 0, 0, 0, 0, 1, 4, 0, 0, 0, 0, 0, 0, 0]
quota_shape,training-1024-1024-8191,5359,14962,1024,8191,15,8192,32768,16384,33,33840061,67108864,798720,1.107167419,[1024, 1620, 190, 260, 217, 897, 110, 8, 8, 30, 137, 8, 190, 124, 24, 8, 8, 8, 24, 8, 8, 8, 8, 8, 54, 234, 58, 54, 8, 8, 8]
quota_sample,window-000000000000,54,99219,23988,19968,772,3129,[0, 0, 0, 0, 0, 0, 0, 0, 0, 0, 0, 0, 0, 0, 0, 46, 0, 0, 0, 4, 0, 0, 0, 0, 0, 0, 0, 0, 4, 0, 0, 0, 0]
quota_sample,window-000055000000,35,97950,24400,22039,475,2405,[0, 0, 18, 0, 0, 0, 0, 0, 0, 17, 0, 0, 0, 0, 0, 0, 0, 0, 0, 0, 0, 0, 0, 0, 0, 0, 0, 0, 0, 0, 0, 0, 0]
quota_sample,window-000115000000,52,97531,20056,17417,456,2307,[0, 0, 0, 0, 1, 0, 0, 0, 0, 0, 0, 0, 0, 0, 0, 0, 0, 0, 0, 0, 0, 0, 0, 0, 1, 46, 1, 3, 0, 0, 0, 0, 0]
quota_sample,window-000195000000,121,99976,20883,17417,697,2995,[0, 0, 0, 0, 0, 0, 0, 0, 0, 0, 0, 0, 2, 0, 0, 35, 0, 0, 0, 0, 0, 0, 0, 0, 0, 0, 84, 0, 0, 0, 0, 0, 0]
quota_sample,window-000380000000,64,98775,21721,19020,665,2837,[0, 0, 0, 0, 0, 0, 0, 0, 0, 46, 0, 0, 0, 0, 0, 0, 0, 0, 0, 0, 0, 0, 0, 0, 2, 16, 0, 0, 0, 0, 0, 0, 0]
quota_sample,window-000390000000,68,99296,22556,19705,710,2888,[0, 0, 0, 0, 0, 0, 0, 0, 0, 59, 0, 0, 0, 0, 0, 0, 0, 0, 0, 4, 0, 0, 0, 0, 1, 4, 0, 0, 0, 0, 0, 0, 0]
quota_shape,training-1024-1536-4095,5359,14962,1536,4095,15,8192,32768,8192,32,29225149,33554432,679936,0.829894670,[1024, 1620, 190, 260, 217, 897, 110, 8, 8, 30, 137, 8, 190, 124, 24, 8, 8, 8, 24, 8, 8, 8, 8, 8, 54, 234, 58, 54, 8, 8, 8]
quota_sample,window-000000000000,54,99219,23988,19968,772,3640,[0, 0, 0, 0, 0, 0, 0, 0, 0, 0, 0, 0, 0, 0, 0, 46, 0, 0, 0, 4, 0, 0, 0, 0, 0, 0, 0, 0, 4, 0, 0, 0, 0]
quota_sample,window-000055000000,35,97950,24400,22039,475,2917,[0, 0, 18, 0, 0, 0, 0, 0, 0, 17, 0, 0, 0, 0, 0, 0, 0, 0, 0, 0, 0, 0, 0, 0, 0, 0, 0, 0, 0, 0, 0, 0, 0]
quota_sample,window-000115000000,52,97531,20056,17417,456,2819,[0, 0, 0, 0, 1, 0, 0, 0, 0, 0, 0, 0, 0, 0, 0, 0, 0, 0, 0, 0, 0, 0, 0, 0, 1, 46, 1, 3, 0, 0, 0, 0, 0]
quota_sample,window-000195000000,121,99976,20883,17417,697,3506,[0, 0, 0, 0, 0, 0, 0, 0, 0, 0, 0, 0, 2, 0, 0, 35, 0, 0, 0, 0, 0, 0, 0, 0, 0, 0, 84, 0, 0, 0, 0, 0, 0]
quota_sample,window-000380000000,64,98775,21721,19020,665,3348,[0, 0, 0, 0, 0, 0, 0, 0, 0, 46, 0, 0, 0, 0, 0, 0, 0, 0, 0, 0, 0, 0, 0, 0, 2, 16, 0, 0, 0, 0, 0, 0, 0]
quota_sample,window-000390000000,68,99296,22556,19705,710,3399,[0, 0, 0, 0, 0, 0, 0, 0, 0, 59, 0, 0, 0, 0, 0, 0, 0, 0, 0, 4, 0, 0, 0, 0, 1, 4, 0, 0, 0, 0, 0, 0, 0]
quota_shape,training-1024-1536-6143,5359,14962,1536,6143,15,8192,32768,16384,32,33328573,33554432,798720,0.892426531,[1024, 1620, 190, 260, 217, 897, 110, 8, 8, 30, 137, 8, 190, 124, 24, 8, 8, 8, 24, 8, 8, 8, 8, 8, 54, 234, 58, 54, 8, 8, 8]
quota_sample,window-000000000000,54,99219,23988,19968,772,3640,[0, 0, 0, 0, 0, 0, 0, 0, 0, 0, 0, 0, 0, 0, 0, 46, 0, 0, 0, 4, 0, 0, 0, 0, 0, 0, 0, 0, 4, 0, 0, 0, 0]
quota_sample,window-000055000000,35,97950,24400,22039,475,2917,[0, 0, 18, 0, 0, 0, 0, 0, 0, 17, 0, 0, 0, 0, 0, 0, 0, 0, 0, 0, 0, 0, 0, 0, 0, 0, 0, 0, 0, 0, 0, 0, 0]
quota_sample,window-000115000000,52,97531,20056,17417,456,2819,[0, 0, 0, 0, 1, 0, 0, 0, 0, 0, 0, 0, 0, 0, 0, 0, 0, 0, 0, 0, 0, 0, 0, 0, 1, 46, 1, 3, 0, 0, 0, 0, 0]
quota_sample,window-000195000000,121,99976,20883,17417,697,3506,[0, 0, 0, 0, 0, 0, 0, 0, 0, 0, 0, 0, 2, 0, 0, 35, 0, 0, 0, 0, 0, 0, 0, 0, 0, 0, 84, 0, 0, 0, 0, 0, 0]
quota_sample,window-000380000000,64,98775,21721,19020,665,3348,[0, 0, 0, 0, 0, 0, 0, 0, 0, 46, 0, 0, 0, 0, 0, 0, 0, 0, 0, 0, 0, 0, 0, 0, 2, 16, 0, 0, 0, 0, 0, 0, 0]
quota_sample,window-000390000000,68,99296,22556,19705,710,3399,[0, 0, 0, 0, 0, 0, 0, 0, 0, 59, 0, 0, 0, 0, 0, 0, 0, 0, 0, 4, 0, 0, 0, 0, 1, 4, 0, 0, 0, 0, 0, 0, 0]
quota_shape,training-1024-1536-8191,5359,14962,1536,8191,15,8192,32768,16384,33,33926589,67108864,798720,0.927309590,[1024, 1620, 190, 260, 217, 897, 110, 8, 8, 30, 137, 8, 190, 124, 24, 8, 8, 8, 24, 8, 8, 8, 8, 8, 54, 234, 58, 54, 8, 8, 8]
quota_sample,window-000000000000,54,99219,23988,19968,772,3640,[0, 0, 0, 0, 0, 0, 0, 0, 0, 0, 0, 0, 0, 0, 0, 46, 0, 0, 0, 4, 0, 0, 0, 0, 0, 0, 0, 0, 4, 0, 0, 0, 0]
quota_sample,window-000055000000,35,97950,24400,22039,475,2917,[0, 0, 18, 0, 0, 0, 0, 0, 0, 17, 0, 0, 0, 0, 0, 0, 0, 0, 0, 0, 0, 0, 0, 0, 0, 0, 0, 0, 0, 0, 0, 0, 0]
quota_sample,window-000115000000,52,97531,20056,17417,456,2819,[0, 0, 0, 0, 1, 0, 0, 0, 0, 0, 0, 0, 0, 0, 0, 0, 0, 0, 0, 0, 0, 0, 0, 0, 1, 46, 1, 3, 0, 0, 0, 0, 0]
quota_sample,window-000195000000,121,99976,20883,17417,697,3506,[0, 0, 0, 0, 0, 0, 0, 0, 0, 0, 0, 0, 2, 0, 0, 35, 0, 0, 0, 0, 0, 0, 0, 0, 0, 0, 84, 0, 0, 0, 0, 0, 0]
quota_sample,window-000380000000,64,98775,21721,19020,665,3348,[0, 0, 0, 0, 0, 0, 0, 0, 0, 46, 0, 0, 0, 0, 0, 0, 0, 0, 0, 0, 0, 0, 0, 0, 2, 16, 0, 0, 0, 0, 0, 0, 0]
quota_sample,window-000390000000,68,99296,22556,19705,710,3399,[0, 0, 0, 0, 0, 0, 0, 0, 0, 59, 0, 0, 0, 0, 0, 0, 0, 0, 0, 4, 0, 0, 0, 0, 1, 4, 0, 0, 0, 0, 0, 0, 0]
quota_shape,training-1024-2048-4095,5359,14962,2048,4095,15,8192,32768,8192,32,29311677,33554432,679936,0.863278882,[1024, 1620, 190, 260, 217, 897, 110, 8, 8, 30, 137, 8, 190, 124, 24, 8, 8, 8, 24, 8, 8, 8, 8, 8, 54, 234, 58, 54, 8, 8, 8]
quota_sample,window-000000000000,54,99219,23988,19968,721,4092,[0, 0, 0, 0, 0, 0, 0, 0, 0, 0, 0, 0, 0, 0, 0, 44, 0, 0, 0, 4, 0, 0, 0, 0, 0, 0, 0, 0, 4, 0, 0, 0, 2]
quota_sample,window-000055000000,35,97950,24400,22039,475,3428,[0, 0, 18, 0, 0, 0, 0, 0, 0, 17, 0, 0, 0, 0, 0, 0, 0, 0, 0, 0, 0, 0, 0, 0, 0, 0, 0, 0, 0, 0, 0, 0, 0]
quota_sample,window-000115000000,52,97531,20056,17417,456,3330,[0, 0, 0, 0, 1, 0, 0, 0, 0, 0, 0, 0, 0, 0, 0, 0, 0, 0, 0, 0, 0, 0, 0, 0, 1, 46, 1, 3, 0, 0, 0, 0, 0]
quota_sample,window-000195000000,121,99976,20883,17417,697,4018,[0, 0, 0, 0, 0, 0, 0, 0, 0, 0, 0, 0, 2, 0, 0, 35, 0, 0, 0, 0, 0, 0, 0, 0, 0, 0, 84, 0, 0, 0, 0, 0, 0]
quota_sample,window-000380000000,64,98775,21721,19020,665,3860,[0, 0, 0, 0, 0, 0, 0, 0, 0, 46, 0, 0, 0, 0, 0, 0, 0, 0, 0, 0, 0, 0, 0, 0, 2, 16, 0, 0, 0, 0, 0, 0, 0]
quota_sample,window-000390000000,68,99296,22556,19705,710,3911,[0, 0, 0, 0, 0, 0, 0, 0, 0, 59, 0, 0, 0, 0, 0, 0, 0, 0, 0, 4, 0, 0, 0, 0, 1, 4, 0, 0, 0, 0, 0, 0, 0]
quota_shape,training-1024-2048-6143,5359,14962,2048,6143,15,8192,32768,16384,32,33415101,33554432,798720,0.902129639,[1024, 1620, 190, 260, 217, 897, 110, 8, 8, 30, 137, 8, 190, 124, 24, 8, 8, 8, 24, 8, 8, 8, 8, 8, 54, 234, 58, 54, 8, 8, 8]
quota_sample,window-000000000000,54,99219,23988,19968,772,4152,[0, 0, 0, 0, 0, 0, 0, 0, 0, 0, 0, 0, 0, 0, 0, 46, 0, 0, 0, 4, 0, 0, 0, 0, 0, 0, 0, 0, 4, 0, 0, 0, 0]
quota_sample,window-000055000000,35,97950,24400,22039,475,3428,[0, 0, 18, 0, 0, 0, 0, 0, 0, 17, 0, 0, 0, 0, 0, 0, 0, 0, 0, 0, 0, 0, 0, 0, 0, 0, 0, 0, 0, 0, 0, 0, 0]
quota_sample,window-000115000000,52,97531,20056,17417,456,3330,[0, 0, 0, 0, 1, 0, 0, 0, 0, 0, 0, 0, 0, 0, 0, 0, 0, 0, 0, 0, 0, 0, 0, 0, 1, 46, 1, 3, 0, 0, 0, 0, 0]
quota_sample,window-000195000000,121,99976,20883,17417,697,4018,[0, 0, 0, 0, 0, 0, 0, 0, 0, 0, 0, 0, 2, 0, 0, 35, 0, 0, 0, 0, 0, 0, 0, 0, 0, 0, 84, 0, 0, 0, 0, 0, 0]
quota_sample,window-000380000000,64,98775,21721,19020,665,3860,[0, 0, 0, 0, 0, 0, 0, 0, 0, 46, 0, 0, 0, 0, 0, 0, 0, 0, 0, 0, 0, 0, 0, 0, 2, 16, 0, 0, 0, 0, 0, 0, 0]
quota_sample,window-000390000000,68,99296,22556,19705,710,3911,[0, 0, 0, 0, 0, 0, 0, 0, 0, 59, 0, 0, 0, 0, 0, 0, 0, 0, 0, 4, 0, 0, 0, 0, 1, 4, 0, 0, 0, 0, 0, 0, 0]
quota_shape,training-1024-2048-8191,5359,14962,2048,8191,15,8192,32768,16384,33,34013117,67108864,798720,0.885934716,[1024, 1620, 190, 260, 217, 897, 110, 8, 8, 30, 137, 8, 190, 124, 24, 8, 8, 8, 24, 8, 8, 8, 8, 8, 54, 234, 58, 54, 8, 8, 8]
quota_sample,window-000000000000,54,99219,23988,19968,772,4152,[0, 0, 0, 0, 0, 0, 0, 0, 0, 0, 0, 0, 0, 0, 0, 46, 0, 0, 0, 4, 0, 0, 0, 0, 0, 0, 0, 0, 4, 0, 0, 0, 0]
quota_sample,window-000055000000,35,97950,24400,22039,475,3428,[0, 0, 18, 0, 0, 0, 0, 0, 0, 17, 0, 0, 0, 0, 0, 0, 0, 0, 0, 0, 0, 0, 0, 0, 0, 0, 0, 0, 0, 0, 0, 0, 0]
quota_sample,window-000115000000,52,97531,20056,17417,456,3330,[0, 0, 0, 0, 1, 0, 0, 0, 0, 0, 0, 0, 0, 0, 0, 0, 0, 0, 0, 0, 0, 0, 0, 0, 1, 46, 1, 3, 0, 0, 0, 0, 0]
quota_sample,window-000195000000,121,99976,20883,17417,697,4018,[0, 0, 0, 0, 0, 0, 0, 0, 0, 0, 0, 0, 2, 0, 0, 35, 0, 0, 0, 0, 0, 0, 0, 0, 0, 0, 84, 0, 0, 0, 0, 0, 0]
quota_sample,window-000380000000,64,98775,21721,19020,665,3860,[0, 0, 0, 0, 0, 0, 0, 0, 0, 46, 0, 0, 0, 0, 0, 0, 0, 0, 0, 0, 0, 0, 0, 0, 2, 16, 0, 0, 0, 0, 0, 0, 0]
quota_sample,window-000390000000,68,99296,22556,19705,710,3911,[0, 0, 0, 0, 0, 0, 0, 0, 0, 59, 0, 0, 0, 0, 0, 0, 0, 0, 0, 4, 0, 0, 0, 0, 1, 4, 0, 0, 0, 0, 0, 0, 0]
quota_shape,training-2048-1024-4095,10709,29894,1024,4095,15,16384,32768,8192,33,46128120,67108864,798720,0.899692647,[2048, 3240, 380, 519, 433, 1793, 219, 16, 16, 59, 273, 16, 380, 248, 47, 16, 16, 16, 47, 16, 16, 16, 16, 16, 108, 468, 115, 108, 16, 16, 16]
quota_sample,window-000000000000,27,99219,23988,19968,854,3348,[0, 0, 0, 0, 0, 0, 0, 0, 0, 0, 0, 0, 0, 0, 0, 23, 0, 0, 0, 2, 0, 0, 0, 0, 0, 0, 0, 0, 2, 0, 0, 0, 0]
quota_sample,window-000055000000,18,99456,24781,22384,602,2427,[0, 0, 0, 0, 0, 0, 0, 0, 0, 18, 0, 0, 0, 0, 0, 0, 0, 0, 0, 0, 0, 0, 0, 0, 0, 0, 0, 0, 0, 0, 0, 0, 0]
quota_sample,window-000115000000,26,97800,20122,17470,616,2469,[0, 0, 0, 0, 0, 0, 0, 0, 0, 0, 0, 0, 0, 0, 0, 0, 0, 0, 0, 0, 0, 0, 0, 0, 0, 23, 0, 3, 0, 0, 0, 0, 0]
quota_sample,window-000195000000,59,98444,20507,17109,1024,2974,[0, 0, 0, 0, 0, 0, 0, 0, 0, 0, 0, 0, 0, 0, 0, 17, 0, 0, 0, 0, 0, 0, 0, 0, 0, 0, 41, 0, 0, 0, 0, 1, 0]
quota_sample,window-000380000000,32,99968,21995,19259,746,2933,[0, 0, 0, 0, 0, 0, 0, 0, 0, 24, 0, 0, 0, 0, 0, 0, 0, 0, 0, 0, 0, 0, 0, 0, 1, 7, 0, 0, 0, 0, 0, 0, 0]
quota_sample,window-000390000000,33,96743,21959,19182,887,2895,[0, 0, 0, 0, 0, 0, 0, 0, 0, 30, 0, 0, 0, 0, 0, 0, 0, 0, 0, 0, 0, 0, 0, 0, 1, 1, 0, 1, 0, 0, 0, 0, 0]
quota_shape,training-2048-1024-6143,10709,29894,1024,6143,15,16384,32768,16384,33,50231544,67108864,917504,0.877997096,[2048, 3240, 380, 519, 433, 1793, 219, 16, 16, 59, 273, 16, 380, 248, 47, 16, 16, 16, 47, 16, 16, 16, 16, 16, 108, 468, 115, 108, 16, 16, 16]
quota_sample,window-000000000000,27,99219,23988,19968,854,3348,[0, 0, 0, 0, 0, 0, 0, 0, 0, 0, 0, 0, 0, 0, 0, 23, 0, 0, 0, 2, 0, 0, 0, 0, 0, 0, 0, 0, 2, 0, 0, 0, 0]
quota_sample,window-000055000000,18,99456,24781,22384,602,2427,[0, 0, 0, 0, 0, 0, 0, 0, 0, 18, 0, 0, 0, 0, 0, 0, 0, 0, 0, 0, 0, 0, 0, 0, 0, 0, 0, 0, 0, 0, 0, 0, 0]
quota_sample,window-000115000000,26,97800,20122,17470,616,2469,[0, 0, 0, 0, 0, 0, 0, 0, 0, 0, 0, 0, 0, 0, 0, 0, 0, 0, 0, 0, 0, 0, 0, 0, 0, 23, 0, 3, 0, 0, 0, 0, 0]
quota_sample,window-000195000000,59,98444,20507,17109,1024,2974,[0, 0, 0, 0, 0, 0, 0, 0, 0, 0, 0, 0, 0, 0, 0, 17, 0, 0, 0, 0, 0, 0, 0, 0, 0, 0, 41, 0, 0, 0, 0, 1, 0]
quota_sample,window-000380000000,32,99968,21995,19259,746,2933,[0, 0, 0, 0, 0, 0, 0, 0, 0, 24, 0, 0, 0, 0, 0, 0, 0, 0, 0, 0, 0, 0, 0, 0, 1, 7, 0, 0, 0, 0, 0, 0, 0]
quota_sample,window-000390000000,33,96743,21959,19182,887,2895,[0, 0, 0, 0, 0, 0, 0, 0, 0, 30, 0, 0, 0, 0, 0, 0, 0, 0, 0, 0, 0, 0, 0, 0, 1, 1, 0, 1, 0, 0, 0, 0, 0]
quota_shape,training-2048-1024-8191,10709,29894,1024,8191,15,16384,32768,16384,33,50829560,67108864,917504,0.855239779,[2048, 3240, 380, 519, 433, 1793, 219, 16, 16, 59, 273, 16, 380, 248, 47, 16, 16, 16, 47, 16, 16, 16, 16, 16, 108, 468, 115, 108, 16, 16, 16]
quota_sample,window-000000000000,27,99219,23988,19968,854,3348,[0, 0, 0, 0, 0, 0, 0, 0, 0, 0, 0, 0, 0, 0, 0, 23, 0, 0, 0, 2, 0, 0, 0, 0, 0, 0, 0, 0, 2, 0, 0, 0, 0]
quota_sample,window-000055000000,18,99456,24781,22384,602,2427,[0, 0, 0, 0, 0, 0, 0, 0, 0, 18, 0, 0, 0, 0, 0, 0, 0, 0, 0, 0, 0, 0, 0, 0, 0, 0, 0, 0, 0, 0, 0, 0, 0]
quota_sample,window-000115000000,26,97800,20122,17470,616,2469,[0, 0, 0, 0, 0, 0, 0, 0, 0, 0, 0, 0, 0, 0, 0, 0, 0, 0, 0, 0, 0, 0, 0, 0, 0, 23, 0, 3, 0, 0, 0, 0, 0]
quota_sample,window-000195000000,59,98444,20507,17109,1024,2974,[0, 0, 0, 0, 0, 0, 0, 0, 0, 0, 0, 0, 0, 0, 0, 17, 0, 0, 0, 0, 0, 0, 0, 0, 0, 0, 41, 0, 0, 0, 0, 1, 0]
quota_sample,window-000380000000,32,99968,21995,19259,746,2933,[0, 0, 0, 0, 0, 0, 0, 0, 0, 24, 0, 0, 0, 0, 0, 0, 0, 0, 0, 0, 0, 0, 0, 0, 1, 7, 0, 0, 0, 0, 0, 0, 0]
quota_sample,window-000390000000,33,96743,21959,19182,887,2895,[0, 0, 0, 0, 0, 0, 0, 0, 0, 30, 0, 0, 0, 0, 0, 0, 0, 0, 0, 0, 0, 0, 0, 0, 1, 1, 0, 1, 0, 0, 0, 0, 0]
quota_shape,training-2048-1536-4095,10709,29894,1536,4095,16,16384,65536,8192,33,56701432,67108864,1339392,0.882028273,[2048, 3240, 380, 519, 433, 1793, 219, 16, 16, 59, 273, 16, 380, 248, 47, 16, 16, 16, 47, 16, 16, 16, 16, 16, 108, 468, 115, 108, 16, 16, 16]
quota_sample,window-000000000000,27,99219,23988,19968,854,3859,[0, 0, 0, 0, 0, 0, 0, 0, 0, 0, 0, 0, 0, 0, 0, 23, 0, 0, 0, 2, 0, 0, 0, 0, 0, 0, 0, 0, 2, 0, 0, 0, 0]
quota_sample,window-000055000000,18,99456,24781,22384,602,2938,[0, 0, 0, 0, 0, 0, 0, 0, 0, 18, 0, 0, 0, 0, 0, 0, 0, 0, 0, 0, 0, 0, 0, 0, 0, 0, 0, 0, 0, 0, 0, 0, 0]
quota_sample,window-000115000000,26,97800,20122,17470,616,2980,[0, 0, 0, 0, 0, 0, 0, 0, 0, 0, 0, 0, 0, 0, 0, 0, 0, 0, 0, 0, 0, 0, 0, 0, 0, 23, 0, 3, 0, 0, 0, 0, 0]
quota_sample,window-000195000000,59,98444,20507,17109,1029,3485,[0, 0, 0, 0, 0, 0, 0, 0, 0, 0, 0, 0, 0, 0, 0, 17, 0, 0, 0, 0, 0, 0, 0, 0, 0, 0, 42, 0, 0, 0, 0, 0, 0]
quota_sample,window-000380000000,32,99968,21995,19259,746,3444,[0, 0, 0, 0, 0, 0, 0, 0, 0, 24, 0, 0, 0, 0, 0, 0, 0, 0, 0, 0, 0, 0, 0, 0, 1, 7, 0, 0, 0, 0, 0, 0, 0]
quota_sample,window-000390000000,33,96743,21959,19182,887,3406,[0, 0, 0, 0, 0, 0, 0, 0, 0, 30, 0, 0, 0, 0, 0, 0, 0, 0, 0, 0, 0, 0, 0, 0, 1, 1, 0, 1, 0, 0, 0, 0, 0]
quota_shape,training-2048-1536-6143,10709,29894,1536,6143,16,16384,65536,16384,33,60804856,67108864,1458176,0.913438254,[2048, 3240, 380, 519, 433, 1793, 219, 16, 16, 59, 273, 16, 380, 248, 47, 16, 16, 16, 47, 16, 16, 16, 16, 16, 108, 468, 115, 108, 16, 16, 16]
quota_sample,window-000000000000,27,99219,23988,19968,854,3859,[0, 0, 0, 0, 0, 0, 0, 0, 0, 0, 0, 0, 0, 0, 0, 23, 0, 0, 0, 2, 0, 0, 0, 0, 0, 0, 0, 0, 2, 0, 0, 0, 0]
quota_sample,window-000055000000,18,99456,24781,22384,602,2938,[0, 0, 0, 0, 0, 0, 0, 0, 0, 18, 0, 0, 0, 0, 0, 0, 0, 0, 0, 0, 0, 0, 0, 0, 0, 0, 0, 0, 0, 0, 0, 0, 0]
quota_sample,window-000115000000,26,97800,20122,17470,616,2980,[0, 0, 0, 0, 0, 0, 0, 0, 0, 0, 0, 0, 0, 0, 0, 0, 0, 0, 0, 0, 0, 0, 0, 0, 0, 23, 0, 3, 0, 0, 0, 0, 0]
quota_sample,window-000195000000,59,98444,20507,17109,1029,3485,[0, 0, 0, 0, 0, 0, 0, 0, 0, 0, 0, 0, 0, 0, 0, 17, 0, 0, 0, 0, 0, 0, 0, 0, 0, 0, 42, 0, 0, 0, 0, 0, 0]
quota_sample,window-000380000000,32,99968,21995,19259,746,3444,[0, 0, 0, 0, 0, 0, 0, 0, 0, 24, 0, 0, 0, 0, 0, 0, 0, 0, 0, 0, 0, 0, 0, 0, 1, 7, 0, 0, 0, 0, 0, 0, 0]
quota_sample,window-000390000000,33,96743,21959,19182,887,3406,[0, 0, 0, 0, 0, 0, 0, 0, 0, 30, 0, 0, 0, 0, 0, 0, 0, 0, 0, 0, 0, 0, 0, 0, 1, 1, 0, 1, 0, 0, 0, 0, 0]
quota_shape,training-2048-1536-8191,10709,29894,1536,8191,16,16384,65536,16384,33,61402872,67108864,1458176,0.875566006,[2048, 3240, 380, 519, 433, 1793, 219, 16, 16, 59, 273, 16, 380, 248, 47, 16, 16, 16, 47, 16, 16, 16, 16, 16, 108, 468, 115, 108, 16, 16, 16]
quota_sample,window-000000000000,27,99219,23988,19968,854,3859,[0, 0, 0, 0, 0, 0, 0, 0, 0, 0, 0, 0, 0, 0, 0, 23, 0, 0, 0, 2, 0, 0, 0, 0, 0, 0, 0, 0, 2, 0, 0, 0, 0]
quota_sample,window-000055000000,18,99456,24781,22384,602,2938,[0, 0, 0, 0, 0, 0, 0, 0, 0, 18, 0, 0, 0, 0, 0, 0, 0, 0, 0, 0, 0, 0, 0, 0, 0, 0, 0, 0, 0, 0, 0, 0, 0]
quota_sample,window-000115000000,26,97800,20122,17470,616,2980,[0, 0, 0, 0, 0, 0, 0, 0, 0, 0, 0, 0, 0, 0, 0, 0, 0, 0, 0, 0, 0, 0, 0, 0, 0, 23, 0, 3, 0, 0, 0, 0, 0]
quota_sample,window-000195000000,59,98444,20507,17109,1029,3485,[0, 0, 0, 0, 0, 0, 0, 0, 0, 0, 0, 0, 0, 0, 0, 17, 0, 0, 0, 0, 0, 0, 0, 0, 0, 0, 42, 0, 0, 0, 0, 0, 0]
quota_sample,window-000380000000,32,99968,21995,19259,746,3444,[0, 0, 0, 0, 0, 0, 0, 0, 0, 24, 0, 0, 0, 0, 0, 0, 0, 0, 0, 0, 0, 0, 0, 0, 1, 7, 0, 0, 0, 0, 0, 0, 0]
quota_sample,window-000390000000,33,96743,21959,19182,887,3406,[0, 0, 0, 0, 0, 0, 0, 0, 0, 30, 0, 0, 0, 0, 0, 0, 0, 0, 0, 0, 0, 0, 0, 0, 1, 1, 0, 1, 0, 0, 0, 0, 0]
quota_shape,training-2048-2048-4095,10709,29894,2048,4095,16,16384,65536,8192,33,56787960,67108864,1339392,0.904541200,[2048, 3240, 380, 519, 433, 1793, 219, 16, 16, 59, 273, 16, 380, 248, 47, 16, 16, 16, 47, 16, 16, 16, 16, 16, 108, 468, 115, 108, 16, 16, 16]
quota_sample,window-000000000000,28,99610,24083,20048,754,4094,[0, 0, 0, 0, 0, 0, 0, 0, 0, 0, 0, 0, 0, 0, 0, 17, 0, 0, 1, 1, 0, 0, 0, 0, 0, 0, 0, 0, 2, 0, 0, 0, 7]
quota_sample,window-000055000000,18,99456,24781,22384,602,3450,[0, 0, 0, 0, 0, 0, 0, 0, 0, 18, 0, 0, 0, 0, 0, 0, 0, 0, 0, 0, 0, 0, 0, 0, 0, 0, 0, 0, 0, 0, 0, 0, 0]
quota_sample,window-000115000000,26,97800,20122,17470,616,3492,[0, 0, 0, 0, 0, 0, 0, 0, 0, 0, 0, 0, 0, 0, 0, 0, 0, 0, 0, 0, 0, 0, 0, 0, 0, 23, 0, 3, 0, 0, 0, 0, 0]
quota_sample,window-000195000000,59,98444,20507,17109,1029,3997,[0, 0, 0, 0, 0, 0, 0, 0, 0, 0, 0, 0, 0, 0, 0, 17, 0, 0, 0, 0, 0, 0, 0, 0, 0, 0, 42, 0, 0, 0, 0, 0, 0]
quota_sample,window-000380000000,32,99968,21995,19259,746,3956,[0, 0, 0, 0, 0, 0, 0, 0, 0, 24, 0, 0, 0, 0, 0, 0, 0, 0, 0, 0, 0, 0, 0, 0, 1, 7, 0, 0, 0, 0, 0, 0, 0]
quota_sample,window-000390000000,33,96743,21959,19182,887,3918,[0, 0, 0, 0, 0, 0, 0, 0, 0, 30, 0, 0, 0, 0, 0, 0, 0, 0, 0, 0, 0, 0, 0, 0, 1, 1, 0, 1, 0, 0, 0, 0, 0]
quota_shape,training-2048-2048-6143,10709,29894,2048,6143,16,16384,65536,16384,33,60891384,67108864,1458176,0.920566362,[2048, 3240, 380, 519, 433, 1793, 219, 16, 16, 59, 273, 16, 380, 248, 47, 16, 16, 16, 47, 16, 16, 16, 16, 16, 108, 468, 115, 108, 16, 16, 16]
quota_sample,window-000000000000,27,99219,23988,19968,854,4371,[0, 0, 0, 0, 0, 0, 0, 0, 0, 0, 0, 0, 0, 0, 0, 23, 0, 0, 0, 2, 0, 0, 0, 0, 0, 0, 0, 0, 2, 0, 0, 0, 0]
quota_sample,window-000055000000,18,99456,24781,22384,602,3450,[0, 0, 0, 0, 0, 0, 0, 0, 0, 18, 0, 0, 0, 0, 0, 0, 0, 0, 0, 0, 0, 0, 0, 0, 0, 0, 0, 0, 0, 0, 0, 0, 0]
quota_sample,window-000115000000,26,97800,20122,17470,616,3492,[0, 0, 0, 0, 0, 0, 0, 0, 0, 0, 0, 0, 0, 0, 0, 0, 0, 0, 0, 0, 0, 0, 0, 0, 0, 23, 0, 3, 0, 0, 0, 0, 0]
quota_sample,window-000195000000,59,98444,20507,17109,1029,3997,[0, 0, 0, 0, 0, 0, 0, 0, 0, 0, 0, 0, 0, 0, 0, 17, 0, 0, 0, 0, 0, 0, 0, 0, 0, 0, 42, 0, 0, 0, 0, 0, 0]
quota_sample,window-000380000000,32,99968,21995,19259,746,3956,[0, 0, 0, 0, 0, 0, 0, 0, 0, 24, 0, 0, 0, 0, 0, 0, 0, 0, 0, 0, 0, 0, 0, 0, 1, 7, 0, 0, 0, 0, 0, 0, 0]
quota_sample,window-000390000000,33,96743,21959,19182,887,3918,[0, 0, 0, 0, 0, 0, 0, 0, 0, 30, 0, 0, 0, 0, 0, 0, 0, 0, 0, 0, 0, 0, 0, 0, 1, 1, 0, 1, 0, 0, 0, 0, 0]
quota_shape,training-2048-2048-8191,10709,29894,2048,8191,16,16384,65536,16384,33,61489400,67108864,1458176,0.929486258,[2048, 3240, 380, 519, 433, 1793, 219, 16, 16, 59, 273, 16, 380, 248, 47, 16, 16, 16, 47, 16, 16, 16, 16, 16, 108, 468, 115, 108, 16, 16, 16]
quota_sample,window-000000000000,27,99219,23988,19968,854,4371,[0, 0, 0, 0, 0, 0, 0, 0, 0, 0, 0, 0, 0, 0, 0, 23, 0, 0, 0, 2, 0, 0, 0, 0, 0, 0, 0, 0, 2, 0, 0, 0, 0]
quota_sample,window-000055000000,18,99456,24781,22384,602,3450,[0, 0, 0, 0, 0, 0, 0, 0, 0, 18, 0, 0, 0, 0, 0, 0, 0, 0, 0, 0, 0, 0, 0, 0, 0, 0, 0, 0, 0, 0, 0, 0, 0]
quota_sample,window-000115000000,26,97800,20122,17470,616,3492,[0, 0, 0, 0, 0, 0, 0, 0, 0, 0, 0, 0, 0, 0, 0, 0, 0, 0, 0, 0, 0, 0, 0, 0, 0, 23, 0, 3, 0, 0, 0, 0, 0]
quota_sample,window-000195000000,59,98444,20507,17109,1029,3997,[0, 0, 0, 0, 0, 0, 0, 0, 0, 0, 0, 0, 0, 0, 0, 17, 0, 0, 0, 0, 0, 0, 0, 0, 0, 0, 42, 0, 0, 0, 0, 0, 0]
quota_sample,window-000380000000,32,99968,21995,19259,746,3956,[0, 0, 0, 0, 0, 0, 0, 0, 0, 24, 0, 0, 0, 0, 0, 0, 0, 0, 0, 0, 0, 0, 0, 0, 1, 7, 0, 0, 0, 0, 0, 0, 0]
quota_sample,window-000390000000,33,96743,21959,19182,887,3918,[0, 0, 0, 0, 0, 0, 0, 0, 0, 30, 0, 0, 0, 0, 0, 0, 0, 0, 0, 0, 0, 0, 0, 0, 1, 1, 0, 1, 0, 0, 0, 0, 0]
quota_shape,training-3072-1024-4095,16056,44817,1024,4095,16,16384,65536,8192,33,59570791,67108864,1339392,0.888622617,[3072, 4859, 570, 778, 649, 2689, 328, 24, 24, 89, 409, 24, 570, 371, 70, 24, 24, 24, 70, 24, 24, 24, 24, 24, 161, 702, 172, 161, 24, 24, 24]
quota_sample,window-000000000000,17,99219,23988,19968,972,3355,[0, 0, 0, 0, 0, 0, 0, 0, 0, 0, 0, 0, 0, 0, 0, 15, 0, 0, 0, 1, 0, 0, 0, 0, 0, 0, 0, 0, 1, 0, 0, 0, 0]
quota_sample,window-000055000000,12,99643,24823,22421,713,2439,[0, 0, 1, 0, 0, 0, 0, 0, 0, 11, 0, 0, 0, 0, 0, 0, 0, 0, 0, 0, 0, 0, 0, 0, 0, 0, 0, 0, 0, 0, 0, 0, 0]
quota_sample,window-000115000000,17,95409,19555,17005,753,2532,[0, 0, 0, 0, 0, 0, 0, 0, 0, 0, 0, 0, 0, 0, 0, 0, 0, 0, 0, 0, 0, 0, 0, 0, 0, 15, 0, 2, 0, 0, 0, 0, 0]
quota_sample,window-000195000000,40,99976,20883,17417,1024,2974,[0, 0, 0, 0, 0, 0, 0, 0, 0, 0, 0, 0, 0, 0, 0, 11, 0, 0, 0, 0, 0, 0, 0, 0, 0, 0, 28, 0, 0, 0, 0, 1, 0]
quota_sample,window-000380000000,20,92793,20461,17914,935,3003,[0, 0, 0, 0, 0, 0, 0, 0, 0, 15, 0, 0, 0, 0, 0, 0, 0, 0, 0, 0, 0, 0, 0, 0, 2, 3, 0, 0, 0, 0, 0, 0, 0]
quota_sample,window-000390000000,22,98616,22400,19569,1000,2994,[0, 0, 0, 0, 0, 0, 0, 0, 0, 18, 0, 0, 0, 0, 0, 0, 0, 0, 0, 2, 0, 0, 0, 0, 2, 0, 0, 0, 0, 0, 0, 0, 0]
quota_shape,training-3072-1024-6143,16056,44817,1024,6143,16,16384,65536,16384,33,63674215,67108864,1458176,0.888184814,[3072, 4859, 570, 778, 649, 2689, 328, 24, 24, 89, 409, 24, 570, 371, 70, 24, 24, 24, 70, 24, 24, 24, 24, 24, 161, 702, 172, 161, 24, 24, 24]
quota_sample,window-000000000000,17,99219,23988,19968,972,3355,[0, 0, 0, 0, 0, 0, 0, 0, 0, 0, 0, 0, 0, 0, 0, 15, 0, 0, 0, 1, 0, 0, 0, 0, 0, 0, 0, 0, 1, 0, 0, 0, 0]
quota_sample,window-000055000000,12,99643,24823,22421,713,2439,[0, 0, 1, 0, 0, 0, 0, 0, 0, 11, 0, 0, 0, 0, 0, 0, 0, 0, 0, 0, 0, 0, 0, 0, 0, 0, 0, 0, 0, 0, 0, 0, 0]
quota_sample,window-000115000000,17,95409,19555,17005,753,2532,[0, 0, 0, 0, 0, 0, 0, 0, 0, 0, 0, 0, 0, 0, 0, 0, 0, 0, 0, 0, 0, 0, 0, 0, 0, 15, 0, 2, 0, 0, 0, 0, 0]
quota_sample,window-000195000000,40,99976,20883,17417,1024,2974,[0, 0, 0, 0, 0, 0, 0, 0, 0, 0, 0, 0, 0, 0, 0, 11, 0, 0, 0, 0, 0, 0, 0, 0, 0, 0, 28, 0, 0, 0, 0, 1, 0]
quota_sample,window-000380000000,20,92793,20461,17914,935,3003,[0, 0, 0, 0, 0, 0, 0, 0, 0, 15, 0, 0, 0, 0, 0, 0, 0, 0, 0, 0, 0, 0, 0, 0, 2, 3, 0, 0, 0, 0, 0, 0, 0]
quota_sample,window-000390000000,22,98616,22400,19569,1000,2994,[0, 0, 0, 0, 0, 0, 0, 0, 0, 18, 0, 0, 0, 0, 0, 0, 0, 0, 0, 2, 0, 0, 0, 0, 2, 0, 0, 0, 0, 0, 0, 0, 0]
quota_shape,training-3072-1024-8191,16056,44817,1024,8191,16,16384,65536,16384,33,64272231,67108864,1458176,0.955950511,[3072, 4859, 570, 778, 649, 2689, 328, 24, 24, 89, 409, 24, 570, 371, 70, 24, 24, 24, 70, 24, 24, 24, 24, 24, 161, 702, 172, 161, 24, 24, 24]
quota_sample,window-000000000000,17,99219,23988,19968,972,3355,[0, 0, 0, 0, 0, 0, 0, 0, 0, 0, 0, 0, 0, 0, 0, 15, 0, 0, 0, 1, 0, 0, 0, 0, 0, 0, 0, 0, 1, 0, 0, 0, 0]
quota_sample,window-000055000000,12,99643,24823,22421,713,2439,[0, 0, 1, 0, 0, 0, 0, 0, 0, 11, 0, 0, 0, 0, 0, 0, 0, 0, 0, 0, 0, 0, 0, 0, 0, 0, 0, 0, 0, 0, 0, 0, 0]
quota_sample,window-000115000000,17,95409,19555,17005,753,2532,[0, 0, 0, 0, 0, 0, 0, 0, 0, 0, 0, 0, 0, 0, 0, 0, 0, 0, 0, 0, 0, 0, 0, 0, 0, 15, 0, 2, 0, 0, 0, 0, 0]
quota_sample,window-000195000000,40,99976,20883,17417,1024,2974,[0, 0, 0, 0, 0, 0, 0, 0, 0, 0, 0, 0, 0, 0, 0, 11, 0, 0, 0, 0, 0, 0, 0, 0, 0, 0, 28, 0, 0, 0, 0, 1, 0]
quota_sample,window-000380000000,20,92793,20461,17914,935,3003,[0, 0, 0, 0, 0, 0, 0, 0, 0, 15, 0, 0, 0, 0, 0, 0, 0, 0, 0, 0, 0, 0, 0, 0, 2, 3, 0, 0, 0, 0, 0, 0, 0]
quota_sample,window-000390000000,22,98616,22400,19569,1000,2994,[0, 0, 0, 0, 0, 0, 0, 0, 0, 18, 0, 0, 0, 0, 0, 0, 0, 0, 0, 2, 0, 0, 0, 0, 2, 0, 0, 0, 0, 0, 0, 0, 0]
quota_shape,training-3072-1536-4095,16056,44817,1536,4095,16,16384,65536,8192,33,59657319,67108864,1339392,0.908876567,[3072, 4859, 570, 778, 649, 2689, 328, 24, 24, 89, 409, 24, 570, 371, 70, 24, 24, 24, 70, 24, 24, 24, 24, 24, 161, 702, 172, 161, 24, 24, 24]
quota_sample,window-000000000000,17,99219,23988,19968,972,3866,[0, 0, 0, 0, 0, 0, 0, 0, 0, 0, 0, 0, 0, 0, 0, 15, 0, 0, 0, 1, 0, 0, 0, 0, 0, 0, 0, 0, 1, 0, 0, 0, 0]
quota_sample,window-000055000000,12,99643,24823,22421,713,2950,[0, 0, 1, 0, 0, 0, 0, 0, 0, 11, 0, 0, 0, 0, 0, 0, 0, 0, 0, 0, 0, 0, 0, 0, 0, 0, 0, 0, 0, 0, 0, 0, 0]
quota_sample,window-000115000000,17,95409,19555,17005,753,3043,[0, 0, 0, 0, 0, 0, 0, 0, 0, 0, 0, 0, 0, 0, 0, 0, 0, 0, 0, 0, 0, 0, 0, 0, 0, 15, 0, 2, 0, 0, 0, 0, 0]
quota_sample,window-000195000000,39,99976,20883,17417,1221,3485,[0, 0, 0, 0, 0, 0, 0, 0, 0, 0, 0, 0, 0, 0, 0, 11, 0, 0, 0, 0, 0, 0, 0, 0, 0, 0, 28, 0, 0, 0, 0, 0, 0]
quota_sample,window-000380000000,20,92793,20461,17914,935,3514,[0, 0, 0, 0, 0, 0, 0, 0, 0, 15, 0, 0, 0, 0, 0, 0, 0, 0, 0, 0, 0, 0, 0, 0, 2, 3, 0, 0, 0, 0, 0, 0, 0]
quota_sample,window-000390000000,22,98616,22400,19569,1000,3505,[0, 0, 0, 0, 0, 0, 0, 0, 0, 18, 0, 0, 0, 0, 0, 0, 0, 0, 0, 2, 0, 0, 0, 0, 2, 0, 0, 0, 0, 0, 0, 0, 0]
quota_shape,training-3072-1536-6143,16056,44817,1536,6143,16,16384,65536,16384,33,63760743,67108864,1458176,0.913861107,[3072, 4859, 570, 778, 649, 2689, 328, 24, 24, 89, 409, 24, 570, 371, 70, 24, 24, 24, 70, 24, 24, 24, 24, 24, 161, 702, 172, 161, 24, 24, 24]
quota_sample,window-000000000000,17,99219,23988,19968,972,3866,[0, 0, 0, 0, 0, 0, 0, 0, 0, 0, 0, 0, 0, 0, 0, 15, 0, 0, 0, 1, 0, 0, 0, 0, 0, 0, 0, 0, 1, 0, 0, 0, 0]
quota_sample,window-000055000000,12,99643,24823,22421,713,2950,[0, 0, 1, 0, 0, 0, 0, 0, 0, 11, 0, 0, 0, 0, 0, 0, 0, 0, 0, 0, 0, 0, 0, 0, 0, 0, 0, 0, 0, 0, 0, 0, 0]
quota_sample,window-000115000000,17,95409,19555,17005,753,3043,[0, 0, 0, 0, 0, 0, 0, 0, 0, 0, 0, 0, 0, 0, 0, 0, 0, 0, 0, 0, 0, 0, 0, 0, 0, 15, 0, 2, 0, 0, 0, 0, 0]
quota_sample,window-000195000000,39,99976,20883,17417,1221,3485,[0, 0, 0, 0, 0, 0, 0, 0, 0, 0, 0, 0, 0, 0, 0, 11, 0, 0, 0, 0, 0, 0, 0, 0, 0, 0, 28, 0, 0, 0, 0, 0, 0]
quota_sample,window-000380000000,20,92793,20461,17914,935,3514,[0, 0, 0, 0, 0, 0, 0, 0, 0, 15, 0, 0, 0, 0, 0, 0, 0, 0, 0, 0, 0, 0, 0, 0, 2, 3, 0, 0, 0, 0, 0, 0, 0]
quota_sample,window-000390000000,22,98616,22400,19569,1000,3505,[0, 0, 0, 0, 0, 0, 0, 0, 0, 18, 0, 0, 0, 0, 0, 0, 0, 0, 0, 2, 0, 0, 0, 0, 2, 0, 0, 0, 0, 0, 0, 0, 0]
quota_shape,training-3072-1536-8191,16056,44817,1536,8191,16,16384,65536,16384,33,64358759,67108864,1458176,0.907506361,[3072, 4859, 570, 778, 649, 2689, 328, 24, 24, 89, 409, 24, 570, 371, 70, 24, 24, 24, 70, 24, 24, 24, 24, 24, 161, 702, 172, 161, 24, 24, 24]
quota_sample,window-000000000000,17,99219,23988,19968,972,3866,[0, 0, 0, 0, 0, 0, 0, 0, 0, 0, 0, 0, 0, 0, 0, 15, 0, 0, 0, 1, 0, 0, 0, 0, 0, 0, 0, 0, 1, 0, 0, 0, 0]
quota_sample,window-000055000000,12,99643,24823,22421,713,2950,[0, 0, 1, 0, 0, 0, 0, 0, 0, 11, 0, 0, 0, 0, 0, 0, 0, 0, 0, 0, 0, 0, 0, 0, 0, 0, 0, 0, 0, 0, 0, 0, 0]
quota_sample,window-000115000000,17,95409,19555,17005,753,3043,[0, 0, 0, 0, 0, 0, 0, 0, 0, 0, 0, 0, 0, 0, 0, 0, 0, 0, 0, 0, 0, 0, 0, 0, 0, 15, 0, 2, 0, 0, 0, 0, 0]
quota_sample,window-000195000000,39,99976,20883,17417,1221,3485,[0, 0, 0, 0, 0, 0, 0, 0, 0, 0, 0, 0, 0, 0, 0, 11, 0, 0, 0, 0, 0, 0, 0, 0, 0, 0, 28, 0, 0, 0, 0, 0, 0]
quota_sample,window-000380000000,20,92793,20461,17914,935,3514,[0, 0, 0, 0, 0, 0, 0, 0, 0, 15, 0, 0, 0, 0, 0, 0, 0, 0, 0, 0, 0, 0, 0, 0, 2, 3, 0, 0, 0, 0, 0, 0, 0]
quota_sample,window-000390000000,22,98616,22400,19569,1000,3505,[0, 0, 0, 0, 0, 0, 0, 0, 0, 18, 0, 0, 0, 0, 0, 0, 0, 0, 0, 2, 0, 0, 0, 0, 2, 0, 0, 0, 0, 0, 0, 0, 0]
quota_shape,training-3072-2048-4095,16056,44817,2048,4095,16,16384,65536,8192,33,59743847,67108864,1339392,1.172396131,[3072, 4859, 570, 778, 649, 2689, 328, 24, 24, 89, 409, 24, 570, 371, 70, 24, 24, 24, 70, 24, 24, 24, 24, 24, 161, 702, 172, 161, 24, 24, 24]
quota_sample,window-000000000000,21,98443,23796,19809,830,4094,[0, 0, 0, 0, 0, 0, 0, 0, 0, 0, 0, 0, 0, 0, 0, 9, 0, 0, 0, 1, 0, 0, 0, 0, 0, 0, 0, 0, 1, 0, 0, 0, 10]
quota_sample,window-000055000000,12,99643,24823,22421,713,3462,[0, 0, 1, 0, 0, 0, 0, 0, 0, 11, 0, 0, 0, 0, 0, 0, 0, 0, 0, 0, 0, 0, 0, 0, 0, 0, 0, 0, 0, 0, 0, 0, 0]
quota_sample,window-000115000000,17,95409,19555,17005,753,3555,[0, 0, 0, 0, 0, 0, 0, 0, 0, 0, 0, 0, 0, 0, 0, 0, 0, 0, 0, 0, 0, 0, 0, 0, 0, 15, 0, 2, 0, 0, 0, 0, 0]
quota_sample,window-000195000000,39,99976,20883,17417,1221,3997,[0, 0, 0, 0, 0, 0, 0, 0, 0, 0, 0, 0, 0, 0, 0, 11, 0, 0, 0, 0, 0, 0, 0, 0, 0, 0, 28, 0, 0, 0, 0, 0, 0]
quota_sample,window-000380000000,20,92793,20461,17914,935,4026,[0, 0, 0, 0, 0, 0, 0, 0, 0, 15, 0, 0, 0, 0, 0, 0, 0, 0, 0, 0, 0, 0, 0, 0, 2, 3, 0, 0, 0, 0, 0, 0, 0]
quota_sample,window-000390000000,22,98616,22400,19569,1000,4017,[0, 0, 0, 0, 0, 0, 0, 0, 0, 18, 0, 0, 0, 0, 0, 0, 0, 0, 0, 2, 0, 0, 0, 0, 2, 0, 0, 0, 0, 0, 0, 0, 0]
quota_shape,training-3072-2048-6143,16056,44817,2048,6143,16,16384,65536,16384,33,63847271,67108864,1458176,0.889451313,[3072, 4859, 570, 778, 649, 2689, 328, 24, 24, 89, 409, 24, 570, 371, 70, 24, 24, 24, 70, 24, 24, 24, 24, 24, 161, 702, 172, 161, 24, 24, 24]
quota_sample,window-000000000000,17,99219,23988,19968,972,4378,[0, 0, 0, 0, 0, 0, 0, 0, 0, 0, 0, 0, 0, 0, 0, 15, 0, 0, 0, 1, 0, 0, 0, 0, 0, 0, 0, 0, 1, 0, 0, 0, 0]
quota_sample,window-000055000000,12,99643,24823,22421,713,3462,[0, 0, 1, 0, 0, 0, 0, 0, 0, 11, 0, 0, 0, 0, 0, 0, 0, 0, 0, 0, 0, 0, 0, 0, 0, 0, 0, 0, 0, 0, 0, 0, 0]
quota_sample,window-000115000000,17,95409,19555,17005,753,3555,[0, 0, 0, 0, 0, 0, 0, 0, 0, 0, 0, 0, 0, 0, 0, 0, 0, 0, 0, 0, 0, 0, 0, 0, 0, 15, 0, 2, 0, 0, 0, 0, 0]
quota_sample,window-000195000000,39,99976,20883,17417,1221,3997,[0, 0, 0, 0, 0, 0, 0, 0, 0, 0, 0, 0, 0, 0, 0, 11, 0, 0, 0, 0, 0, 0, 0, 0, 0, 0, 28, 0, 0, 0, 0, 0, 0]
quota_sample,window-000380000000,20,92793,20461,17914,935,4026,[0, 0, 0, 0, 0, 0, 0, 0, 0, 15, 0, 0, 0, 0, 0, 0, 0, 0, 0, 0, 0, 0, 0, 0, 2, 3, 0, 0, 0, 0, 0, 0, 0]
quota_sample,window-000390000000,22,98616,22400,19569,1000,4017,[0, 0, 0, 0, 0, 0, 0, 0, 0, 18, 0, 0, 0, 0, 0, 0, 0, 0, 0, 2, 0, 0, 0, 0, 2, 0, 0, 0, 0, 0, 0, 0, 0]
quota_shape,training-3072-2048-8191,16056,44817,2048,8191,16,16384,65536,16384,33,64445287,67108864,1458176,0.952397993,[3072, 4859, 570, 778, 649, 2689, 328, 24, 24, 89, 409, 24, 570, 371, 70, 24, 24, 24, 70, 24, 24, 24, 24, 24, 161, 702, 172, 161, 24, 24, 24]
quota_sample,window-000000000000,17,99219,23988,19968,972,4378,[0, 0, 0, 0, 0, 0, 0, 0, 0, 0, 0, 0, 0, 0, 0, 15, 0, 0, 0, 1, 0, 0, 0, 0, 0, 0, 0, 0, 1, 0, 0, 0, 0]
quota_sample,window-000055000000,12,99643,24823,22421,713,3462,[0, 0, 1, 0, 0, 0, 0, 0, 0, 11, 0, 0, 0, 0, 0, 0, 0, 0, 0, 0, 0, 0, 0, 0, 0, 0, 0, 0, 0, 0, 0, 0, 0]
quota_sample,window-000115000000,17,95409,19555,17005,753,3555,[0, 0, 0, 0, 0, 0, 0, 0, 0, 0, 0, 0, 0, 0, 0, 0, 0, 0, 0, 0, 0, 0, 0, 0, 0, 15, 0, 2, 0, 0, 0, 0, 0]
quota_sample,window-000195000000,39,99976,20883,17417,1221,3997,[0, 0, 0, 0, 0, 0, 0, 0, 0, 0, 0, 0, 0, 0, 0, 11, 0, 0, 0, 0, 0, 0, 0, 0, 0, 0, 28, 0, 0, 0, 0, 0, 0]
quota_sample,window-000380000000,20,92793,20461,17914,935,4026,[0, 0, 0, 0, 0, 0, 0, 0, 0, 15, 0, 0, 0, 0, 0, 0, 0, 0, 0, 0, 0, 0, 0, 0, 2, 3, 0, 0, 0, 0, 0, 0, 0]
quota_sample,window-000390000000,22,98616,22400,19569,1000,4017,[0, 0, 0, 0, 0, 0, 0, 0, 0, 18, 0, 0, 0, 0, 0, 0, 0, 0, 0, 2, 0, 0, 0, 0, 2, 0, 0, 0, 0, 0, 0, 0, 0]
test ixby::paged_exec::profile_tests::captured_window_quota_census ... ok

test result: ok. 1 passed; 0 failed; 0 ignored; 0 measured; 381 filtered out; finished in 45.99s
