
running 1 test
quota_trace,window-000000000000,100000,24172,0.0,[20120, 32543, 4029, 6207, 5023, 20166, 1855, 5, 80, 0, 2096, 80, 3096, 2020, 713, 374, 0, 2, 713, 34, 0, 0, 0, 0, 112, 409, 141, 112, 34, 34, 2],6cb98536ddf8ed1af36775fffea7fd92588cae535626e2ab6273e3a76027fae7,84418860c872d76e77c9b7fa466d091a6f995cd1ed7a1872fb5349131aea17c3
quota_source_range,window-000000000000,0,100000,0,24172
quota_trace,window-000055000000,100000,13101692,0.0,[22504, 34743, 6798, 5629, 3752, 13301, 2139, 0, 89, 1068, 1960, 89, 3205, 2317, 535, 0, 0, 0, 535, 268, 0, 0, 0, 0, 534, 0, 0, 534, 0, 0, 0],6cb98536ddf8ed1af36775fffea7fd92588cae535626e2ab6273e3a76027fae7,84418860c872d76e77c9b7fa466d091a6f995cd1ed7a1872fb5349131aea17c3
quota_source_range,window-000055000000,55000000,55100000,13076779,13101692
quota_trace,window-000115000000,100000,27416029,0.0,[17898, 29871, 3040, 4870, 3963, 16570, 1330, 0, 0, 0, 2535, 0, 2094, 1330, 0, 0, 0, 0, 0, 0, 0, 0, 0, 0, 2159, 11878, 303, 2159, 0, 0, 0],6cb98536ddf8ed1af36775fffea7fd92588cae535626e2ab6273e3a76027fae7,84418860c872d76e77c9b7fa466d091a6f995cd1ed7a1872fb5349131aea17c3
quota_source_range,window-000115000000,115000000,115100000,27395386,27416029
quota_trace,window-000195000000,100000,46048042,0.0,[17423, 27200, 1622, 4215, 4577, 19293, 2420, 0, 144, 278, 2917, 144, 3684, 2707, 586, 288, 0, 0, 586, 0, 0, 0, 0, 0, 665, 5610, 4976, 665, 0, 0, 0],6cb98536ddf8ed1af36775fffea7fd92588cae535626e2ab6273e3a76027fae7,84418860c872d76e77c9b7fa466d091a6f995cd1ed7a1872fb5349131aea17c3
quota_source_range,window-000195000000,195000000,195100000,46027153,46048042
quota_trace,window-000380000000,100000,89320331,0.0,[19265, 29390, 2522, 3684, 3214, 15751, 2632, 0, 360, 1440, 3426, 360, 5952, 3352, 364, 0, 0, 0, 364, 362, 0, 0, 0, 0, 1622, 4308, 0, 1622, 4, 4, 2],6cb98536ddf8ed1af36775fffea7fd92588cae535626e2ab6273e3a76027fae7,84418860c872d76e77c9b7fa466d091a6f995cd1ed7a1872fb5349131aea17c3
quota_source_range,window-000380000000,380000000,380100000,89298329,89320331
quota_trace,window-000390000000,100000,91553616,0.0,[19860, 29049, 2281, 3388, 3137, 15872, 3108, 0, 476, 1902, 3738, 476, 7082, 4060, 486, 0, 0, 0, 486, 481, 0, 0, 0, 0, 1343, 1407, 0, 1343, 10, 10, 5],6cb98536ddf8ed1af36775fffea7fd92588cae535626e2ab6273e3a76027fae7,84418860c872d76e77c9b7fa466d091a6f995cd1ed7a1872fb5349131aea17c3
quota_source_range,window-000390000000,390000000,390100000,91530890,91553616
quota_shape,shared-linked-1024,10432,29248,2048,8191,16,16384,65536,16384,33,61691832,67108864,1458176,1.484672290,[1024, 2048, 384, 512, 256, 1024, 128, 64, 64, 256, 256, 256, 768, 512, 32, 64, 64, 64, 32, 64, 64, 64, 64, 64, 128, 512, 512, 128, 256, 512, 256]
quota_sample,window-000000000000,22,97351,23526,19589,911,4271,[0, 0, 0, 0, 8, 1, 0, 0, 0, 0, 0, 0, 0, 0, 13, 0, 0, 0, 0, 0, 0, 0, 0, 0, 0, 0, 0, 0, 0, 0, 0, 0, 0]
quota_sample,window-000055000000,21,95562,23807,21504,544,3401,[21, 0, 0, 0, 0, 0, 0, 0, 0, 0, 0, 0, 0, 0, 0, 0, 0, 0, 0, 0, 0, 0, 0, 0, 0, 0, 0, 0, 0, 0, 0, 0, 0]
quota_sample,window-000115000000,25,95503,19575,17022,529,3463,[0, 0, 0, 0, 4, 0, 0, 0, 0, 0, 0, 0, 0, 0, 0, 0, 0, 0, 0, 0, 0, 0, 0, 0, 0, 21, 0, 0, 0, 0, 0, 0, 0]
quota_sample,window-000195000000,29,98060,20413,17032,1041,3995,[0, 0, 0, 0, 0, 1, 1, 0, 0, 0, 0, 0, 0, 0, 17, 0, 0, 0, 0, 0, 0, 0, 0, 0, 0, 10, 0, 0, 0, 0, 0, 0, 0]
quota_sample,window-000380000000,24,96390,21198,18564,836,3910,[1, 0, 0, 0, 0, 0, 16, 0, 0, 0, 0, 0, 0, 0, 0, 0, 0, 0, 0, 0, 0, 0, 0, 0, 0, 7, 0, 0, 0, 0, 0, 0, 0]
quota_sample,window-000390000000,25,97839,22229,19420,846,3912,[1, 0, 0, 0, 0, 0, 22, 0, 0, 0, 0, 0, 0, 0, 0, 0, 0, 0, 0, 0, 0, 0, 0, 0, 0, 2, 0, 0, 0, 0, 0, 0, 0]
quota_shape,arithmetic-768,3351,10598,512,1023,14,4096,16384,2048,31,14108631,16777216,289792,0.797379653,[768, 1536, 683, 43, 43, 128, 6, 6, 6, 6, 6, 6, 6, 6, 6, 6, 6, 6, 6, 6, 6, 6, 6, 6, 6, 6, 6, 6, 6, 6, 6]
quota_sample,window-000000000000,1090,99927,24156,20107,109,1023,[0, 0, 0, 0, 0, 0, 0, 0, 0, 0, 0, 0, 234, 1, 0, 0, 0, 0, 0, 0, 0, 0, 0, 0, 0, 45, 0, 0, 5, 0, 0, 0, 805]
quota_sample,window-000055000000,892,99961,24904,22495,103,1023,[0, 0, 0, 0, 0, 0, 0, 0, 0, 0, 0, 0, 354, 0, 0, 0, 0, 0, 0, 0, 0, 0, 0, 0, 0, 0, 0, 0, 0, 0, 0, 0, 538]
quota_sample,window-000115000000,2104,99921,20623,17882,103,1023,[0, 0, 0, 0, 0, 0, 0, 0, 0, 0, 0, 0, 0, 0, 0, 0, 0, 0, 0, 0, 0, 0, 0, 0, 0, 1904, 0, 0, 0, 0, 0, 0, 200]
quota_sample,window-000195000000,1967,99941,20873,17409,103,1023,[0, 0, 0, 0, 0, 0, 0, 0, 0, 0, 5, 0, 228, 0, 0, 0, 0, 0, 0, 0, 0, 0, 0, 0, 0, 640, 516, 0, 0, 0, 0, 0, 578]
quota_sample,window-000380000000,1628,99988,21998,19262,97,1023,[0, 0, 0, 0, 0, 0, 0, 0, 0, 0, 0, 0, 720, 0, 0, 0, 0, 0, 0, 0, 0, 0, 0, 0, 0, 716, 0, 0, 0, 0, 0, 0, 192]
quota_sample,window-000390000000,1456,99927,22709,19843,97,1023,[0, 0, 0, 0, 0, 0, 0, 0, 0, 0, 0, 0, 954, 0, 0, 0, 0, 0, 0, 0, 0, 0, 0, 0, 0, 228, 0, 0, 0, 0, 0, 0, 274]
quota_shape,arithmetic-3072,13401,42378,1536,3071,16,16384,65536,8192,33,62053577,67108864,1339392,0.922074469,[3072, 6144, 2731, 171, 171, 512, 24, 24, 24, 24, 24, 24, 24, 24, 24, 24, 24, 24, 24, 24, 24, 24, 24, 24, 24, 24, 24, 24, 24, 24, 24]
quota_sample,window-000000000000,149,99710,24105,20068,461,3071,[0, 0, 0, 0, 0, 0, 0, 0, 0, 0, 1, 0, 85, 0, 0, 0, 0, 0, 0, 0, 0, 0, 0, 0, 0, 16, 0, 0, 1, 0, 0, 0, 46]
quota_sample,window-000055000000,133,99521,24794,22395,328,2697,[0, 0, 0, 0, 0, 0, 0, 0, 0, 0, 0, 0, 133, 0, 0, 0, 0, 0, 0, 0, 0, 0, 0, 0, 0, 0, 0, 0, 0, 0, 0, 0, 0]
quota_sample,window-000115000000,495,99530,20529,17805,298,2677,[0, 0, 0, 0, 0, 0, 0, 0, 0, 0, 5, 0, 0, 0, 0, 0, 0, 0, 0, 0, 0, 0, 0, 0, 0, 490, 0, 0, 0, 0, 0, 0, 0]
quota_sample,window-000195000000,359,99664,20806,17355,456,3049,[0, 0, 0, 0, 0, 0, 0, 0, 0, 0, 2, 0, 125, 0, 0, 0, 0, 0, 0, 0, 0, 0, 0, 0, 0, 192, 40, 0, 0, 0, 0, 0, 0]
quota_sample,window-000380000000,389,99988,21998,19262,438,3061,[0, 0, 0, 0, 0, 0, 0, 0, 0, 0, 0, 0, 210, 0, 0, 0, 0, 0, 0, 0, 0, 0, 0, 0, 0, 178, 0, 0, 0, 0, 0, 0, 1]
quota_sample,window-000390000000,337,99403,22582,19728,438,3068,[0, 0, 0, 0, 0, 0, 0, 0, 0, 0, 0, 0, 278, 0, 0, 0, 0, 0, 0, 0, 0, 0, 0, 0, 0, 56, 0, 0, 0, 0, 0, 0, 3]
quota_shape,arithmetic-4096,17868,56503,2048,4095,16,32768,65536,8192,34,96097553,134217728,1593344,0.860277761,[4096, 8192, 3641, 228, 228, 683, 32, 32, 32, 32, 32, 32, 32, 32, 32, 32, 32, 32, 32, 32, 32, 32, 32, 32, 32, 32, 32, 32, 32, 32, 32]
quota_sample,window-000000000000,109,99815,24129,20087,590,3954,[0, 0, 0, 0, 0, 0, 0, 0, 0, 0, 1, 0, 95, 0, 0, 0, 0, 0, 0, 0, 0, 0, 0, 0, 0, 12, 0, 0, 1, 0, 0, 0, 0]
quota_sample,window-000055000000,100,99653,24824,22422,361,3293,[0, 0, 0, 0, 0, 0, 0, 0, 0, 0, 0, 0, 100, 0, 0, 0, 0, 0, 0, 0, 0, 0, 0, 0, 0, 0, 0, 0, 0, 0, 0, 0, 0]
quota_sample,window-000115000000,371,99387,20500,17780,325,3193,[0, 0, 0, 0, 0, 0, 0, 0, 0, 0, 3, 0, 0, 0, 0, 0, 0, 0, 0, 0, 0, 0, 0, 0, 0, 368, 0, 0, 0, 0, 0, 0, 0]
quota_sample,window-000195000000,268,99903,20865,17403,535,3699,[0, 0, 0, 0, 0, 0, 0, 0, 0, 0, 0, 0, 95, 0, 0, 0, 0, 0, 0, 0, 0, 0, 0, 0, 0, 157, 16, 0, 0, 0, 0, 0, 0]
quota_sample,window-000380000000,291,99707,21932,19204,465,3625,[0, 0, 0, 0, 0, 0, 0, 0, 0, 0, 0, 0, 157, 0, 0, 0, 0, 0, 0, 0, 0, 0, 0, 0, 0, 134, 0, 0, 0, 0, 0, 0, 0]
quota_sample,window-000390000000,251,99413,22584,19730,513,3775,[0, 0, 0, 0, 0, 0, 0, 0, 0, 0, 0, 0, 209, 0, 0, 0, 0, 0, 0, 0, 0, 0, 0, 0, 0, 42, 0, 0, 0, 0, 0, 0, 0]
quota_shape,arrays-768,8186,22977,2048,4095,15,8192,32768,8192,32,30518226,33554432,679936,0.795571234,[768, 1726, 6, 191, 191, 575, 6, 6, 6, 6, 6, 6, 6, 6, 6, 6, 6, 6, 6, 6, 6, 6, 6, 6, 383, 2686, 1151, 383, 6, 6, 6]
quota_sample,window-000000000000,899,99982,24168,20118,192,2877,[0, 0, 458, 0, 0, 0, 2, 0, 0, 0, 66, 0, 365, 3, 0, 0, 0, 0, 0, 0, 0, 0, 0, 0, 0, 0, 0, 0, 5, 0, 0, 0, 0]
quota_sample,window-000055000000,1429,99912,24886,22482,133,2773,[0, 0, 1073, 0, 0, 0, 0, 0, 0, 0, 0, 0, 356, 0, 0, 0, 0, 0, 0, 0, 0, 0, 0, 0, 0, 0, 0, 0, 0, 0, 0, 0, 0]
quota_sample,window-000115000000,577,99828,20602,17864,201,2972,[0, 0, 456, 0, 0, 0, 12, 0, 0, 0, 109, 0, 0, 0, 0, 0, 0, 0, 0, 0, 0, 0, 0, 0, 0, 0, 0, 0, 0, 0, 0, 0, 0]
quota_sample,window-000195000000,747,99923,20869,17406,172,2893,[0, 0, 133, 0, 0, 0, 2, 0, 0, 0, 222, 0, 379, 11, 0, 0, 0, 0, 0, 0, 0, 0, 0, 0, 0, 0, 0, 0, 0, 0, 0, 0, 0]
quota_sample,window-000380000000,1080,99976,21996,19260,159,2768,[0, 0, 238, 0, 0, 0, 0, 0, 0, 0, 0, 0, 840, 2, 0, 0, 0, 0, 0, 0, 0, 0, 0, 0, 0, 0, 0, 0, 0, 0, 0, 0, 0]
quota_sample,window-000390000000,1255,99979,22721,19855,159,2771,[0, 0, 135, 0, 0, 0, 0, 0, 0, 0, 0, 0, 1115, 5, 0, 0, 0, 0, 0, 0, 0, 0, 0, 0, 0, 0, 0, 0, 0, 0, 0, 0, 0]
quota_shape,builders-768,5119,13792,1024,2047,14,8192,16384,4096,32,21617580,33554432,370688,0.773671780,[768, 1152, 6, 129, 128, 384, 6, 6, 6, 6, 6, 6, 6, 6, 6, 6, 6, 6, 6, 6, 6, 6, 6, 6, 512, 6, 6, 512, 256, 640, 512]
quota_sample,window-000000000000,930,99982,24168,20118,302,1894,[0, 0, 430, 0, 0, 0, 2, 0, 0, 0, 66, 0, 365, 3, 0, 0, 0, 0, 0, 0, 0, 0, 0, 0, 0, 63, 1, 0, 0, 0, 0, 0, 0]
quota_sample,window-000055000000,1429,99912,24886,22482,133,1750,[0, 0, 1073, 0, 0, 0, 0, 0, 0, 0, 0, 0, 356, 0, 0, 0, 0, 0, 0, 0, 0, 0, 0, 0, 0, 0, 0, 0, 0, 0, 0, 0, 0]
quota_sample,window-000115000000,1989,99917,20623,17882,175,1863,[0, 0, 0, 0, 0, 0, 12, 0, 0, 0, 21, 0, 0, 0, 0, 0, 0, 0, 0, 0, 0, 0, 0, 0, 0, 1956, 0, 0, 0, 0, 0, 0, 0]
quota_sample,window-000195000000,1689,99923,20869,17406,172,1849,[0, 0, 139, 0, 0, 0, 5, 0, 0, 0, 5, 0, 379, 5, 0, 0, 0, 0, 0, 0, 0, 0, 0, 0, 0, 638, 518, 0, 0, 0, 0, 0, 0]
quota_sample,window-000380000000,1574,99976,21996,19260,159,1724,[0, 0, 16, 0, 0, 0, 0, 0, 0, 0, 0, 0, 840, 2, 0, 0, 0, 0, 0, 0, 0, 0, 0, 0, 0, 716, 0, 0, 0, 0, 0, 0, 0]
quota_sample,window-000390000000,1400,99979,22721,19855,159,1748,[0, 0, 52, 0, 0, 0, 0, 0, 0, 0, 0, 0, 1115, 5, 0, 0, 0, 0, 0, 0, 0, 0, 0, 0, 0, 228, 0, 0, 0, 0, 0, 0, 0]
quota_shape,mixed-3072,14878,41659,1536,6143,16,16384,65536,16384,33,63162210,67108864,1458176,0.845611714,[3072, 4486, 557, 941, 715, 2995, 267, 24, 24, 24, 529, 24, 490, 274, 48, 24, 24, 24, 48, 24, 24, 24, 24, 24, 24, 24, 24, 24, 24, 24, 24]
quota_sample,window-000000000000,32,98626,23838,19844,963,3962,[0, 0, 0, 0, 0, 0, 0, 0, 0, 0, 0, 0, 0, 0, 1, 13, 0, 0, 0, 0, 0, 0, 0, 0, 0, 17, 0, 0, 1, 0, 0, 0, 0]
quota_sample,window-000055000000,44,98911,24641,22258,438,2859,[0, 0, 0, 0, 0, 0, 0, 0, 0, 44, 0, 0, 0, 0, 0, 0, 0, 0, 0, 0, 0, 0, 0, 0, 0, 0, 0, 0, 0, 0, 0, 0, 0]
quota_sample,window-000115000000,494,99532,20529,17805,328,2701,[0, 0, 0, 0, 0, 0, 0, 0, 0, 0, 0, 0, 0, 0, 0, 0, 0, 0, 0, 0, 0, 0, 0, 0, 0, 494, 0, 0, 0, 0, 0, 0, 0]
quota_sample,window-000195000000,246,99592,20789,17340,928,3490,[0, 0, 0, 0, 0, 0, 0, 0, 0, 0, 0, 0, 0, 0, 11, 0, 0, 0, 0, 0, 0, 0, 0, 0, 0, 195, 40, 0, 0, 0, 0, 0, 0]
quota_sample,window-000380000000,237,99548,21895,19172,528,3260,[0, 0, 0, 0, 0, 0, 0, 0, 0, 59, 0, 0, 0, 0, 0, 0, 0, 0, 0, 0, 0, 0, 0, 0, 0, 178, 0, 0, 0, 0, 0, 0, 0]
quota_sample,window-000390000000,133,98104,22288,19473,601,3308,[0, 0, 0, 0, 0, 0, 0, 0, 0, 76, 0, 0, 0, 0, 0, 0, 0, 0, 0, 0, 0, 0, 0, 0, 2, 55, 0, 0, 0, 0, 0, 0, 0]
quota_shape,training-1024-1024-4095,7118,20534,1024,4095,15,8192,32768,8192,32,30335904,33554432,679936,0.787894765,[1024, 1710, 310, 316, 270, 1134, 143, 8, 20, 77, 183, 20, 317, 179, 37, 20, 8, 8, 37, 20, 8, 8, 8, 8, 124, 680, 293, 124, 8, 8, 8]
quota_sample,window-000000000000,25,95425,23061,19197,902,3434,[1, 0, 0, 16, 0, 0, 0, 0, 0, 0, 0, 0, 0, 0, 1, 1, 0, 0, 2, 0, 0, 0, 0, 0, 0, 0, 0, 0, 4, 0, 0, 0, 0]
quota_sample,window-000055000000,22,99845,24869,22465,542,2380,[10, 0, 12, 0, 0, 0, 0, 0, 0, 0, 0, 0, 0, 0, 0, 0, 0, 0, 0, 0, 0, 0, 0, 0, 0, 0, 0, 0, 0, 0, 0, 0, 0]
quota_sample,window-000115000000,20,97060,19943,17324,528,2434,[0, 0, 0, 0, 4, 0, 0, 0, 0, 0, 0, 0, 0, 0, 0, 0, 0, 0, 0, 0, 0, 0, 0, 0, 0, 16, 0, 0, 0, 0, 0, 0, 0]
quota_sample,window-000195000000,33,98455,20510,17112,1024,2978,[0, 0, 0, 0, 2, 0, 0, 0, 0, 0, 0, 0, 0, 0, 14, 0, 0, 0, 0, 0, 0, 0, 0, 0, 0, 0, 16, 0, 0, 0, 0, 1, 0]
quota_sample,window-000380000000,25,99820,21960,19228,828,2876,[4, 0, 0, 0, 0, 0, 0, 0, 0, 16, 0, 0, 0, 0, 0, 0, 0, 0, 0, 0, 0, 0, 0, 0, 5, 0, 0, 0, 0, 0, 0, 0, 0]
quota_sample,window-000390000000,26,96476,21895,19126,901,2915,[4, 0, 0, 0, 0, 0, 0, 0, 0, 20, 0, 0, 0, 0, 0, 0, 0, 0, 0, 1, 0, 0, 0, 0, 1, 0, 0, 0, 0, 0, 0, 0, 0]
quota_shape,training-1024-1024-6143,7118,20534,1024,6143,15,8192,32768,16384,33,34439328,67108864,798720,0.816024949,[1024, 1710, 310, 316, 270, 1134, 143, 8, 20, 77, 183, 20, 317, 179, 37, 20, 8, 8, 37, 20, 8, 8, 8, 8, 124, 680, 293, 124, 8, 8, 8]
quota_sample,window-000000000000,25,95425,23061,19197,902,3434,[1, 0, 0, 16, 0, 0, 0, 0, 0, 0, 0, 0, 0, 0, 1, 1, 0, 0, 2, 0, 0, 0, 0, 0, 0, 0, 0, 0, 4, 0, 0, 0, 0]
quota_sample,window-000055000000,22,99845,24869,22465,542,2380,[10, 0, 12, 0, 0, 0, 0, 0, 0, 0, 0, 0, 0, 0, 0, 0, 0, 0, 0, 0, 0, 0, 0, 0, 0, 0, 0, 0, 0, 0, 0, 0, 0]
quota_sample,window-000115000000,20,97060,19943,17324,528,2434,[0, 0, 0, 0, 4, 0, 0, 0, 0, 0, 0, 0, 0, 0, 0, 0, 0, 0, 0, 0, 0, 0, 0, 0, 0, 16, 0, 0, 0, 0, 0, 0, 0]
quota_sample,window-000195000000,33,98455,20510,17112,1024,2978,[0, 0, 0, 0, 2, 0, 0, 0, 0, 0, 0, 0, 0, 0, 14, 0, 0, 0, 0, 0, 0, 0, 0, 0, 0, 0, 16, 0, 0, 0, 0, 1, 0]
quota_sample,window-000380000000,25,99820,21960,19228,828,2876,[4, 0, 0, 0, 0, 0, 0, 0, 0, 16, 0, 0, 0, 0, 0, 0, 0, 0, 0, 0, 0, 0, 0, 0, 5, 0, 0, 0, 0, 0, 0, 0, 0]
quota_sample,window-000390000000,26,96476,21895,19126,901,2915,[4, 0, 0, 0, 0, 0, 0, 0, 0, 20, 0, 0, 0, 0, 0, 0, 0, 0, 0, 1, 0, 0, 0, 0, 1, 0, 0, 0, 0, 0, 0, 0, 0]
quota_shape,training-1024-1024-8191,7118,20534,1024,8191,15,8192,32768,16384,33,35037344,67108864,798720,0.820527041,[1024, 1710, 310, 316, 270, 1134, 143, 8, 20, 77, 183, 20, 317, 179, 37, 20, 8, 8, 37, 20, 8, 8, 8, 8, 124, 680, 293, 124, 8, 8, 8]
quota_sample,window-000000000000,25,95425,23061,19197,902,3434,[1, 0, 0, 16, 0, 0, 0, 0, 0, 0, 0, 0, 0, 0, 1, 1, 0, 0, 2, 0, 0, 0, 0, 0, 0, 0, 0, 0, 4, 0, 0, 0, 0]
quota_sample,window-000055000000,22,99845,24869,22465,542,2380,[10, 0, 12, 0, 0, 0, 0, 0, 0, 0, 0, 0, 0, 0, 0, 0, 0, 0, 0, 0, 0, 0, 0, 0, 0, 0, 0, 0, 0, 0, 0, 0, 0]
quota_sample,window-000115000000,20,97060,19943,17324,528,2434,[0, 0, 0, 0, 4, 0, 0, 0, 0, 0, 0, 0, 0, 0, 0, 0, 0, 0, 0, 0, 0, 0, 0, 0, 0, 16, 0, 0, 0, 0, 0, 0, 0]
quota_sample,window-000195000000,33,98455,20510,17112,1024,2978,[0, 0, 0, 0, 2, 0, 0, 0, 0, 0, 0, 0, 0, 0, 14, 0, 0, 0, 0, 0, 0, 0, 0, 0, 0, 0, 16, 0, 0, 0, 0, 1, 0]
quota_sample,window-000380000000,25,99820,21960,19228,828,2876,[4, 0, 0, 0, 0, 0, 0, 0, 0, 16, 0, 0, 0, 0, 0, 0, 0, 0, 0, 0, 0, 0, 0, 0, 5, 0, 0, 0, 0, 0, 0, 0, 0]
quota_sample,window-000390000000,26,96476,21895,19126,901,2915,[4, 0, 0, 0, 0, 0, 0, 0, 0, 20, 0, 0, 0, 0, 0, 0, 0, 0, 0, 1, 0, 0, 0, 0, 1, 0, 0, 0, 0, 0, 0, 0, 0]
quota_shape,training-1024-1536-4095,7118,20534,1536,4095,15,8192,32768,8192,32,30422432,33554432,679936,0.801622678,[1024, 1710, 310, 316, 270, 1134, 143, 8, 20, 77, 183, 20, 317, 179, 37, 20, 8, 8, 37, 20, 8, 8, 8, 8, 124, 680, 293, 124, 8, 8, 8]
quota_sample,window-000000000000,25,95425,23061,19197,902,3945,[1, 0, 0, 16, 0, 0, 0, 0, 0, 0, 0, 0, 0, 0, 1, 1, 0, 0, 2, 0, 0, 0, 0, 0, 0, 0, 0, 0, 4, 0, 0, 0, 0]
quota_sample,window-000055000000,22,99845,24869,22465,542,2891,[10, 0, 12, 0, 0, 0, 0, 0, 0, 0, 0, 0, 0, 0, 0, 0, 0, 0, 0, 0, 0, 0, 0, 0, 0, 0, 0, 0, 0, 0, 0, 0, 0]
quota_sample,window-000115000000,20,97060,19943,17324,528,2945,[0, 0, 0, 0, 4, 0, 0, 0, 0, 0, 0, 0, 0, 0, 0, 0, 0, 0, 0, 0, 0, 0, 0, 0, 0, 16, 0, 0, 0, 0, 0, 0, 0]
quota_sample,window-000195000000,33,98455,20510,17112,1035,3484,[0, 0, 0, 0, 3, 0, 0, 0, 0, 0, 0, 0, 0, 0, 14, 0, 0, 0, 0, 0, 0, 0, 0, 0, 0, 0, 16, 0, 0, 0, 0, 0, 0]
quota_sample,window-000380000000,25,99820,21960,19228,828,3387,[4, 0, 0, 0, 0, 0, 0, 0, 0, 16, 0, 0, 0, 0, 0, 0, 0, 0, 0, 0, 0, 0, 0, 0, 5, 0, 0, 0, 0, 0, 0, 0, 0]
quota_sample,window-000390000000,26,96476,21895,19126,901,3426,[4, 0, 0, 0, 0, 0, 0, 0, 0, 20, 0, 0, 0, 0, 0, 0, 0, 0, 0, 1, 0, 0, 0, 0, 1, 0, 0, 0, 0, 0, 0, 0, 0]
quota_shape,training-1024-1536-6143,7118,20534,1536,6143,15,8192,32768,16384,33,34525856,67108864,798720,0.816720296,[1024, 1710, 310, 316, 270, 1134, 143, 8, 20, 77, 183, 20, 317, 179, 37, 20, 8, 8, 37, 20, 8, 8, 8, 8, 124, 680, 293, 124, 8, 8, 8]
quota_sample,window-000000000000,25,95425,23061,19197,902,3945,[1, 0, 0, 16, 0, 0, 0, 0, 0, 0, 0, 0, 0, 0, 1, 1, 0, 0, 2, 0, 0, 0, 0, 0, 0, 0, 0, 0, 4, 0, 0, 0, 0]
quota_sample,window-000055000000,22,99845,24869,22465,542,2891,[10, 0, 12, 0, 0, 0, 0, 0, 0, 0, 0, 0, 0, 0, 0, 0, 0, 0, 0, 0, 0, 0, 0, 0, 0, 0, 0, 0, 0, 0, 0, 0, 0]
quota_sample,window-000115000000,20,97060,19943,17324,528,2945,[0, 0, 0, 0, 4, 0, 0, 0, 0, 0, 0, 0, 0, 0, 0, 0, 0, 0, 0, 0, 0, 0, 0, 0, 0, 16, 0, 0, 0, 0, 0, 0, 0]
quota_sample,window-000195000000,33,98455,20510,17112,1035,3484,[0, 0, 0, 0, 3, 0, 0, 0, 0, 0, 0, 0, 0, 0, 14, 0, 0, 0, 0, 0, 0, 0, 0, 0, 0, 0, 16, 0, 0, 0, 0, 0, 0]
quota_sample,window-000380000000,25,99820,21960,19228,828,3387,[4, 0, 0, 0, 0, 0, 0, 0, 0, 16, 0, 0, 0, 0, 0, 0, 0, 0, 0, 0, 0, 0, 0, 0, 5, 0, 0, 0, 0, 0, 0, 0, 0]
quota_sample,window-000390000000,26,96476,21895,19126,901,3426,[4, 0, 0, 0, 0, 0, 0, 0, 0, 20, 0, 0, 0, 0, 0, 0, 0, 0, 0, 1, 0, 0, 0, 0, 1, 0, 0, 0, 0, 0, 0, 0, 0]
quota_shape,training-1024-1536-8191,7118,20534,1536,8191,15,8192,32768,16384,33,35123872,67108864,798720,0.830634780,[1024, 1710, 310, 316, 270, 1134, 143, 8, 20, 77, 183, 20, 317, 179, 37, 20, 8, 8, 37, 20, 8, 8, 8, 8, 124, 680, 293, 124, 8, 8, 8]
quota_sample,window-000000000000,25,95425,23061,19197,902,3945,[1, 0, 0, 16, 0, 0, 0, 0, 0, 0, 0, 0, 0, 0, 1, 1, 0, 0, 2, 0, 0, 0, 0, 0, 0, 0, 0, 0, 4, 0, 0, 0, 0]
quota_sample,window-000055000000,22,99845,24869,22465,542,2891,[10, 0, 12, 0, 0, 0, 0, 0, 0, 0, 0, 0, 0, 0, 0, 0, 0, 0, 0, 0, 0, 0, 0, 0, 0, 0, 0, 0, 0, 0, 0, 0, 0]
quota_sample,window-000115000000,20,97060,19943,17324,528,2945,[0, 0, 0, 0, 4, 0, 0, 0, 0, 0, 0, 0, 0, 0, 0, 0, 0, 0, 0, 0, 0, 0, 0, 0, 0, 16, 0, 0, 0, 0, 0, 0, 0]
quota_sample,window-000195000000,33,98455,20510,17112,1035,3484,[0, 0, 0, 0, 3, 0, 0, 0, 0, 0, 0, 0, 0, 0, 14, 0, 0, 0, 0, 0, 0, 0, 0, 0, 0, 0, 16, 0, 0, 0, 0, 0, 0]
quota_sample,window-000380000000,25,99820,21960,19228,828,3387,[4, 0, 0, 0, 0, 0, 0, 0, 0, 16, 0, 0, 0, 0, 0, 0, 0, 0, 0, 0, 0, 0, 0, 0, 5, 0, 0, 0, 0, 0, 0, 0, 0]
quota_sample,window-000390000000,26,96476,21895,19126,901,3426,[4, 0, 0, 0, 0, 0, 0, 0, 0, 20, 0, 0, 0, 0, 0, 0, 0, 0, 0, 1, 0, 0, 0, 0, 1, 0, 0, 0, 0, 0, 0, 0, 0]
quota_shape,training-1024-2048-4095,7118,20534,2048,4095,15,8192,32768,8192,32,30508960,33554432,679936,0.805937428,[1024, 1710, 310, 316, 270, 1134, 143, 8, 20, 77, 183, 20, 317, 179, 37, 20, 8, 8, 37, 20, 8, 8, 8, 8, 124, 680, 293, 124, 8, 8, 8]
quota_sample,window-000000000000,28,98443,23796,19809,762,4092,[0, 0, 0, 13, 0, 0, 0, 0, 0, 0, 0, 0, 0, 0, 0, 1, 0, 0, 2, 0, 0, 0, 0, 0, 0, 0, 0, 0, 4, 0, 0, 0, 8]
quota_sample,window-000055000000,22,99845,24869,22465,542,3403,[10, 0, 12, 0, 0, 0, 0, 0, 0, 0, 0, 0, 0, 0, 0, 0, 0, 0, 0, 0, 0, 0, 0, 0, 0, 0, 0, 0, 0, 0, 0, 0, 0]
quota_sample,window-000115000000,20,97060,19943,17324,528,3457,[0, 0, 0, 0, 4, 0, 0, 0, 0, 0, 0, 0, 0, 0, 0, 0, 0, 0, 0, 0, 0, 0, 0, 0, 0, 16, 0, 0, 0, 0, 0, 0, 0]
quota_sample,window-000195000000,33,98455,20510,17112,1035,3995,[0, 0, 0, 0, 3, 0, 0, 0, 0, 0, 0, 0, 0, 0, 14, 0, 0, 0, 0, 0, 0, 0, 0, 0, 0, 0, 16, 0, 0, 0, 0, 0, 0]
quota_sample,window-000380000000,25,99820,21960,19228,828,3899,[4, 0, 0, 0, 0, 0, 0, 0, 0, 16, 0, 0, 0, 0, 0, 0, 0, 0, 0, 0, 0, 0, 0, 0, 5, 0, 0, 0, 0, 0, 0, 0, 0]
quota_sample,window-000390000000,26,96476,21895,19126,901,3938,[4, 0, 0, 0, 0, 0, 0, 0, 0, 20, 0, 0, 0, 0, 0, 0, 0, 0, 0, 1, 0, 0, 0, 0, 1, 0, 0, 0, 0, 0, 0, 0, 0]
quota_shape,training-1024-2048-6143,7118,20534,2048,6143,15,8192,32768,16384,33,34612384,67108864,798720,0.819117060,[1024, 1710, 310, 316, 270, 1134, 143, 8, 20, 77, 183, 20, 317, 179, 37, 20, 8, 8, 37, 20, 8, 8, 8, 8, 124, 680, 293, 124, 8, 8, 8]
quota_sample,window-000000000000,25,95425,23061,19197,902,4457,[1, 0, 0, 16, 0, 0, 0, 0, 0, 0, 0, 0, 0, 0, 1, 1, 0, 0, 2, 0, 0, 0, 0, 0, 0, 0, 0, 0, 4, 0, 0, 0, 0]
quota_sample,window-000055000000,22,99845,24869,22465,542,3403,[10, 0, 12, 0, 0, 0, 0, 0, 0, 0, 0, 0, 0, 0, 0, 0, 0, 0, 0, 0, 0, 0, 0, 0, 0, 0, 0, 0, 0, 0, 0, 0, 0]
quota_sample,window-000115000000,20,97060,19943,17324,528,3457,[0, 0, 0, 0, 4, 0, 0, 0, 0, 0, 0, 0, 0, 0, 0, 0, 0, 0, 0, 0, 0, 0, 0, 0, 0, 16, 0, 0, 0, 0, 0, 0, 0]
quota_sample,window-000195000000,33,98455,20510,17112,1035,3995,[0, 0, 0, 0, 3, 0, 0, 0, 0, 0, 0, 0, 0, 0, 14, 0, 0, 0, 0, 0, 0, 0, 0, 0, 0, 0, 16, 0, 0, 0, 0, 0, 0]
quota_sample,window-000380000000,25,99820,21960,19228,828,3899,[4, 0, 0, 0, 0, 0, 0, 0, 0, 16, 0, 0, 0, 0, 0, 0, 0, 0, 0, 0, 0, 0, 0, 0, 5, 0, 0, 0, 0, 0, 0, 0, 0]
quota_sample,window-000390000000,26,96476,21895,19126,901,3938,[4, 0, 0, 0, 0, 0, 0, 0, 0, 20, 0, 0, 0, 0, 0, 0, 0, 0, 0, 1, 0, 0, 0, 0, 1, 0, 0, 0, 0, 0, 0, 0, 0]
quota_shape,training-1024-2048-8191,7118,20534,2048,8191,15,8192,32768,16384,33,35210400,67108864,798720,0.823602361,[1024, 1710, 310, 316, 270, 1134, 143, 8, 20, 77, 183, 20, 317, 179, 37, 20, 8, 8, 37, 20, 8, 8, 8, 8, 124, 680, 293, 124, 8, 8, 8]
quota_sample,window-000000000000,25,95425,23061,19197,902,4457,[1, 0, 0, 16, 0, 0, 0, 0, 0, 0, 0, 0, 0, 0, 1, 1, 0, 0, 2, 0, 0, 0, 0, 0, 0, 0, 0, 0, 4, 0, 0, 0, 0]
quota_sample,window-000055000000,22,99845,24869,22465,542,3403,[10, 0, 12, 0, 0, 0, 0, 0, 0, 0, 0, 0, 0, 0, 0, 0, 0, 0, 0, 0, 0, 0, 0, 0, 0, 0, 0, 0, 0, 0, 0, 0, 0]
quota_sample,window-000115000000,20,97060,19943,17324,528,3457,[0, 0, 0, 0, 4, 0, 0, 0, 0, 0, 0, 0, 0, 0, 0, 0, 0, 0, 0, 0, 0, 0, 0, 0, 0, 16, 0, 0, 0, 0, 0, 0, 0]
quota_sample,window-000195000000,33,98455,20510,17112,1035,3995,[0, 0, 0, 0, 3, 0, 0, 0, 0, 0, 0, 0, 0, 0, 14, 0, 0, 0, 0, 0, 0, 0, 0, 0, 0, 0, 16, 0, 0, 0, 0, 0, 0]
quota_sample,window-000380000000,25,99820,21960,19228,828,3899,[4, 0, 0, 0, 0, 0, 0, 0, 0, 16, 0, 0, 0, 0, 0, 0, 0, 0, 0, 0, 0, 0, 0, 0, 5, 0, 0, 0, 0, 0, 0, 0, 0]
quota_sample,window-000390000000,26,96476,21895,19126,901,3938,[4, 0, 0, 0, 0, 0, 0, 0, 0, 20, 0, 0, 0, 0, 0, 0, 0, 0, 0, 1, 0, 0, 0, 0, 1, 0, 0, 0, 0, 0, 0, 0, 0]
quota_shape,training-2048-1024-4095,14222,41030,1024,4095,16,16384,65536,8192,33,59005824,67108864,1339392,0.854512082,[2048, 3419, 619, 632, 539, 2268, 285, 16, 39, 154, 365, 39, 633, 357, 73, 39, 16, 16, 73, 39, 16, 16, 16, 16, 248, 1360, 585, 248, 16, 16, 16]
quota_sample,window-000000000000,12,92533,22352,18612,1024,3522,[0, 0, 0, 8, 0, 0, 0, 0, 0, 0, 0, 0, 0, 0, 0, 0, 0, 0, 0, 0, 0, 0, 0, 0, 0, 0, 0, 0, 2, 0, 0, 2, 0]
quota_sample,window-000055000000,11,99860,24873,22469,733,2405,[5, 0, 6, 0, 0, 0, 0, 0, 0, 0, 0, 0, 0, 0, 0, 0, 0, 0, 0, 0, 0, 0, 0, 0, 0, 0, 0, 0, 0, 0, 0, 0, 0]
quota_sample,window-000115000000,10,97045,19941,17322,731,2509,[0, 0, 0, 0, 2, 0, 0, 0, 0, 0, 0, 0, 0, 0, 0, 0, 0, 0, 0, 0, 0, 0, 0, 0, 0, 8, 0, 0, 0, 0, 0, 0, 0]
quota_sample,window-000195000000,17,94825,19618,16381,1024,2969,[0, 0, 0, 0, 0, 0, 0, 0, 0, 0, 0, 0, 0, 0, 7, 0, 0, 0, 0, 0, 0, 0, 0, 0, 0, 0, 6, 0, 0, 0, 0, 4, 0]
quota_sample,window-000380000000,12,93330,20572,18011,1024,3026,[1, 0, 0, 0, 0, 0, 0, 0, 0, 7, 0, 0, 0, 0, 0, 0, 0, 0, 0, 0, 0, 0, 0, 0, 2, 0, 0, 0, 0, 0, 0, 2, 0]
quota_sample,window-000390000000,14,98908,22468,19629,1024,2925,[1, 0, 0, 0, 0, 0, 0, 0, 0, 10, 0, 0, 0, 0, 0, 0, 0, 0, 0, 0, 0, 0, 0, 0, 0, 0, 0, 0, 0, 0, 0, 3, 0]
quota_shape,training-2048-1024-6143,14222,41030,1024,6143,16,16384,65536,16384,33,63109248,67108864,1458176,0.863916038,[2048, 3419, 619, 632, 539, 2268, 285, 16, 39, 154, 365, 39, 633, 357, 73, 39, 16, 16, 73, 39, 16, 16, 16, 16, 248, 1360, 585, 248, 16, 16, 16]
quota_sample,window-000000000000,12,92533,22352,18612,1024,3522,[0, 0, 0, 8, 0, 0, 0, 0, 0, 0, 0, 0, 0, 0, 0, 0, 0, 0, 0, 0, 0, 0, 0, 0, 0, 0, 0, 0, 2, 0, 0, 2, 0]
quota_sample,window-000055000000,11,99860,24873,22469,733,2405,[5, 0, 6, 0, 0, 0, 0, 0, 0, 0, 0, 0, 0, 0, 0, 0, 0, 0, 0, 0, 0, 0, 0, 0, 0, 0, 0, 0, 0, 0, 0, 0, 0]
quota_sample,window-000115000000,10,97045,19941,17322,731,2509,[0, 0, 0, 0, 2, 0, 0, 0, 0, 0, 0, 0, 0, 0, 0, 0, 0, 0, 0, 0, 0, 0, 0, 0, 0, 8, 0, 0, 0, 0, 0, 0, 0]
quota_sample,window-000195000000,17,94825,19618,16381,1024,2969,[0, 0, 0, 0, 0, 0, 0, 0, 0, 0, 0, 0, 0, 0, 7, 0, 0, 0, 0, 0, 0, 0, 0, 0, 0, 0, 6, 0, 0, 0, 0, 4, 0]
quota_sample,window-000380000000,12,93330,20572,18011,1024,3026,[1, 0, 0, 0, 0, 0, 0, 0, 0, 7, 0, 0, 0, 0, 0, 0, 0, 0, 0, 0, 0, 0, 0, 0, 2, 0, 0, 0, 0, 0, 0, 2, 0]
quota_sample,window-000390000000,14,98908,22468,19629,1024,2925,[1, 0, 0, 0, 0, 0, 0, 0, 0, 10, 0, 0, 0, 0, 0, 0, 0, 0, 0, 0, 0, 0, 0, 0, 0, 0, 0, 0, 0, 0, 0, 3, 0]
quota_shape,training-2048-1024-8191,14222,41030,1024,8191,16,16384,65536,16384,33,63707264,67108864,1458176,0.863013761,[2048, 3419, 619, 632, 539, 2268, 285, 16, 39, 154, 365, 39, 633, 357, 73, 39, 16, 16, 73, 39, 16, 16, 16, 16, 248, 1360, 585, 248, 16, 16, 16]
quota_sample,window-000000000000,12,92533,22352,18612,1024,3522,[0, 0, 0, 8, 0, 0, 0, 0, 0, 0, 0, 0, 0, 0, 0, 0, 0, 0, 0, 0, 0, 0, 0, 0, 0, 0, 0, 0, 2, 0, 0, 2, 0]
quota_sample,window-000055000000,11,99860,24873,22469,733,2405,[5, 0, 6, 0, 0, 0, 0, 0, 0, 0, 0, 0, 0, 0, 0, 0, 0, 0, 0, 0, 0, 0, 0, 0, 0, 0, 0, 0, 0, 0, 0, 0, 0]
quota_sample,window-000115000000,10,97045,19941,17322,731,2509,[0, 0, 0, 0, 2, 0, 0, 0, 0, 0, 0, 0, 0, 0, 0, 0, 0, 0, 0, 0, 0, 0, 0, 0, 0, 8, 0, 0, 0, 0, 0, 0, 0]
quota_sample,window-000195000000,17,94825,19618,16381,1024,2969,[0, 0, 0, 0, 0, 0, 0, 0, 0, 0, 0, 0, 0, 0, 7, 0, 0, 0, 0, 0, 0, 0, 0, 0, 0, 0, 6, 0, 0, 0, 0, 4, 0]
quota_sample,window-000380000000,12,93330,20572,18011,1024,3026,[1, 0, 0, 0, 0, 0, 0, 0, 0, 7, 0, 0, 0, 0, 0, 0, 0, 0, 0, 0, 0, 0, 0, 0, 2, 0, 0, 0, 0, 0, 0, 2, 0]
quota_sample,window-000390000000,14,98908,22468,19629,1024,2925,[1, 0, 0, 0, 0, 0, 0, 0, 0, 10, 0, 0, 0, 0, 0, 0, 0, 0, 0, 0, 0, 0, 0, 0, 0, 0, 0, 0, 0, 0, 0, 3, 0]
quota_shape,training-2048-1536-4095,14222,41030,1536,4095,16,16384,65536,8192,33,59092352,67108864,1339392,0.856794882,[2048, 3419, 619, 632, 539, 2268, 285, 16, 39, 154, 365, 39, 633, 357, 73, 39, 16, 16, 73, 39, 16, 16, 16, 16, 248, 1360, 585, 248, 16, 16, 16]
quota_sample,window-000000000000,12,92608,22369,18629,1079,4077,[0, 0, 0, 8, 0, 0, 0, 0, 0, 0, 0, 0, 0, 0, 1, 0, 0, 0, 0, 0, 0, 0, 0, 0, 0, 0, 0, 0, 2, 0, 0, 0, 1]
quota_sample,window-000055000000,11,99860,24873,22469,733,2916,[5, 0, 6, 0, 0, 0, 0, 0, 0, 0, 0, 0, 0, 0, 0, 0, 0, 0, 0, 0, 0, 0, 0, 0, 0, 0, 0, 0, 0, 0, 0, 0, 0]
quota_sample,window-000115000000,10,97045,19941,17322,731,3020,[0, 0, 0, 0, 2, 0, 0, 0, 0, 0, 0, 0, 0, 0, 0, 0, 0, 0, 0, 0, 0, 0, 0, 0, 0, 8, 0, 0, 0, 0, 0, 0, 0]
quota_sample,window-000195000000,15,93477,19401,16194,1536,3482,[0, 0, 0, 0, 0, 0, 0, 0, 0, 0, 0, 0, 0, 0, 7, 0, 0, 0, 0, 0, 0, 0, 0, 0, 0, 0, 7, 0, 0, 0, 0, 1, 0]
quota_sample,window-000380000000,12,95789,21076,18456,1251,3603,[1, 1, 0, 0, 0, 0, 0, 0, 0, 8, 0, 0, 0, 0, 0, 0, 0, 0, 0, 0, 0, 0, 0, 0, 2, 0, 0, 0, 0, 0, 0, 0, 0]
quota_sample,window-000390000000,12,90550,20532,17935,1268,3498,[3, 0, 0, 0, 0, 0, 0, 0, 0, 9, 0, 0, 0, 0, 0, 0, 0, 0, 0, 0, 0, 0, 0, 0, 0, 0, 0, 0, 0, 0, 0, 0, 0]
quota_shape,training-2048-1536-6143,14222,41030,1536,6143,16,16384,65536,16384,33,63195776,67108864,1458176,0.855641504,[2048, 3419, 619, 632, 539, 2268, 285, 16, 39, 154, 365, 39, 633, 357, 73, 39, 16, 16, 73, 39, 16, 16, 16, 16, 248, 1360, 585, 248, 16, 16, 16]
quota_sample,window-000000000000,12,96006,23201,19316,1362,4705,[0, 0, 0, 8, 0, 0, 0, 0, 0, 0, 0, 0, 0, 0, 2, 0, 0, 0, 0, 0, 0, 0, 0, 0, 0, 0, 0, 0, 2, 0, 0, 0, 0]
quota_sample,window-000055000000,11,99860,24873,22469,733,2916,[5, 0, 6, 0, 0, 0, 0, 0, 0, 0, 0, 0, 0, 0, 0, 0, 0, 0, 0, 0, 0, 0, 0, 0, 0, 0, 0, 0, 0, 0, 0, 0, 0]
quota_sample,window-000115000000,10,97045,19941,17322,731,3020,[0, 0, 0, 0, 2, 0, 0, 0, 0, 0, 0, 0, 0, 0, 0, 0, 0, 0, 0, 0, 0, 0, 0, 0, 0, 8, 0, 0, 0, 0, 0, 0, 0]
quota_sample,window-000195000000,15,93477,19401,16194,1536,3482,[0, 0, 0, 0, 0, 0, 0, 0, 0, 0, 0, 0, 0, 0, 7, 0, 0, 0, 0, 0, 0, 0, 0, 0, 0, 0, 7, 0, 0, 0, 0, 1, 0]
quota_sample,window-000380000000,12,95789,21076,18456,1251,3603,[1, 1, 0, 0, 0, 0, 0, 0, 0, 8, 0, 0, 0, 0, 0, 0, 0, 0, 0, 0, 0, 0, 0, 0, 2, 0, 0, 0, 0, 0, 0, 0, 0]
quota_sample,window-000390000000,12,90550,20532,17935,1268,3498,[3, 0, 0, 0, 0, 0, 0, 0, 0, 9, 0, 0, 0, 0, 0, 0, 0, 0, 0, 0, 0, 0, 0, 0, 0, 0, 0, 0, 0, 0, 0, 0, 0]
quota_shape,training-2048-1536-8191,14222,41030,1536,8191,16,16384,65536,16384,33,63793792,67108864,1458176,0.861810719,[2048, 3419, 619, 632, 539, 2268, 285, 16, 39, 154, 365, 39, 633, 357, 73, 39, 16, 16, 73, 39, 16, 16, 16, 16, 248, 1360, 585, 248, 16, 16, 16]
quota_sample,window-000000000000,12,96006,23201,19316,1362,4705,[0, 0, 0, 8, 0, 0, 0, 0, 0, 0, 0, 0, 0, 0, 2, 0, 0, 0, 0, 0, 0, 0, 0, 0, 0, 0, 0, 0, 2, 0, 0, 0, 0]
quota_sample,window-000055000000,11,99860,24873,22469,733,2916,[5, 0, 6, 0, 0, 0, 0, 0, 0, 0, 0, 0, 0, 0, 0, 0, 0, 0, 0, 0, 0, 0, 0, 0, 0, 0, 0, 0, 0, 0, 0, 0, 0]
quota_sample,window-000115000000,10,97045,19941,17322,731,3020,[0, 0, 0, 0, 2, 0, 0, 0, 0, 0, 0, 0, 0, 0, 0, 0, 0, 0, 0, 0, 0, 0, 0, 0, 0, 8, 0, 0, 0, 0, 0, 0, 0]
quota_sample,window-000195000000,15,93477,19401,16194,1536,3482,[0, 0, 0, 0, 0, 0, 0, 0, 0, 0, 0, 0, 0, 0, 7, 0, 0, 0, 0, 0, 0, 0, 0, 0, 0, 0, 7, 0, 0, 0, 0, 1, 0]
quota_sample,window-000380000000,12,95789,21076,18456,1251,3603,[1, 1, 0, 0, 0, 0, 0, 0, 0, 8, 0, 0, 0, 0, 0, 0, 0, 0, 0, 0, 0, 0, 0, 0, 2, 0, 0, 0, 0, 0, 0, 0, 0]
quota_sample,window-000390000000,12,90550,20532,17935,1268,3498,[3, 0, 0, 0, 0, 0, 0, 0, 0, 9, 0, 0, 0, 0, 0, 0, 0, 0, 0, 0, 0, 0, 0, 0, 0, 0, 0, 0, 0, 0, 0, 0, 0]
quota_shape,training-2048-2048-4095,14222,41030,2048,4095,16,16384,65536,8192,33,59178880,67108864,1339392,0.851236313,[2048, 3419, 619, 632, 539, 2268, 285, 16, 39, 154, 365, 39, 633, 357, 73, 39, 16, 16, 73, 39, 16, 16, 16, 16, 248, 1360, 585, 248, 16, 16, 16]
quota_sample,window-000000000000,18,98443,23796,19809,905,4094,[0, 0, 0, 6, 0, 0, 0, 0, 0, 0, 0, 0, 0, 0, 1, 0, 0, 0, 0, 0, 0, 0, 0, 0, 0, 0, 0, 0, 2, 0, 0, 0, 9]
quota_sample,window-000055000000,11,99860,24873,22469,733,3428,[5, 0, 6, 0, 0, 0, 0, 0, 0, 0, 0, 0, 0, 0, 0, 0, 0, 0, 0, 0, 0, 0, 0, 0, 0, 0, 0, 0, 0, 0, 0, 0, 0]
quota_sample,window-000115000000,10,97045,19941,17322,731,3532,[0, 0, 0, 0, 2, 0, 0, 0, 0, 0, 0, 0, 0, 0, 0, 0, 0, 0, 0, 0, 0, 0, 0, 0, 0, 8, 0, 0, 0, 0, 0, 0, 0]
quota_sample,window-000195000000,15,94355,19536,16312,1687,3993,[0, 0, 0, 0, 0, 0, 0, 0, 0, 0, 0, 0, 0, 0, 7, 0, 0, 0, 0, 0, 0, 0, 0, 0, 0, 0, 8, 0, 0, 0, 0, 0, 0]
quota_sample,window-000380000000,12,94897,20892,18294,1251,4093,[1, 0, 0, 0, 0, 0, 0, 0, 0, 8, 0, 0, 0, 0, 0, 0, 0, 0, 0, 0, 0, 0, 0, 0, 2, 0, 0, 0, 0, 0, 0, 0, 1]
quota_sample,window-000390000000,12,90550,20532,17935,1268,4009,[3, 0, 0, 0, 0, 0, 0, 0, 0, 9, 0, 0, 0, 0, 0, 0, 0, 0, 0, 0, 0, 0, 0, 0, 0, 0, 0, 0, 0, 0, 0, 0, 0]
quota_shape,training-2048-2048-6143,14222,41030,2048,6143,16,16384,65536,16384,33,63282304,67108864,1458176,0.855543949,[2048, 3419, 619, 632, 539, 2268, 285, 16, 39, 154, 365, 39, 633, 357, 73, 39, 16, 16, 73, 39, 16, 16, 16, 16, 248, 1360, 585, 248, 16, 16, 16]
quota_sample,window-000000000000,12,96006,23201,19316,1362,5216,[0, 0, 0, 8, 0, 0, 0, 0, 0, 0, 0, 0, 0, 0, 2, 0, 0, 0, 0, 0, 0, 0, 0, 0, 0, 0, 0, 0, 2, 0, 0, 0, 0]
quota_sample,window-000055000000,11,99860,24873,22469,733,3428,[5, 0, 6, 0, 0, 0, 0, 0, 0, 0, 0, 0, 0, 0, 0, 0, 0, 0, 0, 0, 0, 0, 0, 0, 0, 0, 0, 0, 0, 0, 0, 0, 0]
quota_sample,window-000115000000,10,97045,19941,17322,731,3532,[0, 0, 0, 0, 2, 0, 0, 0, 0, 0, 0, 0, 0, 0, 0, 0, 0, 0, 0, 0, 0, 0, 0, 0, 0, 8, 0, 0, 0, 0, 0, 0, 0]
quota_sample,window-000195000000,15,94355,19536,16312,1687,3993,[0, 0, 0, 0, 0, 0, 0, 0, 0, 0, 0, 0, 0, 0, 7, 0, 0, 0, 0, 0, 0, 0, 0, 0, 0, 0, 8, 0, 0, 0, 0, 0, 0]
quota_sample,window-000380000000,12,95789,21076,18456,1251,4114,[1, 1, 0, 0, 0, 0, 0, 0, 0, 8, 0, 0, 0, 0, 0, 0, 0, 0, 0, 0, 0, 0, 0, 0, 2, 0, 0, 0, 0, 0, 0, 0, 0]
quota_sample,window-000390000000,12,90550,20532,17935,1268,4009,[3, 0, 0, 0, 0, 0, 0, 0, 0, 9, 0, 0, 0, 0, 0, 0, 0, 0, 0, 0, 0, 0, 0, 0, 0, 0, 0, 0, 0, 0, 0, 0, 0]
quota_shape,training-2048-2048-8191,14222,41030,2048,8191,16,16384,65536,16384,33,63880320,67108864,1458176,0.863075235,[2048, 3419, 619, 632, 539, 2268, 285, 16, 39, 154, 365, 39, 633, 357, 73, 39, 16, 16, 73, 39, 16, 16, 16, 16, 248, 1360, 585, 248, 16, 16, 16]
quota_sample,window-000000000000,12,96006,23201,19316,1362,5216,[0, 0, 0, 8, 0, 0, 0, 0, 0, 0, 0, 0, 0, 0, 2, 0, 0, 0, 0, 0, 0, 0, 0, 0, 0, 0, 0, 0, 2, 0, 0, 0, 0]
quota_sample,window-000055000000,11,99860,24873,22469,733,3428,[5, 0, 6, 0, 0, 0, 0, 0, 0, 0, 0, 0, 0, 0, 0, 0, 0, 0, 0, 0, 0, 0, 0, 0, 0, 0, 0, 0, 0, 0, 0, 0, 0]
quota_sample,window-000115000000,10,97045,19941,17322,731,3532,[0, 0, 0, 0, 2, 0, 0, 0, 0, 0, 0, 0, 0, 0, 0, 0, 0, 0, 0, 0, 0, 0, 0, 0, 0, 8, 0, 0, 0, 0, 0, 0, 0]
quota_sample,window-000195000000,15,94355,19536,16312,1687,3993,[0, 0, 0, 0, 0, 0, 0, 0, 0, 0, 0, 0, 0, 0, 7, 0, 0, 0, 0, 0, 0, 0, 0, 0, 0, 0, 8, 0, 0, 0, 0, 0, 0]
quota_sample,window-000380000000,12,95789,21076,18456,1251,4114,[1, 1, 0, 0, 0, 0, 0, 0, 0, 8, 0, 0, 0, 0, 0, 0, 0, 0, 0, 0, 0, 0, 0, 0, 2, 0, 0, 0, 0, 0, 0, 0, 0]
quota_sample,window-000390000000,12,90550,20532,17935,1268,4009,[3, 0, 0, 0, 0, 0, 0, 0, 0, 9, 0, 0, 0, 0, 0, 0, 0, 0, 0, 0, 0, 0, 0, 0, 0, 0, 0, 0, 0, 0, 0, 0, 0]
quota_shape,training-3072-1024-4095,21324,61514,1024,4095,16,32768,65536,8192,34,92956840,134217728,1593344,0.878225152,[3072, 5128, 928, 948, 808, 3402, 427, 24, 58, 230, 547, 58, 950, 535, 109, 58, 24, 24, 109, 58, 24, 24, 24, 24, 371, 2039, 878, 371, 24, 24, 24]
quota_sample,window-000000000000,9,91926,22200,18488,1024,3467,[0, 0, 0, 0, 0, 0, 0, 0, 0, 0, 0, 0, 0, 0, 0, 0, 0, 0, 0, 0, 0, 0, 0, 0, 0, 0, 0, 0, 1, 0, 0, 8, 0]
quota_sample,window-000055000000,7,95339,23747,21451,933,2473,[3, 0, 4, 0, 0, 0, 0, 0, 0, 0, 0, 0, 0, 0, 0, 0, 0, 0, 0, 0, 0, 0, 0, 0, 0, 0, 0, 0, 0, 0, 0, 0, 0]
quota_sample,window-000115000000,6,89171,18075,15792,977,2651,[0, 0, 0, 0, 1, 0, 0, 0, 0, 0, 0, 0, 0, 0, 0, 0, 0, 0, 0, 0, 0, 0, 0, 0, 0, 5, 0, 0, 0, 0, 0, 0, 0]
quota_sample,window-000195000000,14,94765,19604,16369,1024,2974,[0, 0, 0, 0, 0, 0, 0, 0, 0, 0, 0, 0, 0, 0, 0, 0, 0, 0, 3, 0, 0, 0, 0, 0, 0, 0, 0, 0, 0, 0, 0, 11, 0]
quota_sample,window-000380000000,9,86456,19164,16768,1024,2755,[0, 0, 0, 0, 0, 0, 0, 0, 0, 0, 0, 0, 0, 0, 0, 0, 0, 0, 0, 0, 0, 0, 0, 0, 1, 0, 0, 0, 0, 0, 0, 8, 0]
quota_sample,window-000390000000,11,96768,21963,19186,1024,2909,[0, 0, 0, 0, 0, 0, 0, 0, 0, 0, 0, 0, 0, 0, 0, 0, 0, 0, 0, 0, 0, 0, 0, 0, 0, 0, 0, 0, 0, 0, 0, 11, 0]
quota_shape,training-3072-1024-6143,21324,61514,1024,6143,16,32768,65536,16384,34,97060264,134217728,1712128,0.893126592,[3072, 5128, 928, 948, 808, 3402, 427, 24, 58, 230, 547, 58, 950, 535, 109, 58, 24, 24, 109, 58, 24, 24, 24, 24, 371, 2039, 878, 371, 24, 24, 24]
quota_sample,window-000000000000,9,91926,22200,18488,1024,3467,[0, 0, 0, 0, 0, 0, 0, 0, 0, 0, 0, 0, 0, 0, 0, 0, 0, 0, 0, 0, 0, 0, 0, 0, 0, 0, 0, 0, 1, 0, 0, 8, 0]
quota_sample,window-000055000000,7,95339,23747,21451,933,2473,[3, 0, 4, 0, 0, 0, 0, 0, 0, 0, 0, 0, 0, 0, 0, 0, 0, 0, 0, 0, 0, 0, 0, 0, 0, 0, 0, 0, 0, 0, 0, 0, 0]
quota_sample,window-000115000000,6,89171,18075,15792,977,2651,[0, 0, 0, 0, 1, 0, 0, 0, 0, 0, 0, 0, 0, 0, 0, 0, 0, 0, 0, 0, 0, 0, 0, 0, 0, 5, 0, 0, 0, 0, 0, 0, 0]
quota_sample,window-000195000000,14,94765,19604,16369,1024,2974,[0, 0, 0, 0, 0, 0, 0, 0, 0, 0, 0, 0, 0, 0, 0, 0, 0, 0, 3, 0, 0, 0, 0, 0, 0, 0, 0, 0, 0, 0, 0, 11, 0]
quota_sample,window-000380000000,9,86456,19164,16768,1024,2755,[0, 0, 0, 0, 0, 0, 0, 0, 0, 0, 0, 0, 0, 0, 0, 0, 0, 0, 0, 0, 0, 0, 0, 0, 1, 0, 0, 0, 0, 0, 0, 8, 0]
quota_sample,window-000390000000,11,96768,21963,19186,1024,2909,[0, 0, 0, 0, 0, 0, 0, 0, 0, 0, 0, 0, 0, 0, 0, 0, 0, 0, 0, 0, 0, 0, 0, 0, 0, 0, 0, 0, 0, 0, 0, 11, 0]
quota_shape,training-3072-1024-8191,21324,61514,1024,8191,16,32768,65536,16384,34,97658280,134217728,1712128,0.882813907,[3072, 5128, 928, 948, 808, 3402, 427, 24, 58, 230, 547, 58, 950, 535, 109, 58, 24, 24, 109, 58, 24, 24, 24, 24, 371, 2039, 878, 371, 24, 24, 24]
quota_sample,window-000000000000,9,91926,22200,18488,1024,3467,[0, 0, 0, 0, 0, 0, 0, 0, 0, 0, 0, 0, 0, 0, 0, 0, 0, 0, 0, 0, 0, 0, 0, 0, 0, 0, 0, 0, 1, 0, 0, 8, 0]
quota_sample,window-000055000000,7,95339,23747,21451,933,2473,[3, 0, 4, 0, 0, 0, 0, 0, 0, 0, 0, 0, 0, 0, 0, 0, 0, 0, 0, 0, 0, 0, 0, 0, 0, 0, 0, 0, 0, 0, 0, 0, 0]
quota_sample,window-000115000000,6,89171,18075,15792,977,2651,[0, 0, 0, 0, 1, 0, 0, 0, 0, 0, 0, 0, 0, 0, 0, 0, 0, 0, 0, 0, 0, 0, 0, 0, 0, 5, 0, 0, 0, 0, 0, 0, 0]
quota_sample,window-000195000000,14,94765,19604,16369,1024,2974,[0, 0, 0, 0, 0, 0, 0, 0, 0, 0, 0, 0, 0, 0, 0, 0, 0, 0, 3, 0, 0, 0, 0, 0, 0, 0, 0, 0, 0, 0, 0, 11, 0]
quota_sample,window-000380000000,9,86456,19164,16768,1024,2755,[0, 0, 0, 0, 0, 0, 0, 0, 0, 0, 0, 0, 0, 0, 0, 0, 0, 0, 0, 0, 0, 0, 0, 0, 1, 0, 0, 0, 0, 0, 0, 8, 0]
quota_sample,window-000390000000,11,96768,21963,19186,1024,2909,[0, 0, 0, 0, 0, 0, 0, 0, 0, 0, 0, 0, 0, 0, 0, 0, 0, 0, 0, 0, 0, 0, 0, 0, 0, 0, 0, 0, 0, 0, 0, 11, 0]
quota_shape,training-3072-1536-4095,21324,61514,1536,4095,16,32768,65536,8192,34,93043368,134217728,1593344,0.880820049,[3072, 5128, 928, 948, 808, 3402, 427, 24, 58, 230, 547, 58, 950, 535, 109, 58, 24, 24, 109, 58, 24, 24, 24, 24, 371, 2039, 878, 371, 24, 24, 24]
quota_sample,window-000000000000,7,87607,21147,17611,1130,4093,[0, 0, 0, 5, 0, 0, 0, 0, 0, 0, 0, 0, 0, 0, 0, 0, 0, 0, 0, 0, 0, 0, 0, 0, 0, 0, 0, 0, 1, 0, 0, 0, 1]
quota_sample,window-000055000000,7,95339,23747,21451,933,2984,[3, 0, 4, 0, 0, 0, 0, 0, 0, 0, 0, 0, 0, 0, 0, 0, 0, 0, 0, 0, 0, 0, 0, 0, 0, 0, 0, 0, 0, 0, 0, 0, 0]
quota_sample,window-000115000000,6,89171,18075,15792,977,3162,[0, 0, 0, 0, 1, 0, 0, 0, 0, 0, 0, 0, 0, 0, 0, 0, 0, 0, 0, 0, 0, 0, 0, 0, 0, 5, 0, 0, 0, 0, 0, 0, 0]
quota_sample,window-000195000000,10,91975,19168,15990,1536,3483,[0, 0, 0, 0, 0, 0, 0, 0, 0, 0, 0, 0, 0, 0, 4, 0, 0, 0, 0, 0, 0, 0, 0, 0, 0, 0, 4, 0, 0, 0, 0, 2, 0]
quota_sample,window-000380000000,8,97719,21478,18807,1523,3716,[2, 0, 0, 0, 0, 0, 0, 0, 0, 5, 0, 0, 0, 0, 0, 0, 0, 0, 0, 0, 0, 0, 0, 0, 1, 0, 0, 0, 0, 0, 0, 0, 0]
quota_sample,window-000390000000,8,86435,19583,17103,1536,3723,[1, 0, 0, 0, 0, 0, 0, 0, 0, 6, 0, 0, 0, 0, 0, 0, 0, 0, 0, 0, 0, 0, 0, 0, 0, 0, 0, 0, 0, 0, 0, 1, 0]
quota_shape,training-3072-1536-6143,21324,61514,1536,6143,16,32768,65536,16384,34,97146792,134217728,1712128,0.881825609,[3072, 5128, 928, 948, 808, 3402, 427, 24, 58, 230, 547, 58, 950, 535, 109, 58, 24, 24, 109, 58, 24, 24, 24, 24, 371, 2039, 878, 371, 24, 24, 24]
quota_sample,window-000000000000,7,94451,22817,18997,1536,4818,[0, 0, 0, 5, 0, 0, 0, 0, 0, 0, 0, 0, 0, 0, 0, 0, 0, 0, 0, 0, 0, 0, 0, 0, 0, 0, 0, 0, 1, 0, 0, 1, 0]
quota_sample,window-000055000000,7,95339,23747,21451,933,2984,[3, 0, 4, 0, 0, 0, 0, 0, 0, 0, 0, 0, 0, 0, 0, 0, 0, 0, 0, 0, 0, 0, 0, 0, 0, 0, 0, 0, 0, 0, 0, 0, 0]
quota_sample,window-000115000000,6,89171,18075,15792,977,3162,[0, 0, 0, 0, 1, 0, 0, 0, 0, 0, 0, 0, 0, 0, 0, 0, 0, 0, 0, 0, 0, 0, 0, 0, 0, 5, 0, 0, 0, 0, 0, 0, 0]
quota_sample,window-000195000000,10,91975,19168,15990,1536,3483,[0, 0, 0, 0, 0, 0, 0, 0, 0, 0, 0, 0, 0, 0, 4, 0, 0, 0, 0, 0, 0, 0, 0, 0, 0, 0, 4, 0, 0, 0, 0, 2, 0]
quota_sample,window-000380000000,8,97719,21478,18807,1523,3716,[2, 0, 0, 0, 0, 0, 0, 0, 0, 5, 0, 0, 0, 0, 0, 0, 0, 0, 0, 0, 0, 0, 0, 0, 1, 0, 0, 0, 0, 0, 0, 0, 0]
quota_sample,window-000390000000,8,86435,19583,17103,1536,3723,[1, 0, 0, 0, 0, 0, 0, 0, 0, 6, 0, 0, 0, 0, 0, 0, 0, 0, 0, 0, 0, 0, 0, 0, 0, 0, 0, 0, 0, 0, 0, 1, 0]
quota_shape,training-3072-1536-8191,21324,61514,1536,8191,16,32768,65536,16384,34,97744808,134217728,1712128,0.881500959,[3072, 5128, 928, 948, 808, 3402, 427, 24, 58, 230, 547, 58, 950, 535, 109, 58, 24, 24, 109, 58, 24, 24, 24, 24, 371, 2039, 878, 371, 24, 24, 24]
quota_sample,window-000000000000,7,94451,22817,18997,1536,4818,[0, 0, 0, 5, 0, 0, 0, 0, 0, 0, 0, 0, 0, 0, 0, 0, 0, 0, 0, 0, 0, 0, 0, 0, 0, 0, 0, 0, 1, 0, 0, 1, 0]
quota_sample,window-000055000000,7,95339,23747,21451,933,2984,[3, 0, 4, 0, 0, 0, 0, 0, 0, 0, 0, 0, 0, 0, 0, 0, 0, 0, 0, 0, 0, 0, 0, 0, 0, 0, 0, 0, 0, 0, 0, 0, 0]
quota_sample,window-000115000000,6,89171,18075,15792,977,3162,[0, 0, 0, 0, 1, 0, 0, 0, 0, 0, 0, 0, 0, 0, 0, 0, 0, 0, 0, 0, 0, 0, 0, 0, 0, 5, 0, 0, 0, 0, 0, 0, 0]
quota_sample,window-000195000000,10,91975,19168,15990,1536,3483,[0, 0, 0, 0, 0, 0, 0, 0, 0, 0, 0, 0, 0, 0, 4, 0, 0, 0, 0, 0, 0, 0, 0, 0, 0, 0, 4, 0, 0, 0, 0, 2, 0]
quota_sample,window-000380000000,8,97719,21478,18807,1523,3716,[2, 0, 0, 0, 0, 0, 0, 0, 0, 5, 0, 0, 0, 0, 0, 0, 0, 0, 0, 0, 0, 0, 0, 0, 1, 0, 0, 0, 0, 0, 0, 0, 0]
quota_sample,window-000390000000,8,86435,19583,17103,1536,3723,[1, 0, 0, 0, 0, 0, 0, 0, 0, 6, 0, 0, 0, 0, 0, 0, 0, 0, 0, 0, 0, 0, 0, 0, 0, 0, 0, 0, 0, 0, 0, 1, 0]
quota_shape,training-3072-2048-4095,21324,61514,2048,4095,18,32768,131072,8192,34,115156136,134217728,2740224,0.922066088,[3072, 5128, 928, 948, 808, 3402, 427, 24, 58, 230, 547, 58, 950, 535, 109, 58, 24, 24, 109, 58, 24, 24, 24, 24, 371, 2039, 878, 371, 24, 24, 24]
quota_sample,window-000000000000,14,98443,23796,19809,1064,4094,[0, 0, 0, 4, 0, 0, 0, 0, 0, 0, 0, 0, 0, 0, 0, 0, 0, 0, 0, 0, 0, 0, 0, 0, 0, 0, 0, 0, 1, 0, 0, 0, 9]
quota_sample,window-000055000000,7,95339,23747,21451,933,3496,[3, 0, 4, 0, 0, 0, 0, 0, 0, 0, 0, 0, 0, 0, 0, 0, 0, 0, 0, 0, 0, 0, 0, 0, 0, 0, 0, 0, 0, 0, 0, 0, 0]
quota_sample,window-000115000000,6,89171,18075,15792,977,3674,[0, 0, 0, 0, 1, 0, 0, 0, 0, 0, 0, 0, 0, 0, 0, 0, 0, 0, 0, 0, 0, 0, 0, 0, 0, 5, 0, 0, 0, 0, 0, 0, 0]
quota_sample,window-000195000000,10,95250,19719,16464,2048,4094,[0, 0, 0, 0, 0, 0, 0, 0, 0, 0, 0, 0, 0, 0, 4, 0, 0, 0, 0, 0, 0, 0, 0, 0, 0, 0, 4, 0, 0, 0, 0, 1, 1]
quota_sample,window-000380000000,8,94731,20858,18264,1393,4092,[0, 0, 0, 0, 0, 0, 0, 0, 0, 5, 0, 0, 0, 0, 0, 0, 0, 0, 0, 0, 0, 0, 0, 0, 0, 0, 0, 1, 0, 0, 0, 0, 2]
quota_sample,window-000390000000,9,96476,21895,19126,1599,4095,[0, 0, 0, 0, 0, 0, 0, 0, 0, 7, 0, 0, 0, 0, 0, 0, 0, 0, 0, 1, 0, 0, 0, 0, 0, 0, 0, 0, 0, 0, 0, 0, 1]
quota_shape,training-3072-2048-6143,21324,61514,2048,6143,18,32768,131072,16384,34,119259560,134217728,2859008,0.940798829,[3072, 5128, 928, 948, 808, 3402, 427, 24, 58, 230, 547, 58, 950, 535, 109, 58, 24, 24, 109, 58, 24, 24, 24, 24, 371, 2039, 878, 371, 24, 24, 24]
quota_sample,window-000000000000,7,96221,23249,19358,1585,5328,[1, 0, 0, 5, 0, 0, 0, 0, 0, 0, 0, 0, 0, 0, 0, 0, 0, 0, 0, 0, 0, 0, 0, 0, 0, 0, 0, 0, 1, 0, 0, 0, 0]
quota_sample,window-000055000000,7,95339,23747,21451,933,3496,[3, 0, 4, 0, 0, 0, 0, 0, 0, 0, 0, 0, 0, 0, 0, 0, 0, 0, 0, 0, 0, 0, 0, 0, 0, 0, 0, 0, 0, 0, 0, 0, 0]
quota_sample,window-000115000000,6,89171,18075,15792,977,3674,[0, 0, 0, 0, 1, 0, 0, 0, 0, 0, 0, 0, 0, 0, 0, 0, 0, 0, 0, 0, 0, 0, 0, 0, 0, 5, 0, 0, 0, 0, 0, 0, 0]
quota_sample,window-000195000000,10,96859,20117,16790,2048,4294,[0, 0, 0, 0, 0, 0, 0, 0, 0, 0, 0, 0, 0, 0, 4, 0, 0, 0, 0, 0, 0, 0, 0, 0, 0, 0, 4, 0, 0, 0, 0, 2, 0]
quota_sample,window-000380000000,8,97719,21478,18807,1523,4227,[2, 0, 0, 0, 0, 0, 0, 0, 0, 5, 0, 0, 0, 0, 0, 0, 0, 0, 0, 0, 0, 0, 0, 0, 1, 0, 0, 0, 0, 0, 0, 0, 0]
quota_sample,window-000390000000,8,86658,19633,17146,1555,4234,[1, 0, 0, 0, 0, 0, 0, 0, 0, 6, 0, 0, 0, 0, 0, 0, 0, 0, 0, 1, 0, 0, 0, 0, 0, 0, 0, 0, 0, 0, 0, 0, 0]
quota_shape,training-3072-2048-8191,21324,61514,2048,8191,18,32768,131072,16384,34,119857576,134217728,2859008,0.920762827,[3072, 5128, 928, 948, 808, 3402, 427, 24, 58, 230, 547, 58, 950, 535, 109, 58, 24, 24, 109, 58, 24, 24, 24, 24, 371, 2039, 878, 371, 24, 24, 24]
quota_sample,window-000000000000,7,96221,23249,19358,1585,5328,[1, 0, 0, 5, 0, 0, 0, 0, 0, 0, 0, 0, 0, 0, 0, 0, 0, 0, 0, 0, 0, 0, 0, 0, 0, 0, 0, 0, 1, 0, 0, 0, 0]
quota_sample,window-000055000000,7,95339,23747,21451,933,3496,[3, 0, 4, 0, 0, 0, 0, 0, 0, 0, 0, 0, 0, 0, 0, 0, 0, 0, 0, 0, 0, 0, 0, 0, 0, 0, 0, 0, 0, 0, 0, 0, 0]
quota_sample,window-000115000000,6,89171,18075,15792,977,3674,[0, 0, 0, 0, 1, 0, 0, 0, 0, 0, 0, 0, 0, 0, 0, 0, 0, 0, 0, 0, 0, 0, 0, 0, 0, 5, 0, 0, 0, 0, 0, 0, 0]
quota_sample,window-000195000000,10,96859,20117,16790,2048,4294,[0, 0, 0, 0, 0, 0, 0, 0, 0, 0, 0, 0, 0, 0, 4, 0, 0, 0, 0, 0, 0, 0, 0, 0, 0, 0, 4, 0, 0, 0, 0, 2, 0]
quota_sample,window-000380000000,8,97719,21478,18807,1523,4227,[2, 0, 0, 0, 0, 0, 0, 0, 0, 5, 0, 0, 0, 0, 0, 0, 0, 0, 0, 0, 0, 0, 0, 0, 1, 0, 0, 0, 0, 0, 0, 0, 0]
quota_sample,window-000390000000,8,86658,19633,17146,1555,4234,[1, 0, 0, 0, 0, 0, 0, 0, 0, 6, 0, 0, 0, 0, 0, 0, 0, 0, 0, 1, 0, 0, 0, 0, 0, 0, 0, 0, 0, 0, 0, 0, 0]
test ixby::paged_exec::profile_tests::captured_window_quota_census ... ok

test result: ok. 1 passed; 0 failed; 0 ignored; 0 measured; 382 filtered out; finished in 43.78s
