ℹ [808/810] Replayed ix/ix_rs
info: stdout/stderr:
Ix Rust features: parallel,sp1
ℹ [809/810] Ran ix/ix_rs_net
info: stdout/stderr:
Ix Rust features: parallel,net,sp1
Compressing aggregate root 026c8d3841c6e62a95e1fbc66264e95dc9c6bf636c654501604b51855df7cc3d with SP1 (execute)
  protocol: current
  bundled claim: CheckEnv(84c8fd844470286ade6c1ac8a8dc091b30de1e115dbf10f6706c21217047685b, none)
  recursion vk: 29319a45e19bc36494f05cb5701ae1673357fe76da6b3589e23e8bf001488dc2
native preflight: aggregate root verifies (proof=6028602 bytes, vk=227799 bytes)
SP1 guest (current): 454880 bytes, blake3 c5259d165ddd631478ca2db61949f4a5cc1493b61163342f4626924a3066a34e
SP1 execute accepted the root
total cycles: 580741457
profile decode-proof: 89295941 cycles (1 invocation(s))
profile decode-vk: 7631218 cycles (1 invocation(s))
profile verify-root: 476573038 cycles (1 invocation(s))
gas: 568314059
opcode counts (580741457 total instructions):
    88516334 addi
    70675296 add
    59518717 sd
    41597019 sll
    38662070 ld
    35659119 beq
    31091281 sltu
    29900582 srl
    27123025 sub
    19133377 and
    18962054 lbu
    18849308 mulhu
    16849239 mul
    16184251 subw
    14374638 bgeu
    14233808 bne
    13258721 sb
     7868035 or
     4870294 bltu
     3544750 jalr
     2346938 auipc
     2115397 jal
     1873285 lui
     1026749 lwu
      938971 sw
      640686 xor
      424190 lw
      147364 sh
      140681 lhu
       91870 ecall
       59759 divu
       58498 srlw
        3554 sra
        1225 addw
         151 lh
          85 slt
          64 lb
          50 blt
          22 bge
syscall counts (91838 total syscall instructions):
    91838 blake3_compress

ok: SP1 execute accepted aggregate root 026c8d3841c6e62a95e1fbc66264e95dc9c6bf636c654501604b51855df7cc3d under protocol current
	Command being timed: "env IX_SP1=1 lake exe ix compress-root 026c8d3841c6e62a95e1fbc66264e95dc9c6bf636c654501604b51855df7cc3d --mode execute"
	User time (seconds): 96.34
	System time (seconds): 5.28
	Percent of CPU this job got: 303%
	Elapsed (wall clock) time (h:mm:ss or m:ss): 0:33.43
	Average shared text size (kbytes): 0
	Average unshared data size (kbytes): 0
	Average stack size (kbytes): 0
	Average total size (kbytes): 0
	Maximum resident set size (kbytes): 9976616
	Average resident set size (kbytes): 0
	Major (requiring I/O) page faults: 0
	Minor (reclaiming a frame) page faults: 1359642
	Voluntary context switches: 20802
	Involuntary context switches: 24200
	Swaps: 0
	File system inputs: 0
	File system outputs: 1724216
	Socket messages sent: 0
	Socket messages received: 0
	Signals delivered: 0
	Page size (bytes): 4096
	Exit status: 0
