
running 1 test
test execution_tree::tests::large_execution::execution_range_chain_proves_fresh has been running for over 60 seconds
{"counts":null,"event":"recursion_profile","id":0,"pid":505471,"scope":"node_compile","seconds":0.099585171,"shape_only":null,"stage":"child_replay_plans"}
{"counts":{"arithmetic":0,"compressions":0,"equalities":0,"packing":0,"variables":45096},"event":"recursion_profile","id":2,"pid":505471,"scope":"child","seconds":0.036701112,"shape_only":true,"stage":"statement_allocate"}
{"counts":{"arithmetic":0,"compressions":5627,"equalities":1681,"packing":2318,"variables":224904},"event":"recursion_profile","id":2,"pid":505471,"scope":"child","seconds":0.094528037,"shape_only":true,"stage":"transcript"}
{"counts":{"arithmetic":0,"compressions":11978,"equalities":51,"packing":0,"variables":47964},"event":"recursion_profile","id":2,"pid":505471,"scope":"child","seconds":0.004590777,"shape_only":true,"stage":"statement_bind"}
{"counts":{"arithmetic":297313,"compressions":0,"equalities":45073,"packing":0,"variables":297359},"event":"recursion_profile","id":2,"pid":505471,"scope":"child","seconds":0.556735106,"shape_only":true,"stage":"wiring"}
{"counts":{"arithmetic":10348,"compressions":0,"equalities":2,"packing":0,"variables":10660},"event":"recursion_profile","id":2,"pid":505471,"scope":"child","seconds":0.038254622,"shape_only":true,"stage":"boolean_algebra"}
{"counts":{"arithmetic":0,"compressions":0,"equalities":0,"packing":0,"variables":0},"event":"recursion_profile","id":2,"pid":505471,"scope":"child","seconds":0.126292652,"shape_only":true,"stage":"element_algebra"}
{"counts":{"arithmetic":11288,"compressions":0,"equalities":4645,"packing":512,"variables":44312},"event":"recursion_profile","id":2,"pid":505471,"scope":"child","seconds":0.137523108,"shape_only":true,"stage":"opening_frontend"}
{"counts":{"arithmetic":257846,"compressions":0,"equalities":148579,"packing":0,"variables":259001},"event":"recursion_profile","id":2,"pid":505471,"scope":"child","seconds":0.106266047,"shape_only":true,"stage":"opening_multipoint"}
{"counts":{"arithmetic":258389,"compressions":10850,"equalities":36452,"packing":10376,"variables":667074},"event":"recursion_profile","id":2,"pid":505471,"scope":"child","seconds":0.241756665,"shape_only":true,"stage":"opening_inner"}
{"counts":{"arithmetic":0,"compressions":0,"equalities":0,"packing":0,"variables":0},"event":"recursion_profile","id":2,"pid":505471,"scope":"child","seconds":0.000059932,"shape_only":true,"stage":"application"}
{"counts":{"arithmetic":0,"compressions":0,"equalities":0,"packing":0,"variables":45096},"event":"recursion_profile","id":3,"pid":505471,"scope":"child","seconds":0.041570333,"shape_only":true,"stage":"statement_allocate"}
{"counts":{"arithmetic":0,"compressions":5627,"equalities":1681,"packing":2318,"variables":224820},"event":"recursion_profile","id":3,"pid":505471,"scope":"child","seconds":0.047619332,"shape_only":true,"stage":"transcript"}
{"counts":{"arithmetic":0,"compressions":11978,"equalities":51,"packing":0,"variables":47912},"event":"recursion_profile","id":3,"pid":505471,"scope":"child","seconds":0.004140922,"shape_only":true,"stage":"statement_bind"}
{"counts":{"arithmetic":297313,"compressions":0,"equalities":45073,"packing":0,"variables":297315},"event":"recursion_profile","id":3,"pid":505471,"scope":"child","seconds":0.48204999,"shape_only":true,"stage":"wiring"}
{"counts":{"arithmetic":10348,"compressions":0,"equalities":2,"packing":0,"variables":10528},"event":"recursion_profile","id":3,"pid":505471,"scope":"child","seconds":0.014703713,"shape_only":true,"stage":"boolean_algebra"}
{"counts":{"arithmetic":0,"compressions":0,"equalities":0,"packing":0,"variables":0},"event":"recursion_profile","id":3,"pid":505471,"scope":"child","seconds":0.057222047,"shape_only":true,"stage":"element_algebra"}
{"counts":{"arithmetic":11288,"compressions":0,"equalities":4645,"packing":512,"variables":44312},"event":"recursion_profile","id":3,"pid":505471,"scope":"child","seconds":0.138755033,"shape_only":true,"stage":"opening_frontend"}
{"counts":{"arithmetic":257846,"compressions":0,"equalities":148579,"packing":0,"variables":257849},"event":"recursion_profile","id":3,"pid":505471,"scope":"child","seconds":0.09999976,"shape_only":true,"stage":"opening_multipoint"}
{"counts":{"arithmetic":258389,"compressions":10850,"equalities":36452,"packing":10376,"variables":667037},"event":"recursion_profile","id":3,"pid":505471,"scope":"child","seconds":0.261737445,"shape_only":true,"stage":"opening_inner"}
{"counts":{"arithmetic":0,"compressions":0,"equalities":0,"packing":0,"variables":0},"event":"recursion_profile","id":3,"pid":505471,"scope":"child","seconds":0.000072536,"shape_only":true,"stage":"application"}
{"counts":{"arithmetic":1670530,"compressions":56910,"equalities":472998,"packing":26412,"variables":3191455},"event":"recursion_profile","id":1,"pid":505471,"scope":"node_graph","seconds":3.29807831,"shape_only":true,"stage":"children"}
{"counts":null,"event":"recursion_profile","id":0,"pid":505471,"scope":"node_compile","seconds":3.298164572,"shape_only":null,"stage":"children"}
{"counts":null,"event":"recursion_profile","id":0,"pid":505471,"scope":"node_compile","seconds":0.003093534,"shape_only":null,"stage":"fold_plan"}
{"counts":{"arithmetic":0,"compressions":0,"equalities":0,"packing":0,"variables":0},"event":"recursion_profile","id":4,"pid":505471,"scope":"fold","seconds":0.000047198,"shape_only":true,"stage":"native_sumchecks"}
{"counts":{"arithmetic":0,"compressions":34924,"equalities":11254,"packing":17786,"variables":1745554},"event":"recursion_profile","id":4,"pid":505471,"scope":"fold","seconds":0.602092216,"shape_only":true,"stage":"transcript"}
{"counts":{"arithmetic":530603,"compressions":0,"equalities":72946,"packing":0,"variables":535645},"event":"recursion_profile","id":4,"pid":505471,"scope":"fold","seconds":0.027277312,"shape_only":true,"stage":"algebra"}
{"counts":{"arithmetic":530603,"compressions":34924,"equalities":84200,"packing":17786,"variables":2281199},"event":"recursion_profile","id":1,"pid":505471,"scope":"node_graph","seconds":0.645690922,"shape_only":true,"stage":"folds"}
{"counts":null,"event":"recursion_profile","id":0,"pid":505471,"scope":"node_compile","seconds":0.642577681,"shape_only":null,"stage":"fold_graph"}
{"counts":null,"event":"recursion_profile","id":0,"pid":505471,"scope":"node_compile","seconds":0.777530219,"shape_only":null,"stage":"count"}
{"counts":null,"event":"recursion_profile","id":0,"pid":505471,"scope":"node_compile","seconds":3.97768392,"shape_only":null,"stage":"shape"}
{"counts":null,"event":"recursion_profile","id":0,"pid":505471,"scope":"node_compile","seconds":1.530366455,"shape_only":null,"stage":"identity"}
{"class":"cslib-2048","event":"chain_setup","geometry":{"application_words":57,"arithmetic_operations":2201133,"blake3_compressions":91834,"children":[1,1],"dense_variables":32,"leaves":2,"packing_rows":44198,"root_advice_words":5627,"root_families":181,"row_variables":17,"variables":5472654},"identity":"70ecf14b686a450e777ebca1353d8076473ce1a375ec7eb960e37a29fc31f38a","leaves":2,"seconds":137.286034305}
{"counts":null,"event":"recursion_profile","id":5,"pid":505471,"scope":"node_prove","seconds":0.767210569,"shape_only":null,"stage":"replay_left"}
{"counts":null,"event":"recursion_profile","id":5,"pid":505471,"scope":"node_prove","seconds":0.737940321,"shape_only":null,"stage":"replay_right"}
{"counts":{"arithmetic":0,"compressions":0,"equalities":0,"packing":0,"variables":45096},"event":"recursion_profile","id":7,"pid":505471,"scope":"child","seconds":0.038794948,"shape_only":false,"stage":"statement_allocate"}
{"counts":{"arithmetic":0,"compressions":5627,"equalities":1681,"packing":2318,"variables":224904},"event":"recursion_profile","id":7,"pid":505471,"scope":"child","seconds":0.100725405,"shape_only":false,"stage":"transcript"}
{"counts":{"arithmetic":0,"compressions":11978,"equalities":51,"packing":0,"variables":47964},"event":"recursion_profile","id":7,"pid":505471,"scope":"child","seconds":0.004530504,"shape_only":false,"stage":"statement_bind"}
{"counts":{"arithmetic":297313,"compressions":0,"equalities":45073,"packing":0,"variables":297359},"event":"recursion_profile","id":7,"pid":505471,"scope":"child","seconds":0.538880645,"shape_only":false,"stage":"wiring"}
{"counts":{"arithmetic":10348,"compressions":0,"equalities":2,"packing":0,"variables":10660},"event":"recursion_profile","id":7,"pid":505471,"scope":"child","seconds":0.037224927,"shape_only":false,"stage":"boolean_algebra"}
{"counts":{"arithmetic":0,"compressions":0,"equalities":0,"packing":0,"variables":0},"event":"recursion_profile","id":7,"pid":505471,"scope":"child","seconds":0.131160161,"shape_only":false,"stage":"element_algebra"}
{"counts":{"arithmetic":11288,"compressions":0,"equalities":4645,"packing":512,"variables":44312},"event":"recursion_profile","id":7,"pid":505471,"scope":"child","seconds":0.141911416,"shape_only":false,"stage":"opening_frontend"}
{"counts":{"arithmetic":257846,"compressions":0,"equalities":148579,"packing":0,"variables":259001},"event":"recursion_profile","id":7,"pid":505471,"scope":"child","seconds":0.100935369,"shape_only":false,"stage":"opening_multipoint"}
{"counts":{"arithmetic":258389,"compressions":10850,"equalities":36452,"packing":10376,"variables":667074},"event":"recursion_profile","id":7,"pid":505471,"scope":"child","seconds":0.259585542,"shape_only":false,"stage":"opening_inner"}
{"counts":{"arithmetic":0,"compressions":0,"equalities":0,"packing":0,"variables":0},"event":"recursion_profile","id":7,"pid":505471,"scope":"child","seconds":0.000057088,"shape_only":false,"stage":"application"}
{"counts":{"arithmetic":0,"compressions":0,"equalities":0,"packing":0,"variables":45096},"event":"recursion_profile","id":8,"pid":505471,"scope":"child","seconds":0.040320575,"shape_only":false,"stage":"statement_allocate"}
{"counts":{"arithmetic":0,"compressions":5627,"equalities":1681,"packing":2318,"variables":224820},"event":"recursion_profile","id":8,"pid":505471,"scope":"child","seconds":0.05364739,"shape_only":false,"stage":"transcript"}
{"counts":{"arithmetic":0,"compressions":11978,"equalities":51,"packing":0,"variables":47912},"event":"recursion_profile","id":8,"pid":505471,"scope":"child","seconds":0.0044379,"shape_only":false,"stage":"statement_bind"}
{"counts":{"arithmetic":297313,"compressions":0,"equalities":45073,"packing":0,"variables":297315},"event":"recursion_profile","id":8,"pid":505471,"scope":"child","seconds":0.466241384,"shape_only":false,"stage":"wiring"}
{"counts":{"arithmetic":10348,"compressions":0,"equalities":2,"packing":0,"variables":10528},"event":"recursion_profile","id":8,"pid":505471,"scope":"child","seconds":0.014859055,"shape_only":false,"stage":"boolean_algebra"}
{"counts":{"arithmetic":0,"compressions":0,"equalities":0,"packing":0,"variables":0},"event":"recursion_profile","id":8,"pid":505471,"scope":"child","seconds":0.052331888,"shape_only":false,"stage":"element_algebra"}
{"counts":{"arithmetic":11288,"compressions":0,"equalities":4645,"packing":512,"variables":44312},"event":"recursion_profile","id":8,"pid":505471,"scope":"child","seconds":0.140327229,"shape_only":false,"stage":"opening_frontend"}
{"counts":{"arithmetic":257846,"compressions":0,"equalities":148579,"packing":0,"variables":257849},"event":"recursion_profile","id":8,"pid":505471,"scope":"child","seconds":0.09986659,"shape_only":false,"stage":"opening_multipoint"}
{"counts":{"arithmetic":258389,"compressions":10850,"equalities":36452,"packing":10376,"variables":667037},"event":"recursion_profile","id":8,"pid":505471,"scope":"child","seconds":0.274305657,"shape_only":false,"stage":"opening_inner"}
{"counts":{"arithmetic":0,"compressions":0,"equalities":0,"packing":0,"variables":0},"event":"recursion_profile","id":8,"pid":505471,"scope":"child","seconds":0.000112932,"shape_only":false,"stage":"application"}
{"counts":{"arithmetic":1670530,"compressions":56910,"equalities":472998,"packing":26412,"variables":3191455},"event":"recursion_profile","id":6,"pid":505471,"scope":"node_graph","seconds":3.307511502,"shape_only":false,"stage":"children"}
{"counts":null,"event":"recursion_profile","id":5,"pid":505471,"scope":"node_prove","seconds":3.307626449,"shape_only":null,"stage":"children"}
{"counts":{"arithmetic":0,"compressions":0,"equalities":0,"packing":0,"variables":0},"event":"recursion_profile","id":9,"pid":505471,"scope":"fold","seconds":124.223915206,"shape_only":false,"stage":"native_sumchecks"}
{"counts":{"arithmetic":0,"compressions":34924,"equalities":11254,"packing":17786,"variables":1745554},"event":"recursion_profile","id":9,"pid":505471,"scope":"fold","seconds":0.599625394,"shape_only":false,"stage":"transcript"}
{"counts":{"arithmetic":530603,"compressions":0,"equalities":72946,"packing":0,"variables":535645},"event":"recursion_profile","id":9,"pid":505471,"scope":"fold","seconds":0.027210429,"shape_only":false,"stage":"algebra"}
{"counts":{"arithmetic":530603,"compressions":34924,"equalities":84200,"packing":17786,"variables":2281199},"event":"recursion_profile","id":6,"pid":505471,"scope":"node_graph","seconds":124.862816795,"shape_only":false,"stage":"folds"}
{"counts":null,"event":"recursion_profile","id":5,"pid":505471,"scope":"node_prove","seconds":124.862969472,"shape_only":null,"stage":"folds"}
{"counts":null,"event":"recursion_profile","id":5,"pid":505471,"scope":"node_prove","seconds":0.067992975,"shape_only":null,"stage":"check_advice"}
{"counts":null,"event":"recursion_profile","id":10,"pid":505471,"scope":"native_proof","seconds":0.754799195,"shape_only":null,"stage":"witness"}
{"counts":null,"event":"recursion_profile","id":10,"pid":505471,"scope":"native_proof","seconds":9.397866295,"shape_only":null,"stage":"flock_prove"}
{"counts":null,"event":"recursion_profile","id":5,"pid":505471,"scope":"node_prove","seconds":10.254071892,"shape_only":null,"stage":"native_proof"}
{"counts":null,"event":"recursion_profile","id":5,"pid":505471,"scope":"node_prove","seconds":0.00048907,"shape_only":null,"stage":"encode"}
{"counts":null,"event":"recursion_profile","id":11,"pid":505471,"scope":"node_verify","seconds":0.000787049,"shape_only":null,"stage":"decode"}
{"counts":null,"event":"recursion_profile","id":11,"pid":505471,"scope":"node_verify","seconds":0.094151838,"shape_only":null,"stage":"flock_verify"}
{"counts":null,"event":"recursion_profile","id":11,"pid":505471,"scope":"node_verify","seconds":15.735503438,"shape_only":null,"stage":"fixed_tables"}
{"bytes":421603,"class":"cslib-2048","event":"chain_proof","first_leaf":0,"geometry":{"application_words":57,"arithmetic_operations":2201133,"blake3_compressions":91834,"children":[1,1],"dense_variables":32,"leaves":2,"packing_rows":44198,"root_advice_words":5627,"root_families":181,"row_variables":17,"variables":5472654},"leaves":2,"seconds":155.832597806}
{"counts":null,"event":"recursion_profile","id":12,"pid":505471,"scope":"node_compile","seconds":0.046098467,"shape_only":null,"stage":"child_replay_plans"}
{"counts":{"arithmetic":0,"compressions":0,"equalities":0,"packing":0,"variables":12249},"event":"recursion_profile","id":14,"pid":505471,"scope":"child","seconds":0.004760797,"shape_only":true,"stage":"statement_allocate"}
{"counts":{"arithmetic":0,"compressions":2073,"equalities":1463,"packing":1852,"variables":165796},"event":"recursion_profile","id":14,"pid":505471,"scope":"child","seconds":0.021958439,"shape_only":true,"stage":"transcript"}
{"counts":{"arithmetic":0,"compressions":3254,"equalities":8,"packing":0,"variables":13027},"event":"recursion_profile","id":14,"pid":505471,"scope":"child","seconds":0.001211167,"shape_only":true,"stage":"statement_bind"}
{"counts":{"arithmetic":87852,"compressions":0,"equalities":6596,"packing":0,"variables":94338},"event":"recursion_profile","id":14,"pid":505471,"scope":"child","seconds":0.14226409,"shape_only":true,"stage":"wiring"}
{"counts":{"arithmetic":2304,"compressions":0,"equalities":2,"packing":0,"variables":2306},"event":"recursion_profile","id":14,"pid":505471,"scope":"child","seconds":0.002168665,"shape_only":true,"stage":"boolean_algebra"}
{"counts":{"arithmetic":6997,"compressions":0,"equalities":3,"packing":0,"variables":7106},"event":"recursion_profile","id":14,"pid":505471,"scope":"child","seconds":0.00744352,"shape_only":true,"stage":"element_algebra"}
{"counts":{"arithmetic":2790,"compressions":0,"equalities":400,"packing":512,"variables":35814},"event":"recursion_profile","id":14,"pid":505471,"scope":"child","seconds":0.007901811,"shape_only":true,"stage":"opening_frontend"}
{"counts":{"arithmetic":251291,"compressions":0,"equalities":11108,"packing":0,"variables":251296},"event":"recursion_profile","id":14,"pid":505471,"scope":"child","seconds":0.05919467,"shape_only":true,"stage":"opening_multipoint"}
{"counts":{"arithmetic":139538,"compressions":6478,"equalities":18812,"packing":6794,"variables":398189},"event":"recursion_profile","id":14,"pid":505471,"scope":"child","seconds":0.120664877,"shape_only":true,"stage":"opening_inner"}
{"counts":{"arithmetic":0,"compressions":0,"equalities":0,"packing":0,"variables":0},"event":"recursion_profile","id":14,"pid":505471,"scope":"child","seconds":0.001916021,"shape_only":true,"stage":"application"}
{"counts":{"arithmetic":0,"compressions":0,"equalities":0,"packing":0,"variables":45096},"event":"recursion_profile","id":15,"pid":505471,"scope":"child","seconds":0.044640286,"shape_only":true,"stage":"statement_allocate"}
{"counts":{"arithmetic":0,"compressions":5627,"equalities":1681,"packing":2318,"variables":224820},"event":"recursion_profile","id":15,"pid":505471,"scope":"child","seconds":0.05912508,"shape_only":true,"stage":"transcript"}
{"counts":{"arithmetic":0,"compressions":11978,"equalities":51,"packing":0,"variables":47912},"event":"recursion_profile","id":15,"pid":505471,"scope":"child","seconds":0.00460286,"shape_only":true,"stage":"statement_bind"}
{"counts":{"arithmetic":297313,"compressions":0,"equalities":45073,"packing":0,"variables":297315},"event":"recursion_profile","id":15,"pid":505471,"scope":"child","seconds":0.482542597,"shape_only":true,"stage":"wiring"}
{"counts":{"arithmetic":10348,"compressions":0,"equalities":2,"packing":0,"variables":10528},"event":"recursion_profile","id":15,"pid":505471,"scope":"child","seconds":0.014635476,"shape_only":true,"stage":"boolean_algebra"}
{"counts":{"arithmetic":0,"compressions":0,"equalities":0,"packing":0,"variables":0},"event":"recursion_profile","id":15,"pid":505471,"scope":"child","seconds":0.038905198,"shape_only":true,"stage":"element_algebra"}
{"counts":{"arithmetic":11288,"compressions":0,"equalities":4645,"packing":512,"variables":44312},"event":"recursion_profile","id":15,"pid":505471,"scope":"child","seconds":0.043398493,"shape_only":true,"stage":"opening_frontend"}
{"counts":{"arithmetic":257846,"compressions":0,"equalities":148579,"packing":0,"variables":257849},"event":"recursion_profile","id":15,"pid":505471,"scope":"child","seconds":0.107255695,"shape_only":true,"stage":"opening_multipoint"}
{"counts":{"arithmetic":258389,"compressions":10850,"equalities":36452,"packing":10376,"variables":667037},"event":"recursion_profile","id":15,"pid":505471,"scope":"child","seconds":0.268541535,"shape_only":true,"stage":"opening_inner"}
{"counts":{"arithmetic":0,"compressions":0,"equalities":0,"packing":0,"variables":0},"event":"recursion_profile","id":15,"pid":505471,"scope":"child","seconds":0.000069751,"shape_only":true,"stage":"application"}
{"counts":{"arithmetic":1326037,"compressions":40260,"equalities":274906,"packing":22364,"variables":2575098},"event":"recursion_profile","id":13,"pid":505471,"scope":"node_graph","seconds":3.569350985,"shape_only":true,"stage":"children"}
{"counts":null,"event":"recursion_profile","id":12,"pid":505471,"scope":"node_compile","seconds":3.56943331,"shape_only":null,"stage":"children"}
{"counts":null,"event":"recursion_profile","id":12,"pid":505471,"scope":"node_compile","seconds":0.001913106,"shape_only":null,"stage":"fold_plan"}
{"counts":{"arithmetic":0,"compressions":0,"equalities":0,"packing":0,"variables":0},"event":"recursion_profile","id":16,"pid":505471,"scope":"fold","seconds":0.000040947,"shape_only":true,"stage":"native_sumchecks"}
{"counts":{"arithmetic":0,"compressions":25782,"equalities":11444,"packing":18081,"variables":1705926},"event":"recursion_profile","id":16,"pid":505471,"scope":"fold","seconds":0.464948231,"shape_only":true,"stage":"transcript"}
{"counts":{"arithmetic":311132,"compressions":0,"equalities":44431,"packing":0,"variables":311270},"event":"recursion_profile","id":16,"pid":505471,"scope":"fold","seconds":0.016916062,"shape_only":true,"stage":"algebra"}
{"counts":{"arithmetic":311132,"compressions":25782,"equalities":55875,"packing":18081,"variables":2017196},"event":"recursion_profile","id":13,"pid":505471,"scope":"node_graph","seconds":0.492696581,"shape_only":true,"stage":"folds"}
{"counts":null,"event":"recursion_profile","id":12,"pid":505471,"scope":"node_compile","seconds":0.490766815,"shape_only":null,"stage":"fold_graph"}
{"counts":null,"event":"recursion_profile","id":12,"pid":505471,"scope":"node_compile","seconds":0.745985622,"shape_only":null,"stage":"count"}
{"counts":null,"event":"recursion_profile","id":12,"pid":505471,"scope":"node_compile","seconds":3.4266218889999998,"shape_only":null,"stage":"shape"}
{"counts":null,"event":"recursion_profile","id":12,"pid":505471,"scope":"node_compile","seconds":1.48969099,"shape_only":null,"stage":"identity"}
{"class":"cslib-2048","event":"chain_setup","geometry":{"application_words":57,"arithmetic_operations":1637169,"blake3_compressions":66042,"children":[2,1],"dense_variables":32,"leaves":3,"packing_rows":40445,"root_advice_words":5722,"root_families":183,"row_variables":17,"variables":4592294},"identity":"cd6edcdbe427fc44005ee4d095a4fa1a27d6aa93c72312af65b46c0e976af625","leaves":3,"seconds":10.240847469}
{"counts":null,"event":"recursion_profile","id":17,"pid":505471,"scope":"node_prove","seconds":0.248404211,"shape_only":null,"stage":"replay_left"}
{"counts":null,"event":"recursion_profile","id":17,"pid":505471,"scope":"node_prove","seconds":0.746411785,"shape_only":null,"stage":"replay_right"}
{"counts":{"arithmetic":0,"compressions":0,"equalities":0,"packing":0,"variables":12249},"event":"recursion_profile","id":19,"pid":505471,"scope":"child","seconds":0.011772415,"shape_only":false,"stage":"statement_allocate"}
{"counts":{"arithmetic":0,"compressions":2073,"equalities":1463,"packing":1852,"variables":165796},"event":"recursion_profile","id":19,"pid":505471,"scope":"child","seconds":0.02317254,"shape_only":false,"stage":"transcript"}
{"counts":{"arithmetic":0,"compressions":3254,"equalities":8,"packing":0,"variables":13027},"event":"recursion_profile","id":19,"pid":505471,"scope":"child","seconds":0.001119624,"shape_only":false,"stage":"statement_bind"}
{"counts":{"arithmetic":87852,"compressions":0,"equalities":6596,"packing":0,"variables":94338},"event":"recursion_profile","id":19,"pid":505471,"scope":"child","seconds":0.136347501,"shape_only":false,"stage":"wiring"}
{"counts":{"arithmetic":2304,"compressions":0,"equalities":2,"packing":0,"variables":2306},"event":"recursion_profile","id":19,"pid":505471,"scope":"child","seconds":0.002120145,"shape_only":false,"stage":"boolean_algebra"}
{"counts":{"arithmetic":6997,"compressions":0,"equalities":3,"packing":0,"variables":7106},"event":"recursion_profile","id":19,"pid":505471,"scope":"child","seconds":0.010648152,"shape_only":false,"stage":"element_algebra"}
{"counts":{"arithmetic":2790,"compressions":0,"equalities":400,"packing":512,"variables":35814},"event":"recursion_profile","id":19,"pid":505471,"scope":"child","seconds":0.016236354,"shape_only":false,"stage":"opening_frontend"}
{"counts":{"arithmetic":251291,"compressions":0,"equalities":11108,"packing":0,"variables":251296},"event":"recursion_profile","id":19,"pid":505471,"scope":"child","seconds":0.062765982,"shape_only":false,"stage":"opening_multipoint"}
{"counts":{"arithmetic":139538,"compressions":6478,"equalities":18812,"packing":6794,"variables":398189},"event":"recursion_profile","id":19,"pid":505471,"scope":"child","seconds":0.159845403,"shape_only":false,"stage":"opening_inner"}
{"counts":{"arithmetic":0,"compressions":0,"equalities":0,"packing":0,"variables":0},"event":"recursion_profile","id":19,"pid":505471,"scope":"child","seconds":0.005176308,"shape_only":false,"stage":"application"}
{"counts":{"arithmetic":0,"compressions":0,"equalities":0,"packing":0,"variables":45096},"event":"recursion_profile","id":20,"pid":505471,"scope":"child","seconds":0.042395478,"shape_only":false,"stage":"statement_allocate"}
{"counts":{"arithmetic":0,"compressions":5627,"equalities":1681,"packing":2318,"variables":224820},"event":"recursion_profile","id":20,"pid":505471,"scope":"child","seconds":0.087963097,"shape_only":false,"stage":"transcript"}
{"counts":{"arithmetic":0,"compressions":11978,"equalities":51,"packing":0,"variables":47912},"event":"recursion_profile","id":20,"pid":505471,"scope":"child","seconds":0.004649018,"shape_only":false,"stage":"statement_bind"}
{"counts":{"arithmetic":297313,"compressions":0,"equalities":45073,"packing":0,"variables":297315},"event":"recursion_profile","id":20,"pid":505471,"scope":"child","seconds":0.548565723,"shape_only":false,"stage":"wiring"}
{"counts":{"arithmetic":10348,"compressions":0,"equalities":2,"packing":0,"variables":10528},"event":"recursion_profile","id":20,"pid":505471,"scope":"child","seconds":0.03397386,"shape_only":false,"stage":"boolean_algebra"}
{"counts":{"arithmetic":0,"compressions":0,"equalities":0,"packing":0,"variables":0},"event":"recursion_profile","id":20,"pid":505471,"scope":"child","seconds":0.131357954,"shape_only":false,"stage":"element_algebra"}
{"counts":{"arithmetic":11288,"compressions":0,"equalities":4645,"packing":512,"variables":44312},"event":"recursion_profile","id":20,"pid":505471,"scope":"child","seconds":0.138900059,"shape_only":false,"stage":"opening_frontend"}
{"counts":{"arithmetic":257846,"compressions":0,"equalities":148579,"packing":0,"variables":257849},"event":"recursion_profile","id":20,"pid":505471,"scope":"child","seconds":0.109967653,"shape_only":false,"stage":"opening_multipoint"}
{"counts":{"arithmetic":258389,"compressions":10850,"equalities":36452,"packing":10376,"variables":667037},"event":"recursion_profile","id":20,"pid":505471,"scope":"child","seconds":0.282054092,"shape_only":false,"stage":"opening_inner"}
{"counts":{"arithmetic":0,"compressions":0,"equalities":0,"packing":0,"variables":0},"event":"recursion_profile","id":20,"pid":505471,"scope":"child","seconds":0.000095119,"shape_only":false,"stage":"application"}
{"counts":{"arithmetic":1326037,"compressions":40260,"equalities":274906,"packing":22364,"variables":2575098},"event":"recursion_profile","id":18,"pid":505471,"scope":"node_graph","seconds":3.931896762,"shape_only":false,"stage":"children"}
{"counts":null,"event":"recursion_profile","id":17,"pid":505471,"scope":"node_prove","seconds":3.9319813,"shape_only":null,"stage":"children"}
{"counts":{"arithmetic":0,"compressions":0,"equalities":0,"packing":0,"variables":0},"event":"recursion_profile","id":21,"pid":505471,"scope":"fold","seconds":107.22017631,"shape_only":false,"stage":"native_sumchecks"}
{"counts":{"arithmetic":0,"compressions":25782,"equalities":11444,"packing":18081,"variables":1705926},"event":"recursion_profile","id":21,"pid":505471,"scope":"fold","seconds":0.455960361,"shape_only":false,"stage":"transcript"}
{"counts":{"arithmetic":311132,"compressions":0,"equalities":44431,"packing":0,"variables":311270},"event":"recursion_profile","id":21,"pid":505471,"scope":"fold","seconds":0.016762444,"shape_only":false,"stage":"algebra"}
{"counts":{"arithmetic":311132,"compressions":25782,"equalities":55875,"packing":18081,"variables":2017196},"event":"recursion_profile","id":18,"pid":505471,"scope":"node_graph","seconds":107.701288483,"shape_only":false,"stage":"folds"}
{"counts":null,"event":"recursion_profile","id":17,"pid":505471,"scope":"node_prove","seconds":107.701369625,"shape_only":null,"stage":"folds"}
{"counts":null,"event":"recursion_profile","id":17,"pid":505471,"scope":"node_prove","seconds":0.060206695,"shape_only":null,"stage":"check_advice"}
{"counts":null,"event":"recursion_profile","id":22,"pid":505471,"scope":"native_proof","seconds":0.719712498,"shape_only":null,"stage":"witness"}
{"counts":null,"event":"recursion_profile","id":22,"pid":505471,"scope":"native_proof","seconds":7.152464619,"shape_only":null,"stage":"flock_prove"}
{"counts":null,"event":"recursion_profile","id":17,"pid":505471,"scope":"node_prove","seconds":7.97427818,"shape_only":null,"stage":"native_proof"}
{"counts":null,"event":"recursion_profile","id":17,"pid":505471,"scope":"node_prove","seconds":0.000489049,"shape_only":null,"stage":"encode"}
{"counts":null,"event":"recursion_profile","id":23,"pid":505471,"scope":"node_verify","seconds":0.000735272,"shape_only":null,"stage":"decode"}
{"counts":null,"event":"recursion_profile","id":23,"pid":505471,"scope":"node_verify","seconds":0.081174312,"shape_only":null,"stage":"flock_verify"}
{"counts":null,"event":"recursion_profile","id":23,"pid":505471,"scope":"node_verify","seconds":19.840325972,"shape_only":null,"stage":"fixed_tables"}
{"bytes":404083,"class":"cslib-2048","event":"chain_proof","first_leaf":0,"geometry":{"application_words":57,"arithmetic_operations":1637169,"blake3_compressions":66042,"children":[2,1],"dense_variables":32,"leaves":3,"packing_rows":40445,"root_advice_words":5722,"root_families":183,"row_variables":17,"variables":4592294},"leaves":3,"seconds":140.586766023}

running 1 test
test execution_tree::tests::large_execution::execution_range_chain_proves_fresh ... ok

test result: ok. 1 passed; 0 failed; 0 ignored; 0 measured; 21 filtered out; finished in 171.11s

{"class":"cslib-2048","event":"chain_receiver_setup","geometry":{"application_words":57,"arithmetic_operations":1637169,"blake3_compressions":66042,"children":[2,1],"dense_variables":32,"leaves":3,"packing_rows":40445,"root_advice_words":5722,"root_families":183,"row_variables":17,"variables":4592294},"identity":"cd6edcdbe427fc44005ee4d095a4fa1a27d6aa93c72312af65b46c0e976af625","seconds":147.536504485}
{"bytes":404083,"class":"cslib-2048","event":"chain_receiver_accepted","seconds":19.987221534}
chain receiver rejected all 114 public-word mutations, truncation and trailing data

test execution_tree::tests::large_execution::execution_range_chain_proves_fresh ... ok

test result: ok. 1 passed; 0 failed; 0 ignored; 0 measured; 21 filtered out; finished in 619.45s
