     Locking 1 package to latest compatible version
      Adding multi-stark v0.1.0 (/tmp/multi-stark-gpu-trace-codegen)
   Compiling cfg-if v1.0.4
   Compiling either v1.15.0
   Compiling crossbeam-utils v0.8.21
   Compiling once_cell v1.21.4
   Compiling num-traits v0.2.19
   Compiling cpufeatures v0.3.0
   Compiling serde_core v1.0.228
   Compiling pin-project-lite v0.2.17
   Compiling rand_core v0.10.1
   Compiling scopeguard v1.2.0
   Compiling libc v0.2.186
   Compiling lock_api v0.4.14
   Compiling chacha20 v0.10.2
   Compiling itertools v0.15.0
   Compiling spin v0.12.3
   Compiling tracing-core v0.1.36
   Compiling rand v0.10.1
   Compiling crossbeam-epoch v0.9.20
   Compiling smallvec v1.15.1
   Compiling crossbeam-deque v0.8.6
   Compiling num-integer v0.1.46
   Compiling tracing v0.1.44
   Compiling parking_lot_core v0.9.12
   Compiling rayon-core v1.13.0
   Compiling blake3 v1.8.5
   Compiling num-bigint v0.5.1
   Compiling constant_time_eq v0.4.2
   Compiling arrayvec v0.7.6
   Compiling typenum v1.20.0
   Compiling arrayref v0.3.9
   Compiling num-bigint v0.4.6
   Compiling crunchy v0.2.4
   Compiling rayon v1.12.0
   Compiling generic-array v0.14.7
   Compiling equivalent v1.0.2
   Compiling log v0.4.29
   Compiling tiny-keccak v2.0.2
   Compiling serde v1.0.228
   Compiling memchr v2.8.0
   Compiling hashbrown v0.17.0
   Compiling regex-syntax v0.8.10
   Compiling crypto-common v0.1.7
   Compiling bignat v0.1.0 (https://github.com/argumentcomputer/lean-ffi.git?rev=93c7e52952ae94546be08313f4ff3922984c84d5#93c7e529)
   Compiling block-buffer v0.10.4
   Compiling lazy_static v1.5.0
   Compiling bitflags v2.11.1
   Compiling linux-raw-sys v0.12.1
   Compiling rustc-hash v2.1.2
   Compiling rustix v1.1.4
   Compiling sharded-slab v0.1.7
   Compiling thiserror v2.0.18
   Compiling digest v0.10.7
   Compiling libm v0.2.16
   Compiling tracing-log v0.2.0
   Compiling p3-maybe-rayon v0.6.0 (https://github.com/Plonky3/Plonky3?rev=3152b14a89067c83775a8076cc262ffc48a1fd7c#3152b14a)
   Compiling p3-util v0.6.0 (https://github.com/Plonky3/Plonky3?rev=3152b14a89067c83775a8076cc262ffc48a1fd7c#3152b14a)
   Compiling indexmap v2.14.0
   Compiling regex-automata v0.4.14
   Compiling p3-field v0.6.0 (https://github.com/Plonky3/Plonky3?rev=3152b14a89067c83775a8076cc262ffc48a1fd7c#3152b14a)
   Compiling itertools v0.14.0
   Compiling thread_local v1.1.9
   Compiling p3-matrix v0.6.0 (https://github.com/Plonky3/Plonky3?rev=3152b14a89067c83775a8076cc262ffc48a1fd7c#3152b14a)
   Compiling p3-symmetric v0.6.0 (https://github.com/Plonky3/Plonky3?rev=3152b14a89067c83775a8076cc262ffc48a1fd7c#3152b14a)
   Compiling nu-ansi-term v0.50.3
   Compiling hashbrown v0.14.5
   Compiling p3-dft v0.6.0 (https://github.com/Plonky3/Plonky3?rev=3152b14a89067c83775a8076cc262ffc48a1fd7c#3152b14a)
   Compiling p3-multilinear-util v0.6.0 (https://github.com/Plonky3/Plonky3?rev=3152b14a89067c83775a8076cc262ffc48a1fd7c#3152b14a)
   Compiling matchers v0.2.0
   Compiling p3-air v0.6.0 (https://github.com/Plonky3/Plonky3?rev=3152b14a89067c83775a8076cc262ffc48a1fd7c#3152b14a)
   Compiling cpufeatures v0.2.17
   Compiling minimal-lexical v0.2.1
   Compiling dashmap v6.1.0
   Compiling nom v7.1.3
   Compiling p3-mds v0.6.0 (https://github.com/Plonky3/Plonky3?rev=3152b14a89067c83775a8076cc262ffc48a1fd7c#3152b14a)
   Compiling p3-poseidon2 v0.6.0 (https://github.com/Plonky3/Plonky3?rev=3152b14a89067c83775a8076cc262ffc48a1fd7c#3152b14a)
   Compiling p3-commit v0.6.0 (https://github.com/Plonky3/Plonky3?rev=3152b14a89067c83775a8076cc262ffc48a1fd7c#3152b14a)
   Compiling p3-poseidon1 v0.6.0 (https://github.com/Plonky3/Plonky3?rev=3152b14a89067c83775a8076cc262ffc48a1fd7c#3152b14a)
   Compiling p3-security v0.6.0 (https://github.com/Plonky3/Plonky3?rev=3152b14a89067c83775a8076cc262ffc48a1fd7c#3152b14a)
   Compiling sha2 v0.10.9
   Compiling tracing-subscriber v0.3.23
   Compiling p3-challenger v0.6.0 (https://github.com/Plonky3/Plonky3?rev=3152b14a89067c83775a8076cc262ffc48a1fd7c#3152b14a)
   Compiling ix-common v0.1.0 (/tmp/ix-gpu-trace-codegen/crates/common)
   Compiling terminal_size v0.4.4
   Compiling parking_lot v0.12.5
   Compiling memmap2 v0.9.11
   Compiling unty v0.0.4
   Compiling bincode v2.0.1
   Compiling p3-fri v0.6.0 (https://github.com/Plonky3/Plonky3?rev=3152b14a89067c83775a8076cc262ffc48a1fd7c#3152b14a)
   Compiling tracing-texray v0.2.0 (https://github.com/argumentcomputer/tracing-texray?rev=fedd785ba02f16042f041fb8b0db9014955c6460#fedd785b)
   Compiling ixon v0.1.0 (/tmp/ix-gpu-trace-codegen/crates/ixon)
   Compiling p3-merkle-tree v0.6.0 (https://github.com/Plonky3/Plonky3?rev=3152b14a89067c83775a8076cc262ffc48a1fd7c#3152b14a)
   Compiling aiur v0.1.0 (/tmp/ix-gpu-trace-codegen/crates/aiur)
   Compiling p3-goldilocks v0.6.0 (https://github.com/Plonky3/Plonky3?rev=3152b14a89067c83775a8076cc262ffc48a1fd7c#3152b14a)
   Compiling p3-keccak v0.6.0 (https://github.com/Plonky3/Plonky3?rev=3152b14a89067c83775a8076cc262ffc48a1fd7c#3152b14a)
   Compiling p3-blake3 v0.6.0 (https://github.com/Plonky3/Plonky3?rev=3152b14a89067c83775a8076cc262ffc48a1fd7c#3152b14a)
   Compiling foldhash v0.1.5
   Compiling allocator-api2 v0.2.21
   Compiling multi-stark v0.1.0 (/tmp/multi-stark-gpu-trace-codegen)
   Compiling zmij v1.0.21
   Compiling hashbrown v0.15.5
   Compiling psm v0.1.31
   Compiling itoa v1.0.18
   Compiling serde_json v1.0.149
   Compiling stacker v0.1.24
   Compiling libmimalloc-sys v0.1.49 (https://github.com/argumentcomputer/mimalloc_rust.git?rev=616cc1f130d9ea2a1111a46b4e98c140e078f882#616cc1f1)
   Compiling anyhow v1.0.103
   Compiling ix-kernel v0.1.0 (/tmp/ix-gpu-trace-codegen/crates/kernel)
   Compiling ix-bench v0.1.0 (/tmp/ix-gpu-trace-codegen/crates/bench)
   Compiling mimalloc v0.1.52 (https://github.com/argumentcomputer/mimalloc_rust.git?rev=616cc1f130d9ea2a1111a46b4e98c140e078f882#616cc1f1)
   Compiling lean-ffi v0.1.0 (https://github.com/argumentcomputer/lean-ffi.git?rev=93c7e52952ae94546be08313f4ff3922984c84d5#93c7e529)
   Compiling ix-compile v0.1.0 (/tmp/ix-gpu-trace-codegen/crates/compile)
   Compiling ixvm-codegen v0.1.0 (/tmp/ix-gpu-trace-codegen/crates/ixvm-codegen)
   Compiling ix-ffi v0.1.0 (/tmp/ix-gpu-trace-codegen/crates/ffi)
    Finished `release` profile [optimized] target(s) in 2m 35s
